Mar 12 07:51:43 fedora kernel: Linux version 6.3.0-0.rc1.20230310git44889ba56cbb.19.fc39.x86_64 (mockbuild@c33a3ed1fa004ae9b913383ef148c2bb) (gcc (GCC) 13.0.1 20230304 (Red Hat 13.0.1-0), GNU ld version 2.40-5.fc39) #1 SMP PREEMPT_DYNAMIC Fri Mar 10 17:01:40 UTC 2023
Mar 12 07:51:43 fedora kernel: Command line: inst.method=https://kojipkgs.fedoraproject.org/compose/rawhide/Fedora-Rawhide-20230312.n.0/compose/Everything/x86_64/os/ inst.ks=file:/ks.cfg
Mar 12 07:51:43 fedora kernel: x86/fpu: Supporting XSAVE feature 0x001: 'x87 floating point registers'
Mar 12 07:51:43 fedora kernel: x86/fpu: Supporting XSAVE feature 0x002: 'SSE registers'
Mar 12 07:51:43 fedora kernel: x86/fpu: Supporting XSAVE feature 0x004: 'AVX registers'
Mar 12 07:51:43 fedora kernel: x86/fpu: Supporting XSAVE feature 0x020: 'AVX-512 opmask'
Mar 12 07:51:43 fedora kernel: x86/fpu: Supporting XSAVE feature 0x040: 'AVX-512 Hi256'
Mar 12 07:51:43 fedora kernel: x86/fpu: Supporting XSAVE feature 0x080: 'AVX-512 ZMM_Hi256'
Mar 12 07:51:43 fedora kernel: x86/fpu: Supporting XSAVE feature 0x200: 'Protection Keys User registers'
Mar 12 07:51:43 fedora kernel: x86/fpu: xstate_offset[2]:  576, xstate_sizes[2]:  256
Mar 12 07:51:43 fedora kernel: x86/fpu: xstate_offset[5]:  832, xstate_sizes[5]:   64
Mar 12 07:51:43 fedora kernel: x86/fpu: xstate_offset[6]:  896, xstate_sizes[6]:  512
Mar 12 07:51:43 fedora kernel: x86/fpu: xstate_offset[7]: 1408, xstate_sizes[7]: 1024
Mar 12 07:51:43 fedora kernel: x86/fpu: xstate_offset[9]: 2432, xstate_sizes[9]:    8
Mar 12 07:51:43 fedora kernel: x86/fpu: Enabled xstate features 0x2e7, context size is 2440 bytes, using 'compacted' format.
Mar 12 07:51:43 fedora kernel: signal: max sigframe size: 3632
Mar 12 07:51:43 fedora kernel: BIOS-provided physical RAM map:
Mar 12 07:51:43 fedora kernel: BIOS-e820: [mem 0x0000000000000000-0x000000000009fbff] usable
Mar 12 07:51:43 fedora kernel: BIOS-e820: [mem 0x000000000009fc00-0x000000000009ffff] reserved
Mar 12 07:51:43 fedora kernel: BIOS-e820: [mem 0x00000000000f0000-0x00000000000fffff] reserved
Mar 12 07:51:43 fedora kernel: BIOS-e820: [mem 0x0000000000100000-0x00000000bffdafff] usable
Mar 12 07:51:43 fedora kernel: BIOS-e820: [mem 0x00000000bffdb000-0x00000000bfffffff] reserved
Mar 12 07:51:43 fedora kernel: BIOS-e820: [mem 0x00000000feffc000-0x00000000feffffff] reserved
Mar 12 07:51:43 fedora kernel: BIOS-e820: [mem 0x00000000fffc0000-0x00000000ffffffff] reserved
Mar 12 07:51:43 fedora kernel: BIOS-e820: [mem 0x0000000100000000-0x000000013fffffff] usable
Mar 12 07:51:43 fedora kernel: NX (Execute Disable) protection: active
Mar 12 07:51:43 fedora kernel: SMBIOS 2.8 present.
Mar 12 07:51:43 fedora kernel: DMI: QEMU Standard PC (i440FX + PIIX, 1996), BIOS 1.16.1-2.fc37 04/01/2014
Mar 12 07:51:43 fedora kernel: Hypervisor detected: KVM
Mar 12 07:51:43 fedora kernel: kvm-clock: Using msrs 4b564d01 and 4b564d00
Mar 12 07:51:43 fedora kernel: kvm-clock: using sched offset of 7309725371 cycles
Mar 12 07:51:43 fedora kernel: clocksource: kvm-clock: mask: 0xffffffffffffffff max_cycles: 0x1cd42e4dffb, max_idle_ns: 881590591483 ns
Mar 12 07:51:43 fedora kernel: tsc: Detected 2095.030 MHz processor
Mar 12 07:51:43 fedora kernel: e820: update [mem 0x00000000-0x00000fff] usable ==> reserved
Mar 12 07:51:43 fedora kernel: e820: remove [mem 0x000a0000-0x000fffff] usable
Mar 12 07:51:43 fedora kernel: last_pfn = 0x140000 max_arch_pfn = 0x400000000
Mar 12 07:51:43 fedora kernel: x86/PAT: Configuration [0-7]: WB  WC  UC- UC  WB  WP  UC- WT  
Mar 12 07:51:43 fedora kernel: last_pfn = 0xbffdb max_arch_pfn = 0x400000000
Mar 12 07:51:43 fedora kernel: found SMP MP-table at [mem 0x000f5b50-0x000f5b5f]
Mar 12 07:51:43 fedora kernel: Using GB pages for direct mapping
Mar 12 07:51:43 fedora kernel: RAMDISK: [mem 0xb9815000-0xbffcffff]
Mar 12 07:51:43 fedora kernel: ACPI: Early table checksum verification disabled
Mar 12 07:51:43 fedora kernel: ACPI: RSDP 0x00000000000F5B10 000014 (v00 BOCHS )
Mar 12 07:51:43 fedora kernel: ACPI: RSDT 0x00000000BFFE1786 000034 (v01 BOCHS  BXPC     00000001 BXPC 00000001)
Mar 12 07:51:43 fedora kernel: ACPI: FACP 0x00000000BFFE1622 000074 (v01 BOCHS  BXPC     00000001 BXPC 00000001)
Mar 12 07:51:43 fedora kernel: ACPI: DSDT 0x00000000BFFDFDC0 001862 (v01 BOCHS  BXPC     00000001 BXPC 00000001)
Mar 12 07:51:43 fedora kernel: ACPI: FACS 0x00000000BFFDFD80 000040
Mar 12 07:51:43 fedora kernel: ACPI: APIC 0x00000000BFFE1696 000090 (v01 BOCHS  BXPC     00000001 BXPC 00000001)
Mar 12 07:51:43 fedora kernel: ACPI: HPET 0x00000000BFFE1726 000038 (v01 BOCHS  BXPC     00000001 BXPC 00000001)
Mar 12 07:51:43 fedora kernel: ACPI: WAET 0x00000000BFFE175E 000028 (v01 BOCHS  BXPC     00000001 BXPC 00000001)
Mar 12 07:51:43 fedora kernel: ACPI: Reserving FACP table memory at [mem 0xbffe1622-0xbffe1695]
Mar 12 07:51:43 fedora kernel: ACPI: Reserving DSDT table memory at [mem 0xbffdfdc0-0xbffe1621]
Mar 12 07:51:43 fedora kernel: ACPI: Reserving FACS table memory at [mem 0xbffdfd80-0xbffdfdbf]
Mar 12 07:51:43 fedora kernel: ACPI: Reserving APIC table memory at [mem 0xbffe1696-0xbffe1725]
Mar 12 07:51:43 fedora kernel: ACPI: Reserving HPET table memory at [mem 0xbffe1726-0xbffe175d]
Mar 12 07:51:43 fedora kernel: ACPI: Reserving WAET table memory at [mem 0xbffe175e-0xbffe1785]
Mar 12 07:51:43 fedora kernel: No NUMA configuration found
Mar 12 07:51:43 fedora kernel: Faking a node at [mem 0x0000000000000000-0x000000013fffffff]
Mar 12 07:51:43 fedora kernel: NODE_DATA(0) allocated [mem 0x13ffd3000-0x13fffdfff]
Mar 12 07:51:43 fedora kernel: Zone ranges:
Mar 12 07:51:43 fedora kernel:   DMA      [mem 0x0000000000001000-0x0000000000ffffff]
Mar 12 07:51:43 fedora kernel:   DMA32    [mem 0x0000000001000000-0x00000000ffffffff]
Mar 12 07:51:43 fedora kernel:   Normal   [mem 0x0000000100000000-0x000000013fffffff]
Mar 12 07:51:43 fedora kernel:   Device   empty
Mar 12 07:51:43 fedora kernel: Movable zone start for each node
Mar 12 07:51:43 fedora kernel: Early memory node ranges
Mar 12 07:51:43 fedora kernel:   node   0: [mem 0x0000000000001000-0x000000000009efff]
Mar 12 07:51:43 fedora kernel:   node   0: [mem 0x0000000000100000-0x00000000bffdafff]
Mar 12 07:51:43 fedora kernel:   node   0: [mem 0x0000000100000000-0x000000013fffffff]
Mar 12 07:51:43 fedora kernel: Initmem setup node 0 [mem 0x0000000000001000-0x000000013fffffff]
Mar 12 07:51:43 fedora kernel: On node 0, zone DMA: 1 pages in unavailable ranges
Mar 12 07:51:43 fedora kernel: On node 0, zone DMA: 97 pages in unavailable ranges
Mar 12 07:51:43 fedora kernel: On node 0, zone Normal: 37 pages in unavailable ranges
Mar 12 07:51:43 fedora kernel: ACPI: PM-Timer IO Port: 0x608
Mar 12 07:51:43 fedora kernel: ACPI: LAPIC_NMI (acpi_id[0xff] dfl dfl lint[0x1])
Mar 12 07:51:43 fedora kernel: IOAPIC[0]: apic_id 0, version 17, address 0xfec00000, GSI 0-23
Mar 12 07:51:43 fedora kernel: ACPI: INT_SRC_OVR (bus 0 bus_irq 0 global_irq 2 dfl dfl)
Mar 12 07:51:43 fedora kernel: ACPI: INT_SRC_OVR (bus 0 bus_irq 5 global_irq 5 high level)
Mar 12 07:51:43 fedora kernel: ACPI: INT_SRC_OVR (bus 0 bus_irq 9 global_irq 9 high level)
Mar 12 07:51:43 fedora kernel: ACPI: INT_SRC_OVR (bus 0 bus_irq 10 global_irq 10 high level)
Mar 12 07:51:43 fedora kernel: ACPI: INT_SRC_OVR (bus 0 bus_irq 11 global_irq 11 high level)
Mar 12 07:51:43 fedora kernel: ACPI: Using ACPI (MADT) for SMP configuration information
Mar 12 07:51:43 fedora kernel: ACPI: HPET id: 0x8086a201 base: 0xfed00000
Mar 12 07:51:43 fedora kernel: TSC deadline timer available
Mar 12 07:51:43 fedora kernel: smpboot: Allowing 4 CPUs, 0 hotplug CPUs
Mar 12 07:51:43 fedora kernel: kvm-guest: KVM setup pv remote TLB flush
Mar 12 07:51:43 fedora kernel: kvm-guest: setup PV sched yield
Mar 12 07:51:43 fedora kernel: PM: hibernation: Registered nosave memory: [mem 0x00000000-0x00000fff]
Mar 12 07:51:43 fedora kernel: PM: hibernation: Registered nosave memory: [mem 0x0009f000-0x0009ffff]
Mar 12 07:51:43 fedora kernel: PM: hibernation: Registered nosave memory: [mem 0x000a0000-0x000effff]
Mar 12 07:51:43 fedora kernel: PM: hibernation: Registered nosave memory: [mem 0x000f0000-0x000fffff]
Mar 12 07:51:43 fedora kernel: PM: hibernation: Registered nosave memory: [mem 0xbffdb000-0xbfffffff]
Mar 12 07:51:43 fedora kernel: PM: hibernation: Registered nosave memory: [mem 0xc0000000-0xfeffbfff]
Mar 12 07:51:43 fedora kernel: PM: hibernation: Registered nosave memory: [mem 0xfeffc000-0xfeffffff]
Mar 12 07:51:43 fedora kernel: PM: hibernation: Registered nosave memory: [mem 0xff000000-0xfffbffff]
Mar 12 07:51:43 fedora kernel: PM: hibernation: Registered nosave memory: [mem 0xfffc0000-0xffffffff]
Mar 12 07:51:43 fedora kernel: [mem 0xc0000000-0xfeffbfff] available for PCI devices
Mar 12 07:51:43 fedora kernel: Booting paravirtualized kernel on KVM
Mar 12 07:51:43 fedora kernel: clocksource: refined-jiffies: mask: 0xffffffff max_cycles: 0xffffffff, max_idle_ns: 1910969940391419 ns
Mar 12 07:51:43 fedora kernel: setup_percpu: NR_CPUS:8192 nr_cpumask_bits:4 nr_cpu_ids:4 nr_node_ids:1
Mar 12 07:51:43 fedora kernel: percpu: Embedded 63 pages/cpu s221184 r8192 d28672 u524288
Mar 12 07:51:43 fedora kernel: pcpu-alloc: s221184 r8192 d28672 u524288 alloc=1*2097152
Mar 12 07:51:43 fedora kernel: pcpu-alloc: [0] 0 1 2 3 
Mar 12 07:51:43 fedora kernel: kvm-guest: PV spinlocks enabled
Mar 12 07:51:43 fedora kernel: PV qspinlock hash table entries: 256 (order: 0, 4096 bytes, linear)
Mar 12 07:51:43 fedora kernel: Fallback order for Node 0: 0 
Mar 12 07:51:43 fedora kernel: Built 1 zonelists, mobility grouping on.  Total pages: 1031899
Mar 12 07:51:43 fedora kernel: Policy zone: Normal
Mar 12 07:51:43 fedora kernel: Kernel command line: inst.method=https://kojipkgs.fedoraproject.org/compose/rawhide/Fedora-Rawhide-20230312.n.0/compose/Everything/x86_64/os/ inst.ks=file:/ks.cfg
Mar 12 07:51:43 fedora kernel: random: crng init done
Mar 12 07:51:43 fedora kernel: Dentry cache hash table entries: 524288 (order: 10, 4194304 bytes, linear)
Mar 12 07:51:43 fedora kernel: Inode-cache hash table entries: 262144 (order: 9, 2097152 bytes, linear)
Mar 12 07:51:43 fedora kernel: mem auto-init: stack:all(zero), heap alloc:off, heap free:off
Mar 12 07:51:43 fedora kernel: software IO TLB: area num 4.
Mar 12 07:51:43 fedora kernel: Memory: 3881780K/4193764K available (18432K kernel code, 3245K rwdata, 14120K rodata, 4404K init, 17484K bss, 311724K reserved, 0K cma-reserved)
Mar 12 07:51:43 fedora kernel: SLUB: HWalign=64, Order=0-3, MinObjects=0, CPUs=4, Nodes=1
Mar 12 07:51:43 fedora kernel: ftrace: allocating 51897 entries in 203 pages
Mar 12 07:51:43 fedora kernel: ftrace: allocated 203 pages with 5 groups
Mar 12 07:51:43 fedora kernel: Dynamic Preempt: voluntary
Mar 12 07:51:43 fedora kernel: rcu: Preemptible hierarchical RCU implementation.
Mar 12 07:51:43 fedora kernel: rcu:         RCU restricting CPUs from NR_CPUS=8192 to nr_cpu_ids=4.
Mar 12 07:51:43 fedora kernel:         Trampoline variant of Tasks RCU enabled.
Mar 12 07:51:43 fedora kernel:         Rude variant of Tasks RCU enabled.
Mar 12 07:51:43 fedora kernel:         Tracing variant of Tasks RCU enabled.
Mar 12 07:51:43 fedora kernel: rcu: RCU calculated value of scheduler-enlistment delay is 100 jiffies.
Mar 12 07:51:43 fedora kernel: rcu: Adjusting geometry for rcu_fanout_leaf=16, nr_cpu_ids=4
Mar 12 07:51:43 fedora kernel: NR_IRQS: 524544, nr_irqs: 456, preallocated irqs: 16
Mar 12 07:51:43 fedora kernel: rcu: srcu_init: Setting srcu_struct sizes based on contention.
Mar 12 07:51:43 fedora kernel: kfence: initialized - using 2097152 bytes for 255 objects at 0x(____ptrval____)-0x(____ptrval____)
Mar 12 07:51:43 fedora kernel: Console: colour VGA+ 80x25
Mar 12 07:51:43 fedora kernel: printk: console [tty0] enabled
Mar 12 07:51:43 fedora kernel: ACPI: Core revision 20221020
Mar 12 07:51:43 fedora kernel: clocksource: hpet: mask: 0xffffffff max_cycles: 0xffffffff, max_idle_ns: 19112604467 ns
Mar 12 07:51:43 fedora kernel: APIC: Switch to symmetric I/O mode setup
Mar 12 07:51:43 fedora kernel: x2apic enabled
Mar 12 07:51:43 fedora kernel: Switched APIC routing to physical x2apic.
Mar 12 07:51:43 fedora kernel: kvm-guest: setup PV IPIs
Mar 12 07:51:43 fedora kernel: ..TIMER: vector=0x30 apic1=0 pin1=2 apic2=-1 pin2=-1
Mar 12 07:51:43 fedora kernel: clocksource: tsc-early: mask: 0xffffffffffffffff max_cycles: 0x1e32d986f48, max_idle_ns: 440795238900 ns
Mar 12 07:51:43 fedora kernel: Calibrating delay loop (skipped) preset value.. 4190.06 BogoMIPS (lpj=2095030)
Mar 12 07:51:43 fedora kernel: pid_max: default: 32768 minimum: 301
Mar 12 07:51:43 fedora kernel: LSM: initializing lsm=lockdown,capability,yama,integrity,selinux,bpf,landlock
Mar 12 07:51:43 fedora kernel: Yama: becoming mindful.
Mar 12 07:51:43 fedora kernel: SELinux:  Initializing.
Mar 12 07:51:43 fedora kernel: LSM support for eBPF active
Mar 12 07:51:43 fedora kernel: landlock: Up and running.
Mar 12 07:51:43 fedora kernel: Mount-cache hash table entries: 8192 (order: 4, 65536 bytes, linear)
Mar 12 07:51:43 fedora kernel: Mountpoint-cache hash table entries: 8192 (order: 4, 65536 bytes, linear)
Mar 12 07:51:43 fedora kernel: x86/cpu: User Mode Instruction Prevention (UMIP) activated
Mar 12 07:51:43 fedora kernel: Last level iTLB entries: 4KB 0, 2MB 0, 4MB 0
Mar 12 07:51:43 fedora kernel: Last level dTLB entries: 4KB 0, 2MB 0, 4MB 0, 1GB 0
Mar 12 07:51:43 fedora kernel: Spectre V1 : Mitigation: usercopy/swapgs barriers and __user pointer sanitization
Mar 12 07:51:43 fedora kernel: Spectre V2 : Mitigation: Enhanced / Automatic IBRS
Mar 12 07:51:43 fedora kernel: Spectre V2 : Spectre v2 / SpectreRSB mitigation: Filling RSB on context switch
Mar 12 07:51:43 fedora kernel: Spectre V2 : Spectre v2 / PBRSB-eIBRS: Retire a single CALL on VMEXIT
Mar 12 07:51:43 fedora kernel: RETBleed: Mitigation: Enhanced IBRS
Mar 12 07:51:43 fedora kernel: Spectre V2 : mitigation: Enabling conditional Indirect Branch Prediction Barrier
Mar 12 07:51:43 fedora kernel: Speculative Store Bypass: Mitigation: Speculative Store Bypass disabled via prctl
Mar 12 07:51:43 fedora kernel: TAA: Mitigation: TSX disabled
Mar 12 07:51:43 fedora kernel: MMIO Stale Data: Vulnerable: Clear CPU buffers attempted, no microcode
Mar 12 07:51:43 fedora kernel: Freeing SMP alternatives memory: 44K
Mar 12 07:51:43 fedora kernel: smpboot: CPU0: Intel Xeon Processor (Cascadelake) (family: 0x6, model: 0x55, stepping: 0x6)
Mar 12 07:51:43 fedora kernel: cblist_init_generic: Setting adjustable number of callback queues.
Mar 12 07:51:43 fedora kernel: cblist_init_generic: Setting shift to 2 and lim to 1.
Mar 12 07:51:43 fedora kernel: cblist_init_generic: Setting shift to 2 and lim to 1.
Mar 12 07:51:43 fedora kernel: cblist_init_generic: Setting shift to 2 and lim to 1.
Mar 12 07:51:43 fedora kernel: Performance Events: unsupported p6 CPU model 85 no PMU driver, software events only.
Mar 12 07:51:43 fedora kernel: rcu: Hierarchical SRCU implementation.
Mar 12 07:51:43 fedora kernel: rcu:         Max phase no-delay instances is 400.
Mar 12 07:51:43 fedora kernel: NMI watchdog: Perf NMI watchdog permanently disabled
Mar 12 07:51:43 fedora kernel: smp: Bringing up secondary CPUs ...
Mar 12 07:51:43 fedora kernel: x86: Booting SMP configuration:
Mar 12 07:51:43 fedora kernel: .... node  #0, CPUs:      #1
Mar 12 07:51:43 fedora kernel: smpboot: CPU 1 Converting physical 0 to logical die 1
Mar 12 07:51:43 fedora kernel:  #2
Mar 12 07:51:43 fedora kernel: smpboot: CPU 2 Converting physical 0 to logical die 2
Mar 12 07:51:43 fedora kernel:  #3
Mar 12 07:51:43 fedora kernel: smpboot: CPU 3 Converting physical 0 to logical die 3
Mar 12 07:51:43 fedora kernel: smp: Brought up 1 node, 4 CPUs
Mar 12 07:51:43 fedora kernel: smpboot: Max logical packages: 4
Mar 12 07:51:43 fedora kernel: smpboot: Total of 4 processors activated (16760.24 BogoMIPS)
Mar 12 07:51:43 fedora kernel: devtmpfs: initialized
Mar 12 07:51:43 fedora kernel: x86/mm: Memory block size: 128MB
Mar 12 07:51:43 fedora kernel: clocksource: jiffies: mask: 0xffffffff max_cycles: 0xffffffff, max_idle_ns: 1911260446275000 ns
Mar 12 07:51:43 fedora kernel: futex hash table entries: 1024 (order: 4, 65536 bytes, linear)
Mar 12 07:51:43 fedora kernel: pinctrl core: initialized pinctrl subsystem
Mar 12 07:51:43 fedora kernel: PM: RTC time: 07:51:33, date: 2023-03-12
Mar 12 07:51:43 fedora kernel: NET: Registered PF_NETLINK/PF_ROUTE protocol family
Mar 12 07:51:43 fedora kernel: DMA: preallocated 512 KiB GFP_KERNEL pool for atomic allocations
Mar 12 07:51:43 fedora kernel: DMA: preallocated 512 KiB GFP_KERNEL|GFP_DMA pool for atomic allocations
Mar 12 07:51:43 fedora kernel: DMA: preallocated 512 KiB GFP_KERNEL|GFP_DMA32 pool for atomic allocations
Mar 12 07:51:43 fedora kernel: audit: initializing netlink subsys (disabled)
Mar 12 07:51:43 fedora kernel: audit: type=2000 audit(1678607493.701:1): state=initialized audit_enabled=0 res=1
Mar 12 07:51:43 fedora kernel: thermal_sys: Registered thermal governor 'fair_share'
Mar 12 07:51:43 fedora kernel: thermal_sys: Registered thermal governor 'bang_bang'
Mar 12 07:51:43 fedora kernel: thermal_sys: Registered thermal governor 'step_wise'
Mar 12 07:51:43 fedora kernel: thermal_sys: Registered thermal governor 'user_space'
Mar 12 07:51:43 fedora kernel: cpuidle: using governor menu
Mar 12 07:51:43 fedora kernel: acpiphp: ACPI Hot Plug PCI Controller Driver version: 0.5
Mar 12 07:51:43 fedora kernel: PCI: Using configuration type 1 for base access
Mar 12 07:51:43 fedora kernel: kprobes: kprobe jump-optimization is enabled. All kprobes are optimized if possible.
Mar 12 07:51:43 fedora kernel: HugeTLB: registered 1.00 GiB page size, pre-allocated 0 pages
Mar 12 07:51:43 fedora kernel: HugeTLB: 16380 KiB vmemmap can be freed for a 1.00 GiB page
Mar 12 07:51:43 fedora kernel: HugeTLB: registered 2.00 MiB page size, pre-allocated 0 pages
Mar 12 07:51:43 fedora kernel: HugeTLB: 28 KiB vmemmap can be freed for a 2.00 MiB page
Mar 12 07:51:43 fedora kernel: cryptd: max_cpu_qlen set to 1000
Mar 12 07:51:43 fedora kernel: raid6: skipped pq benchmark and selected avx512x4
Mar 12 07:51:43 fedora kernel: raid6: using avx512x2 recovery algorithm
Mar 12 07:51:43 fedora kernel: ACPI: Added _OSI(Module Device)
Mar 12 07:51:43 fedora kernel: ACPI: Added _OSI(Processor Device)
Mar 12 07:51:43 fedora kernel: ACPI: Added _OSI(3.0 _SCP Extensions)
Mar 12 07:51:43 fedora kernel: ACPI: Added _OSI(Processor Aggregator Device)
Mar 12 07:51:43 fedora kernel: ACPI: 1 ACPI AML tables successfully acquired and loaded
Mar 12 07:51:43 fedora kernel: ACPI: Interpreter enabled
Mar 12 07:51:43 fedora kernel: ACPI: PM: (supports S0 S3 S4 S5)
Mar 12 07:51:43 fedora kernel: ACPI: Using IOAPIC for interrupt routing
Mar 12 07:51:43 fedora kernel: PCI: Using host bridge windows from ACPI; if necessary, use "pci=nocrs" and report a bug
Mar 12 07:51:43 fedora kernel: PCI: Using E820 reservations for host bridge windows
Mar 12 07:51:43 fedora kernel: ACPI: Enabled 2 GPEs in block 00 to 0F
Mar 12 07:51:43 fedora kernel: ACPI: PCI Root Bridge [PCI0] (domain 0000 [bus 00-ff])
Mar 12 07:51:43 fedora kernel: acpi PNP0A03:00: _OSC: OS supports [ASPM ClockPM Segments MSI EDR HPX-Type3]
Mar 12 07:51:43 fedora kernel: acpi PNP0A03:00: _OSC: not requesting OS control; OS requires [ExtendedConfig ASPM ClockPM MSI]
Mar 12 07:51:43 fedora kernel: acpi PNP0A03:00: fail to add MMCONFIG information, can't access extended configuration space under this bridge
Mar 12 07:51:43 fedora kernel: acpiphp: Slot [3] registered
Mar 12 07:51:43 fedora kernel: acpiphp: Slot [4] registered
Mar 12 07:51:43 fedora kernel: acpiphp: Slot [5] registered
Mar 12 07:51:43 fedora kernel: acpiphp: Slot [6] registered
Mar 12 07:51:43 fedora kernel: acpiphp: Slot [7] registered
Mar 12 07:51:43 fedora kernel: acpiphp: Slot [8] registered
Mar 12 07:51:43 fedora kernel: acpiphp: Slot [9] registered
Mar 12 07:51:43 fedora kernel: acpiphp: Slot [10] registered
Mar 12 07:51:43 fedora kernel: acpiphp: Slot [11] registered
Mar 12 07:51:43 fedora kernel: acpiphp: Slot [12] registered
Mar 12 07:51:43 fedora kernel: acpiphp: Slot [13] registered
Mar 12 07:51:43 fedora kernel: acpiphp: Slot [14] registered
Mar 12 07:51:43 fedora kernel: acpiphp: Slot [15] registered
Mar 12 07:51:43 fedora kernel: acpiphp: Slot [16] registered
Mar 12 07:51:43 fedora kernel: acpiphp: Slot [17] registered
Mar 12 07:51:43 fedora kernel: acpiphp: Slot [18] registered
Mar 12 07:51:43 fedora kernel: acpiphp: Slot [19] registered
Mar 12 07:51:43 fedora kernel: acpiphp: Slot [20] registered
Mar 12 07:51:43 fedora kernel: acpiphp: Slot [21] registered
Mar 12 07:51:43 fedora kernel: acpiphp: Slot [22] registered
Mar 12 07:51:43 fedora kernel: acpiphp: Slot [23] registered
Mar 12 07:51:43 fedora kernel: acpiphp: Slot [24] registered
Mar 12 07:51:43 fedora kernel: acpiphp: Slot [25] registered
Mar 12 07:51:43 fedora kernel: acpiphp: Slot [26] registered
Mar 12 07:51:43 fedora kernel: acpiphp: Slot [27] registered
Mar 12 07:51:43 fedora kernel: acpiphp: Slot [28] registered
Mar 12 07:51:43 fedora kernel: acpiphp: Slot [29] registered
Mar 12 07:51:43 fedora kernel: acpiphp: Slot [30] registered
Mar 12 07:51:43 fedora kernel: acpiphp: Slot [31] registered
Mar 12 07:51:43 fedora kernel: PCI host bridge to bus 0000:00
Mar 12 07:51:43 fedora kernel: pci_bus 0000:00: root bus resource [io  0x0000-0x0cf7 window]
Mar 12 07:51:43 fedora kernel: pci_bus 0000:00: root bus resource [io  0x0d00-0xffff window]
Mar 12 07:51:43 fedora kernel: pci_bus 0000:00: root bus resource [mem 0x000a0000-0x000bffff window]
Mar 12 07:51:43 fedora kernel: pci_bus 0000:00: root bus resource [mem 0xc0000000-0xfebfffff window]
Mar 12 07:51:43 fedora kernel: pci_bus 0000:00: root bus resource [mem 0x140000000-0x1bfffffff window]
Mar 12 07:51:43 fedora kernel: pci_bus 0000:00: root bus resource [bus 00-ff]
Mar 12 07:51:43 fedora kernel: pci 0000:00:00.0: [8086:1237] type 00 class 0x060000
Mar 12 07:51:43 fedora kernel: pci 0000:00:01.0: [8086:7000] type 00 class 0x060100
Mar 12 07:51:43 fedora kernel: pci 0000:00:01.1: [8086:7010] type 00 class 0x010180
Mar 12 07:51:43 fedora kernel: pci 0000:00:01.1: reg 0x20: [io  0xc160-0xc16f]
Mar 12 07:51:43 fedora kernel: pci 0000:00:01.1: legacy IDE quirk: reg 0x10: [io  0x01f0-0x01f7]
Mar 12 07:51:43 fedora kernel: pci 0000:00:01.1: legacy IDE quirk: reg 0x14: [io  0x03f6]
Mar 12 07:51:43 fedora kernel: pci 0000:00:01.1: legacy IDE quirk: reg 0x18: [io  0x0170-0x0177]
Mar 12 07:51:43 fedora kernel: pci 0000:00:01.1: legacy IDE quirk: reg 0x1c: [io  0x0376]
Mar 12 07:51:43 fedora kernel: pci 0000:00:01.2: [8086:7020] type 00 class 0x0c0300
Mar 12 07:51:43 fedora kernel: pci 0000:00:01.2: reg 0x20: [io  0xc100-0xc11f]
Mar 12 07:51:43 fedora kernel: pci 0000:00:01.3: [8086:7113] type 00 class 0x068000
Mar 12 07:51:43 fedora kernel: pci 0000:00:01.3: quirk: [io  0x0600-0x063f] claimed by PIIX4 ACPI
Mar 12 07:51:43 fedora kernel: pci 0000:00:01.3: quirk: [io  0x0700-0x070f] claimed by PIIX4 SMB
Mar 12 07:51:43 fedora kernel: pci 0000:00:02.0: [1013:00b8] type 00 class 0x030000
Mar 12 07:51:43 fedora kernel: pci 0000:00:02.0: reg 0x10: [mem 0xfc000000-0xfdffffff pref]
Mar 12 07:51:43 fedora kernel: pci 0000:00:02.0: reg 0x14: [mem 0xfebd0000-0xfebd0fff]
Mar 12 07:51:43 fedora kernel: pci 0000:00:02.0: reg 0x30: [mem 0xfebc0000-0xfebcffff pref]
Mar 12 07:51:43 fedora kernel: pci 0000:00:02.0: Video device with shadowed ROM at [mem 0x000c0000-0x000dffff]
Mar 12 07:51:43 fedora kernel: pci 0000:00:03.0: [1af4:1000] type 00 class 0x020000
Mar 12 07:51:43 fedora kernel: pci 0000:00:03.0: reg 0x10: [io  0xc120-0xc13f]
Mar 12 07:51:43 fedora kernel: pci 0000:00:03.0: reg 0x14: [mem 0xfebd1000-0xfebd1fff]
Mar 12 07:51:43 fedora kernel: pci 0000:00:03.0: reg 0x20: [mem 0xfe000000-0xfe003fff 64bit pref]
Mar 12 07:51:43 fedora kernel: pci 0000:00:03.0: reg 0x30: [mem 0xfeb80000-0xfebbffff pref]
Mar 12 07:51:43 fedora kernel: pci 0000:00:04.0: [1af4:1003] type 00 class 0x078000
Mar 12 07:51:43 fedora kernel: pci 0000:00:04.0: reg 0x10: [io  0xc080-0xc0bf]
Mar 12 07:51:43 fedora kernel: pci 0000:00:04.0: reg 0x14: [mem 0xfebd2000-0xfebd2fff]
Mar 12 07:51:43 fedora kernel: pci 0000:00:04.0: reg 0x20: [mem 0xfe004000-0xfe007fff 64bit pref]
Mar 12 07:51:43 fedora kernel: pci 0000:00:05.0: [1af4:1001] type 00 class 0x010000
Mar 12 07:51:43 fedora kernel: pci 0000:00:05.0: reg 0x10: [io  0xc000-0xc07f]
Mar 12 07:51:43 fedora kernel: pci 0000:00:05.0: reg 0x14: [mem 0xfebd3000-0xfebd3fff]
Mar 12 07:51:43 fedora kernel: pci 0000:00:05.0: reg 0x20: [mem 0xfe008000-0xfe00bfff 64bit pref]
Mar 12 07:51:43 fedora kernel: pci 0000:00:06.0: [1af4:1002] type 00 class 0x00ff00
Mar 12 07:51:43 fedora kernel: pci 0000:00:06.0: reg 0x10: [io  0xc0c0-0xc0ff]
Mar 12 07:51:43 fedora kernel: pci 0000:00:06.0: reg 0x20: [mem 0xfe00c000-0xfe00ffff 64bit pref]
Mar 12 07:51:43 fedora kernel: pci 0000:00:07.0: [1af4:1005] type 00 class 0x00ff00
Mar 12 07:51:43 fedora kernel: pci 0000:00:07.0: reg 0x10: [io  0xc140-0xc15f]
Mar 12 07:51:43 fedora kernel: pci 0000:00:07.0: reg 0x20: [mem 0xfe010000-0xfe013fff 64bit pref]
Mar 12 07:51:43 fedora kernel: ACPI: PCI: Interrupt link LNKA configured for IRQ 10
Mar 12 07:51:43 fedora kernel: ACPI: PCI: Interrupt link LNKB configured for IRQ 10
Mar 12 07:51:43 fedora kernel: ACPI: PCI: Interrupt link LNKC configured for IRQ 11
Mar 12 07:51:43 fedora kernel: ACPI: PCI: Interrupt link LNKD configured for IRQ 11
Mar 12 07:51:43 fedora kernel: ACPI: PCI: Interrupt link LNKS configured for IRQ 9
Mar 12 07:51:43 fedora kernel: iommu: Default domain type: Translated 
Mar 12 07:51:43 fedora kernel: iommu: DMA domain TLB invalidation policy: lazy mode 
Mar 12 07:51:43 fedora kernel: SCSI subsystem initialized
Mar 12 07:51:43 fedora kernel: libata version 3.00 loaded.
Mar 12 07:51:43 fedora kernel: ACPI: bus type USB registered
Mar 12 07:51:43 fedora kernel: usbcore: registered new interface driver usbfs
Mar 12 07:51:43 fedora kernel: usbcore: registered new interface driver hub
Mar 12 07:51:43 fedora kernel: usbcore: registered new device driver usb
Mar 12 07:51:43 fedora kernel: pps_core: LinuxPPS API ver. 1 registered
Mar 12 07:51:43 fedora kernel: pps_core: Software ver. 5.3.6 - Copyright 2005-2007 Rodolfo Giometti <giometti@linux.it>
Mar 12 07:51:43 fedora kernel: PTP clock support registered
Mar 12 07:51:43 fedora kernel: EDAC MC: Ver: 3.0.0
Mar 12 07:51:43 fedora kernel: NetLabel: Initializing
Mar 12 07:51:43 fedora kernel: NetLabel:  domain hash size = 128
Mar 12 07:51:43 fedora kernel: NetLabel:  protocols = UNLABELED CIPSOv4 CALIPSO
Mar 12 07:51:43 fedora kernel: NetLabel:  unlabeled traffic allowed by default
Mar 12 07:51:43 fedora kernel: mctp: management component transport protocol core
Mar 12 07:51:43 fedora kernel: NET: Registered PF_MCTP protocol family
Mar 12 07:51:43 fedora kernel: PCI: Using ACPI for IRQ routing
Mar 12 07:51:43 fedora kernel: PCI: pci_cache_line_size set to 64 bytes
Mar 12 07:51:43 fedora kernel: e820: reserve RAM buffer [mem 0x0009fc00-0x0009ffff]
Mar 12 07:51:43 fedora kernel: e820: reserve RAM buffer [mem 0xbffdb000-0xbfffffff]
Mar 12 07:51:43 fedora kernel: pci 0000:00:02.0: vgaarb: setting as boot VGA device
Mar 12 07:51:43 fedora kernel: pci 0000:00:02.0: vgaarb: bridge control possible
Mar 12 07:51:43 fedora kernel: pci 0000:00:02.0: vgaarb: VGA device added: decodes=io+mem,owns=io+mem,locks=none
Mar 12 07:51:43 fedora kernel: vgaarb: loaded
Mar 12 07:51:43 fedora kernel: hpet0: at MMIO 0xfed00000, IRQs 2, 8, 0
Mar 12 07:51:43 fedora kernel: hpet0: 3 comparators, 64-bit 100.000000 MHz counter
Mar 12 07:51:43 fedora kernel: clocksource: Switched to clocksource kvm-clock
Mar 12 07:51:43 fedora kernel: VFS: Disk quotas dquot_6.6.0
Mar 12 07:51:43 fedora kernel: VFS: Dquot-cache hash table entries: 512 (order 0, 4096 bytes)
Mar 12 07:51:43 fedora kernel: pnp: PnP ACPI init
Mar 12 07:51:43 fedora kernel: pnp 00:04: [dma 2]
Mar 12 07:51:43 fedora kernel: pnp: PnP ACPI: found 6 devices
Mar 12 07:51:43 fedora kernel: clocksource: acpi_pm: mask: 0xffffff max_cycles: 0xffffff, max_idle_ns: 2085701024 ns
Mar 12 07:51:43 fedora kernel: NET: Registered PF_INET protocol family
Mar 12 07:51:43 fedora kernel: IP idents hash table entries: 65536 (order: 7, 524288 bytes, linear)
Mar 12 07:51:43 fedora kernel: tcp_listen_portaddr_hash hash table entries: 2048 (order: 3, 32768 bytes, linear)
Mar 12 07:51:43 fedora kernel: Table-perturb hash table entries: 65536 (order: 6, 262144 bytes, linear)
Mar 12 07:51:43 fedora kernel: TCP established hash table entries: 32768 (order: 6, 262144 bytes, linear)
Mar 12 07:51:43 fedora kernel: TCP bind hash table entries: 32768 (order: 8, 1048576 bytes, linear)
Mar 12 07:51:43 fedora kernel: TCP: Hash tables configured (established 32768 bind 32768)
Mar 12 07:51:43 fedora kernel: MPTCP token hash table entries: 4096 (order: 4, 98304 bytes, linear)
Mar 12 07:51:43 fedora kernel: UDP hash table entries: 2048 (order: 4, 65536 bytes, linear)
Mar 12 07:51:43 fedora kernel: UDP-Lite hash table entries: 2048 (order: 4, 65536 bytes, linear)
Mar 12 07:51:43 fedora kernel: NET: Registered PF_UNIX/PF_LOCAL protocol family
Mar 12 07:51:43 fedora kernel: NET: Registered PF_XDP protocol family
Mar 12 07:51:43 fedora kernel: pci_bus 0000:00: resource 4 [io  0x0000-0x0cf7 window]
Mar 12 07:51:43 fedora kernel: pci_bus 0000:00: resource 5 [io  0x0d00-0xffff window]
Mar 12 07:51:43 fedora kernel: pci_bus 0000:00: resource 6 [mem 0x000a0000-0x000bffff window]
Mar 12 07:51:43 fedora kernel: pci_bus 0000:00: resource 7 [mem 0xc0000000-0xfebfffff window]
Mar 12 07:51:43 fedora kernel: pci_bus 0000:00: resource 8 [mem 0x140000000-0x1bfffffff window]
Mar 12 07:51:43 fedora kernel: pci 0000:00:01.0: PIIX3: Enabling Passive Release
Mar 12 07:51:43 fedora kernel: pci 0000:00:00.0: Limiting direct PCI/PCI transfers
Mar 12 07:51:43 fedora kernel: ACPI: \_SB_.LNKD: Enabled at IRQ 11
Mar 12 07:51:43 fedora kernel: pci 0000:00:01.2: quirk_usb_early_handoff+0x0/0x7c0 took 41944 usecs
Mar 12 07:51:43 fedora kernel: PCI: CLS 0 bytes, default 64
Mar 12 07:51:43 fedora kernel: Trying to unpack rootfs image as initramfs...
Mar 12 07:51:43 fedora kernel: PCI-DMA: Using software bounce buffering for IO (SWIOTLB)
Mar 12 07:51:43 fedora kernel: software IO TLB: mapped [mem 0x00000000b5815000-0x00000000b9815000] (64MB)
Mar 12 07:51:43 fedora kernel: clocksource: tsc: mask: 0xffffffffffffffff max_cycles: 0x1e32d986f48, max_idle_ns: 440795238900 ns
Mar 12 07:51:43 fedora kernel: Initialise system trusted keyrings
Mar 12 07:51:43 fedora kernel: Key type blacklist registered
Mar 12 07:51:43 fedora kernel: workingset: timestamp_bits=36 max_order=20 bucket_order=0
Mar 12 07:51:43 fedora kernel: zbud: loaded
Mar 12 07:51:43 fedora kernel: integrity: Platform Keyring initialized
Mar 12 07:51:43 fedora kernel: integrity: Machine keyring initialized
Mar 12 07:51:43 fedora kernel: NET: Registered PF_ALG protocol family
Mar 12 07:51:43 fedora kernel: xor: automatically using best checksumming function   avx       
Mar 12 07:51:43 fedora kernel: Key type asymmetric registered
Mar 12 07:51:43 fedora kernel: Asymmetric key parser 'x509' registered
Mar 12 07:51:43 fedora kernel: Freeing initrd memory: 106220K
Mar 12 07:51:43 fedora kernel: Block layer SCSI generic (bsg) driver version 0.4 loaded (major 245)
Mar 12 07:51:43 fedora kernel: io scheduler mq-deadline registered
Mar 12 07:51:43 fedora kernel: io scheduler kyber registered
Mar 12 07:51:43 fedora kernel: io scheduler bfq registered
Mar 12 07:51:43 fedora kernel: atomic64_test: passed for x86-64 platform with CX8 and with SSE
Mar 12 07:51:43 fedora kernel: shpchp: Standard Hot Plug PCI Controller Driver version: 0.4
Mar 12 07:51:43 fedora kernel: input: Power Button as /devices/LNXSYSTM:00/LNXPWRBN:00/input/input0
Mar 12 07:51:43 fedora kernel: ACPI: button: Power Button [PWRF]
Mar 12 07:51:43 fedora kernel: ACPI: \_SB_.LNKC: Enabled at IRQ 10
Mar 12 07:51:43 fedora kernel: ACPI: \_SB_.LNKA: Enabled at IRQ 10
Mar 12 07:51:43 fedora kernel: ACPI: \_SB_.LNKB: Enabled at IRQ 11
Mar 12 07:51:43 fedora kernel: Serial: 8250/16550 driver, 32 ports, IRQ sharing enabled
Mar 12 07:51:43 fedora kernel: 00:00: ttyS1 at I/O 0x2f8 (irq = 3, base_baud = 115200) is a 16550A
Mar 12 07:51:43 fedora kernel: 00:01: ttyS0 at I/O 0x3f8 (irq = 4, base_baud = 115200) is a 16550A
Mar 12 07:51:43 fedora kernel: Non-volatile memory driver v1.3
Mar 12 07:51:43 fedora kernel: Linux agpgart interface v0.103
Mar 12 07:51:43 fedora kernel: ACPI: bus type drm_connector registered
Mar 12 07:51:43 fedora kernel: ata_piix 0000:00:01.1: version 2.13
Mar 12 07:51:43 fedora kernel: scsi host0: ata_piix
Mar 12 07:51:43 fedora kernel: scsi host1: ata_piix
Mar 12 07:51:43 fedora kernel: ata1: PATA max MWDMA2 cmd 0x1f0 ctl 0x3f6 bmdma 0xc160 irq 14
Mar 12 07:51:43 fedora kernel: ata2: PATA max MWDMA2 cmd 0x170 ctl 0x376 bmdma 0xc168 irq 15
Mar 12 07:51:43 fedora kernel: uhci_hcd 0000:00:01.2: UHCI Host Controller
Mar 12 07:51:43 fedora kernel: uhci_hcd 0000:00:01.2: new USB bus registered, assigned bus number 1
Mar 12 07:51:43 fedora kernel: uhci_hcd 0000:00:01.2: detected 2 ports
Mar 12 07:51:43 fedora kernel: uhci_hcd 0000:00:01.2: irq 11, io port 0x0000c100
Mar 12 07:51:43 fedora kernel: usb usb1: New USB device found, idVendor=1d6b, idProduct=0001, bcdDevice= 6.03
Mar 12 07:51:43 fedora kernel: usb usb1: New USB device strings: Mfr=3, Product=2, SerialNumber=1
Mar 12 07:51:43 fedora kernel: usb usb1: Product: UHCI Host Controller
Mar 12 07:51:43 fedora kernel: usb usb1: Manufacturer: Linux 6.3.0-0.rc1.20230310git44889ba56cbb.19.fc39.x86_64 uhci_hcd
Mar 12 07:51:43 fedora kernel: usb usb1: SerialNumber: 0000:00:01.2
Mar 12 07:51:43 fedora kernel: hub 1-0:1.0: USB hub found
Mar 12 07:51:43 fedora kernel: hub 1-0:1.0: 2 ports detected
Mar 12 07:51:43 fedora kernel: usbcore: registered new interface driver usbserial_generic
Mar 12 07:51:43 fedora kernel: usbserial: USB Serial support registered for generic
Mar 12 07:51:43 fedora kernel: i8042: PNP: PS/2 Controller [PNP0303:KBD,PNP0f13:MOU] at 0x60,0x64 irq 1,12
Mar 12 07:51:43 fedora kernel: serio: i8042 KBD port at 0x60,0x64 irq 1
Mar 12 07:51:43 fedora kernel: serio: i8042 AUX port at 0x60,0x64 irq 12
Mar 12 07:51:43 fedora kernel: mousedev: PS/2 mouse device common for all mice
Mar 12 07:51:43 fedora kernel: rtc_cmos 00:05: RTC can wake from S4
Mar 12 07:51:43 fedora kernel: input: AT Translated Set 2 keyboard as /devices/platform/i8042/serio0/input/input1
Mar 12 07:51:43 fedora kernel: rtc_cmos 00:05: registered as rtc0
Mar 12 07:51:43 fedora kernel: input: VirtualPS/2 VMware VMMouse as /devices/platform/i8042/serio1/input/input4
Mar 12 07:51:43 fedora kernel: rtc_cmos 00:05: setting system clock to 2023-03-12T07:51:42 UTC (1678607502)
Mar 12 07:51:43 fedora kernel: rtc_cmos 00:05: alarms up to one day, y3k, 242 bytes nvram, hpet irqs
Mar 12 07:51:43 fedora kernel: device-mapper: core: CONFIG_IMA_DISABLE_HTABLE is disabled. Duplicate IMA measurements will not be recorded in the IMA log.
Mar 12 07:51:43 fedora kernel: device-mapper: uevent: version 1.0.3
Mar 12 07:51:43 fedora kernel: input: VirtualPS/2 VMware VMMouse as /devices/platform/i8042/serio1/input/input3
Mar 12 07:51:43 fedora kernel: device-mapper: ioctl: 4.47.0-ioctl (2022-07-28) initialised: dm-devel@redhat.com
Mar 12 07:51:43 fedora kernel: intel_pstate: CPU model not supported
Mar 12 07:51:43 fedora kernel: hid: raw HID events driver (C) Jiri Kosina
Mar 12 07:51:43 fedora kernel: usbcore: registered new interface driver usbhid
Mar 12 07:51:43 fedora kernel: usbhid: USB HID core driver
Mar 12 07:51:43 fedora kernel: drop_monitor: Initializing network drop monitor service
Mar 12 07:51:43 fedora kernel: Initializing XFRM netlink socket
Mar 12 07:51:43 fedora kernel: NET: Registered PF_INET6 protocol family
Mar 12 07:51:43 fedora kernel: Segment Routing with IPv6
Mar 12 07:51:43 fedora kernel: RPL Segment Routing with IPv6
Mar 12 07:51:43 fedora kernel: In-situ OAM (IOAM) with IPv6
Mar 12 07:51:43 fedora kernel: mip6: Mobile IPv6
Mar 12 07:51:43 fedora kernel: NET: Registered PF_PACKET protocol family
Mar 12 07:51:43 fedora kernel: No MBM correction factor available
Mar 12 07:51:43 fedora kernel: IPI shorthand broadcast: enabled
Mar 12 07:51:43 fedora kernel: AVX2 version of gcm_enc/dec engaged.
Mar 12 07:51:43 fedora kernel: AES CTR mode by8 optimization enabled
Mar 12 07:51:43 fedora kernel: registered taskstats version 1
Mar 12 07:51:43 fedora kernel: Loading compiled-in X.509 certificates
Mar 12 07:51:43 fedora kernel: Loaded X.509 cert 'Fedora kernel signing key: 3aee544e94db514956f722075b5d0f607bc21fd4'
Mar 12 07:51:43 fedora kernel: zswap: loaded using pool lzo/zbud
Mar 12 07:51:43 fedora kernel: page_owner is disabled
Mar 12 07:51:43 fedora kernel: Key type .fscrypt registered
Mar 12 07:51:43 fedora kernel: Key type fscrypt-provisioning registered
Mar 12 07:51:43 fedora kernel: Btrfs loaded, crc32c=crc32c-generic, zoned=yes, fsverity=yes
Mar 12 07:51:43 fedora kernel: Key type big_key registered
Mar 12 07:51:43 fedora kernel: Key type encrypted registered
Mar 12 07:51:43 fedora kernel: ima: No TPM chip found, activating TPM-bypass!
Mar 12 07:51:43 fedora kernel: Loading compiled-in module X.509 certificates
Mar 12 07:51:43 fedora kernel: Loaded X.509 cert 'Fedora kernel signing key: 3aee544e94db514956f722075b5d0f607bc21fd4'
Mar 12 07:51:43 fedora kernel: ima: Allocated hash algorithm: sha256
Mar 12 07:51:43 fedora kernel: ima: No architecture policies found
Mar 12 07:51:43 fedora kernel: evm: Initialising EVM extended attributes:
Mar 12 07:51:43 fedora kernel: evm: security.selinux
Mar 12 07:51:43 fedora kernel: evm: security.SMACK64 (disabled)
Mar 12 07:51:43 fedora kernel: evm: security.SMACK64EXEC (disabled)
Mar 12 07:51:43 fedora kernel: evm: security.SMACK64TRANSMUTE (disabled)
Mar 12 07:51:43 fedora kernel: evm: security.SMACK64MMAP (disabled)
Mar 12 07:51:43 fedora kernel: evm: security.apparmor (disabled)
Mar 12 07:51:43 fedora kernel: evm: security.ima
Mar 12 07:51:43 fedora kernel: evm: security.capability
Mar 12 07:51:43 fedora kernel: evm: HMAC attrs: 0x1
Mar 12 07:51:43 fedora kernel: alg: No test for 842 (842-scomp)
Mar 12 07:51:43 fedora kernel: alg: No test for 842 (842-generic)
Mar 12 07:51:43 fedora kernel: PM:   Magic number: 15:960:874
Mar 12 07:51:43 fedora kernel: RAS: Correctable Errors collector initialized.
Mar 12 07:51:43 fedora kernel: Unstable clock detected, switching default tracing clock to "global"
                               If you want to keep using the local clock, then add:
                                 "trace_clock=local"
                               on the kernel command line
Mar 12 07:51:43 fedora kernel: Freeing unused decrypted memory: 2036K
Mar 12 07:51:43 fedora kernel: Freeing unused kernel image (initmem) memory: 4404K
Mar 12 07:51:43 fedora kernel: Write protecting the kernel read-only data: 32768k
Mar 12 07:51:43 fedora kernel: Freeing unused kernel image (rodata/data gap) memory: 216K
Mar 12 07:51:43 fedora kernel: x86/mm: Checked W+X mappings: passed, no W+X pages found.
Mar 12 07:51:43 fedora kernel: rodata_test: all tests were successful
Mar 12 07:51:43 fedora kernel: Run /init as init process
Mar 12 07:51:43 fedora kernel:   with arguments:
Mar 12 07:51:43 fedora kernel:     /init
Mar 12 07:51:43 fedora kernel:   with environment:
Mar 12 07:51:43 fedora kernel:     HOME=/
Mar 12 07:51:43 fedora kernel:     TERM=linux
Mar 12 07:51:43 fedora systemd[1]: systemd 253.1-4.fc39 running in system mode (+PAM +AUDIT +SELINUX -APPARMOR +IMA +SMACK +SECCOMP -GCRYPT +GNUTLS +OPENSSL +ACL +BLKID +CURL +ELFUTILS +FIDO2 +IDN2 -IDN -IPTC +KMOD +LIBCRYPTSETUP +LIBFDISK +PCRE2 +PWQUALITY +P11KIT +QRENCODE +TPM2 +BZIP2 +LZ4 +XZ +ZLIB +ZSTD +BPF_FRAMEWORK +XKBCOMMON +UTMP +SYSVINIT default-hierarchy=unified)
Mar 12 07:51:43 fedora systemd[1]: Detected virtualization kvm.
Mar 12 07:51:43 fedora systemd[1]: Detected architecture x86-64.
Mar 12 07:51:43 fedora systemd[1]: Running in initrd.
Mar 12 07:51:43 fedora systemd[1]: No hostname configured, using default hostname.
Mar 12 07:51:43 fedora systemd[1]: Hostname set to <fedora>.
Mar 12 07:51:43 fedora systemd[1]: Initializing machine ID from VM UUID.
Mar 12 07:51:43 fedora systemd[1]: bpf-lsm: LSM BPF program attached
Mar 12 07:51:43 fedora systemd[1]: Queued start job for default target initrd.target.
Mar 12 07:51:43 fedora systemd[1]: Reached target initrd-root-device.target - Initrd Root Device.
Mar 12 07:51:43 fedora systemd[1]: Reached target initrd-usr-fs.target - Initrd /usr File System.
Mar 12 07:51:43 fedora systemd[1]: Reached target slices.target - Slice Units.
Mar 12 07:51:43 fedora systemd[1]: Reached target swap.target - Swaps.
Mar 12 07:51:43 fedora systemd[1]: Reached target timers.target - Timer Units.
Mar 12 07:51:43 fedora systemd[1]: Listening on dbus.socket - D-Bus System Message Bus Socket.
Mar 12 07:51:43 fedora systemd[1]: Listening on iscsid.socket - Open-iSCSI iscsid Socket.
Mar 12 07:51:43 fedora systemd[1]: Listening on iscsiuio.socket - Open-iSCSI iscsiuio Socket.
Mar 12 07:51:43 fedora systemd[1]: Listening on multipathd.socket - multipathd control socket.
Mar 12 07:51:43 fedora systemd[1]: Listening on systemd-journald-dev-log.socket - Journal Socket (/dev/log).
Mar 12 07:51:43 fedora systemd[1]: Listening on systemd-journald.socket - Journal Socket.
Mar 12 07:51:43 fedora systemd[1]: Listening on systemd-udevd-control.socket - udev Control Socket.
Mar 12 07:51:43 fedora systemd[1]: Listening on systemd-udevd-kernel.socket - udev Kernel Socket.
Mar 12 07:51:43 fedora systemd[1]: Reached target sockets.target - Socket Units.
Mar 12 07:51:43 fedora systemd[1]: Starting kmod-static-nodes.service - Create List of Static Device Nodes...
Mar 12 07:51:43 fedora systemd[1]: Started rngd.service - Hardware RNG Entropy Gatherer Daemon.
Mar 12 07:51:43 fedora systemd[1]: Starting systemd-journald.service - Journal Service...
Mar 12 07:51:43 fedora systemd[1]: Starting systemd-modules-load.service - Load Kernel Modules...
Mar 12 07:51:43 fedora systemd[1]: Starting systemd-sysusers.service - Create System Users...
Mar 12 07:51:43 fedora systemd[1]: Starting systemd-vconsole-setup.service - Setup Virtual Console...
Mar 12 07:51:43 fedora systemd-journald[267]: Collecting audit messages is disabled.
Mar 12 07:51:43 fedora kernel: alua: device handler registered
Mar 12 07:51:43 fedora systemd[1]: Finished kmod-static-nodes.service - Create List of Static Device Nodes.
Mar 12 07:51:43 fedora kernel: emc: device handler registered
Mar 12 07:51:43 fedora kernel: rdac: device handler registered
Mar 12 07:51:43 fedora systemd-journald[267]: Journal started
Mar 12 07:51:43 fedora systemd-journald[267]: Runtime Journal (/run/log/journal/b5f9b079e5b04e51b1d02e4cf25ba004) is 8.0M, max 78.0M, 70.0M free.
Mar 12 07:51:43 fedora systemd-modules-load[268]: Inserted module 'dm_multipath'
Mar 12 07:51:43 fedora systemd-modules-load[268]: Inserted module 'scsi_dh_alua'
Mar 12 07:51:43 fedora systemd-modules-load[268]: Inserted module 'scsi_dh_emc'
Mar 12 07:51:43 fedora rngd[264]: Initializing available sources
Mar 12 07:51:43 fedora rngd[264]: [hwrng ]: Initialized
Mar 12 07:51:43 fedora rngd[264]: [rdrand]: Enabling RDSEED rng support
Mar 12 07:51:43 fedora rngd[264]: [rdrand]: Initialized
Mar 12 07:51:43 fedora rngd[264]: [jitter]: JITTER timeout set to 5 sec
Mar 12 07:51:43 fedora systemd-sysusers[269]: Creating group 'users' with GID 100.
Mar 12 07:51:43 fedora systemd-sysusers[269]: Creating group 'dbus' with GID 81.
Mar 12 07:51:43 fedora systemd-modules-load[268]: Inserted module 'scsi_dh_rdac'
Mar 12 07:51:43 fedora systemd-vconsole-setup[270]: Failed to import credentials, ignoring: No such file or directory
Mar 12 07:51:43 fedora systemd[1]: Finished systemd-modules-load.service - Load Kernel Modules.
Mar 12 07:51:43 fedora rngd[264]: [jitter]: Initializing AES buffer
Mar 12 07:51:44 fedora systemd[1]: Started systemd-journald.service - Journal Service.
Mar 12 07:51:44 fedora systemd[1]: Starting systemd-sysctl.service - Apply Kernel Variables...
Mar 12 07:51:44 fedora systemd-sysusers[269]: Creating user 'dbus' (System Message Bus) with UID 81 and GID 81.
Mar 12 07:51:44 fedora systemd[1]: Finished systemd-sysusers.service - Create System Users.
Mar 12 07:51:44 fedora systemd[1]: Finished systemd-sysctl.service - Apply Kernel Variables.
Mar 12 07:51:44 fedora systemd[1]: Starting systemd-tmpfiles-setup-dev.service - Create Static Device Nodes in /dev...
Mar 12 07:51:44 fedora systemd[1]: Starting systemd-tmpfiles-setup.service - Create Volatile Files and Directories...
Mar 12 07:51:44 fedora systemd[1]: Finished systemd-tmpfiles-setup-dev.service - Create Static Device Nodes in /dev.
Mar 12 07:51:44 fedora systemd[1]: Finished systemd-tmpfiles-setup.service - Create Volatile Files and Directories.
Mar 12 07:51:44 fedora systemd[1]: Finished systemd-vconsole-setup.service - Setup Virtual Console.
Mar 12 07:51:44 fedora systemd[1]: Starting dracut-cmdline-ask.service - dracut ask for additional cmdline parameters...
Mar 12 07:51:44 fedora systemd[1]: Finished dracut-cmdline-ask.service - dracut ask for additional cmdline parameters.
Mar 12 07:51:44 fedora systemd[1]: Starting dracut-cmdline.service - dracut cmdline hook...
Mar 12 07:51:44 fedora dracut-cmdline[305]: dracut-39 (Rawhide Prerelease) dracut-059-3.fc39
Mar 12 07:51:44 fedora dracut-cmdline[305]: Using kernel command line parameters:  rd.driver.pre=btrfs   inst.method=https://kojipkgs.fedoraproject.org/compose/rawhide/Fedora-Rawhide-20230312.n.0/compose/Everything/x86_64/os/ inst.ks=file:/ks.cfg
Mar 12 07:51:44 fedora kernel: BIOS EDD facility v0.16 2004-Jun-25, 1 devices found
Mar 12 07:51:44 fedora dracut-cmdline[305]: Loading Fedora Rawhide x86_64 installer...
Mar 12 07:51:45 fedora dracut-cmdline[305]: anaconda: parsing kickstart /ks.cfg
Mar 12 07:51:46 fedora dracut-cmdline[440]: parse-kickstart WARNING: No device with link found for --device=link
Mar 12 07:51:47 fedora kernel: Loading iSCSI transport class v2.0-870.
Mar 12 07:51:47 fedora kernel: iscsi: registered transport (tcp)
Mar 12 07:51:47 fedora kernel: iscsi: registered transport (qla4xxx)
Mar 12 07:51:47 fedora kernel: QLogic iSCSI HBA Driver
Mar 12 07:51:47 fedora kernel: libcxgbi:libcxgbi_init_module: Chelsio iSCSI driver library libcxgbi v0.9.1-ko (Apr. 2015)
Mar 12 07:51:47 fedora kernel: Chelsio T3 iSCSI Driver cxgb3i v2.0.1-ko (Apr. 2015)
Mar 12 07:51:47 fedora kernel: iscsi: registered transport (cxgb3i)
Mar 12 07:51:47 fedora kernel: Chelsio T4-T6 iSCSI Driver cxgb4i v0.9.5-ko (Apr. 2015)
Mar 12 07:51:47 fedora kernel: iscsi: registered transport (cxgb4i)
Mar 12 07:51:47 fedora kernel: cxgb4i:cxgb4i_init_module: cxgb4i dcb enabled.
Mar 12 07:51:47 fedora kernel: cnic: QLogic cnicDriver v2.5.22 (July 20, 2015)
Mar 12 07:51:47 fedora kernel: QLogic NetXtreme II iSCSI Driver bnx2i v2.7.10.1 (Jul 16, 2014)
Mar 12 07:51:47 fedora kernel: iscsi: registered transport (bnx2i)
Mar 12 07:51:47 fedora kernel: iscsi: registered transport (be2iscsi)
Mar 12 07:51:47 fedora kernel: In beiscsi_module_init, tt=000000004076f6e1
Mar 12 07:51:47 fedora systemd[1]: Finished dracut-cmdline.service - dracut cmdline hook.
Mar 12 07:51:47 fedora systemd[1]: Starting dracut-pre-udev.service - dracut pre-udev hook...
Mar 12 07:51:48 fedora rngd[264]: [jitter]: Unable to obtain AES key, disabling JITTER source
Mar 12 07:51:48 fedora rngd[264]: [jitter]: Initialization Failed
Mar 12 07:51:48 fedora rngd[264]: [pkcs11]: No PKCS11 endpoint /usr/lib64/opensc-pkcs11.so found
Mar 12 07:51:48 fedora rngd[264]: [pkcs11]: Install opensc/opensc-pkcs11/etc if you would like to gather smartcard entropy
Mar 12 07:51:48 fedora rngd[264]: [pkcs11]: Initialization Failed
Mar 12 07:51:48 fedora rngd[264]: [rtlsdr]: Initialization Failed
Mar 12 07:51:48 fedora kernel: squashfs: version 4.0 (2009/01/31) Phillip Lougher
Mar 12 07:51:48 fedora kernel: hp_sw: device handler registered
Mar 12 07:51:48 fedora kernel: No iBFT detected.
Mar 12 07:51:48 fedora kernel: async_tx: api initialized (async)
Mar 12 07:51:48 fedora kernel: device-mapper: multipath round-robin: version 1.2.0 loaded
Mar 12 07:51:48 fedora kernel: RPC: Registered named UNIX socket transport module.
Mar 12 07:51:48 fedora kernel: RPC: Registered udp transport module.
Mar 12 07:51:48 fedora kernel: RPC: Registered tcp transport module.
Mar 12 07:51:48 fedora kernel: RPC: Registered tcp NFSv4.1 backchannel transport module.
Mar 12 07:51:48 fedora rpc.statd[933]: Version 2.6.2 starting
Mar 12 07:51:48 fedora rpc.statd[933]: Initializing NSM state
Mar 12 07:51:48 fedora rpc.statd[933]: Running as root.  chown /var/lib/nfs/statd to choose different user
Mar 12 07:51:48 fedora rpc.idmapd[938]: Setting log level to 0
Mar 12 07:51:48 fedora systemd[1]: Finished dracut-pre-udev.service - dracut pre-udev hook.
Mar 12 07:51:48 fedora systemd[1]: Starting systemd-udevd.service - Rule-based Manager for Device Events and Files...
Mar 12 07:51:48 fedora systemd-udevd[954]: Using default interface naming scheme 'v253'.
Mar 12 07:51:48 fedora systemd[1]: Started systemd-udevd.service - Rule-based Manager for Device Events and Files.
Mar 12 07:51:48 fedora systemd[1]: Starting dracut-pre-trigger.service - dracut pre-trigger hook...
Mar 12 07:51:48 fedora lldpad[980]: config file failed to load,
Mar 12 07:51:48 fedora lldpad[980]: create a new file.
Mar 12 07:51:48 fedora lldpad[980]: bound ctrl iface to /com/intel/lldpad
Mar 12 07:51:48 fedora dracut-pre-trigger[982]: 981
Mar 12 07:51:48 fedora dracut-pre-trigger[965]: rd.md=0: removing MD RAID activation
Mar 12 07:51:49 fedora systemd[1]: Finished dracut-pre-trigger.service - dracut pre-trigger hook.
Mar 12 07:51:49 fedora systemd[1]: Starting systemd-udev-trigger.service - Coldplug All udev Devices...
Mar 12 07:51:49 fedora systemd[1]: Finished systemd-udev-trigger.service - Coldplug All udev Devices.
Mar 12 07:51:49 fedora systemd[1]: Created slice system-modprobe.slice - Slice /system/modprobe.
Mar 12 07:51:49 fedora systemd[1]: Starting modprobe@configfs.service - Load Kernel Module configfs...
Mar 12 07:51:49 fedora systemd[1]: Starting nm-initrd.service...
Mar 12 07:51:49 fedora systemd[1]: Starting plymouth-start.service - Show Plymouth Boot Screen...
Mar 12 07:51:49 fedora systemd[1]: Starting systemd-udev-settle.service - Wait for udev To Complete Device Initialization...
Mar 12 07:51:49 fedora systemd[1]: modprobe@configfs.service: Deactivated successfully.
Mar 12 07:51:49 fedora systemd[1]: Finished modprobe@configfs.service - Load Kernel Module configfs.
Mar 12 07:51:49 fedora systemd[1]: Received SIGRTMIN+20 from PID 1064 (plymouthd).
Mar 12 07:51:49 fedora NetworkManager[1059]: <info>  [1678607509.3276] NetworkManager (version 1.43.3-1.fc39) is starting... (boot:491e9972-547f-4bc4-a6e4-567dbded7fda)
Mar 12 07:51:49 fedora NetworkManager[1059]: <info>  [1678607509.3277] Read config: /etc/NetworkManager/NetworkManager.conf (lib: initrd-no-auto-default.conf) (run: 15-carrier-timeout.conf)
Mar 12 07:51:49 fedora udevadm[1065]: systemd-udev-settle.service is deprecated. Please fix multipathd-configure.service not to pull it in.
Mar 12 07:51:49 fedora kernel: cirrus 0000:00:02.0: vgaarb: deactivate vga console
Mar 12 07:51:49 fedora systemd[1]: Mounting sys-kernel-config.mount - Kernel Configuration File System...
Mar 12 07:51:49 fedora kernel: Console: switching to colour dummy device 80x25
Mar 12 07:51:49 fedora kernel: [drm] Initialized cirrus 2.0.0 2019 for 0000:00:02.0 on minor 0
Mar 12 07:51:49 fedora systemd[1]: Starting dbus-broker.service - D-Bus System Message Bus...
Mar 12 07:51:49 fedora systemd[1]: Started plymouth-start.service - Show Plymouth Boot Screen.
Mar 12 07:51:49 fedora systemd[1]: Mounted sys-kernel-config.mount - Kernel Configuration File System.
Mar 12 07:51:49 fedora systemd[1]: systemd-ask-password-console.path - Dispatch Password Requests to Console Directory Watch was skipped because of an unmet condition check (ConditionPathExists=!/run/plymouth/pid).
Mar 12 07:51:49 fedora systemd[1]: Started systemd-ask-password-plymouth.path - Forward Password Requests to Plymouth Directory Watch.
Mar 12 07:51:49 fedora systemd[1]: Reached target cryptsetup.target - Local Encrypted Volumes.
Mar 12 07:51:49 fedora systemd[1]: Reached target paths.target - Path Units.
Mar 12 07:51:49 fedora kernel: virtio_blk virtio2: 4/0/0 default/read/poll queues
Mar 12 07:51:49 fedora kernel: fbcon: cirrusdrmfb (fb0) is primary device
Mar 12 07:51:49 fedora kernel: virtio_net virtio0 ens3: renamed from eth0
Mar 12 07:51:49 fedora systemd[1]: Started dbus-broker.service - D-Bus System Message Bus.
Mar 12 07:51:49 fedora kernel: memfd_create() without MFD_EXEC nor MFD_NOEXEC_SEAL, pid=1080 'dbus-broker-lau'
Mar 12 07:51:49 fedora kernel: FDC 0 is a S82078B
Mar 12 07:51:49 fedora dbus-broker-launch[1080]: Ready
Mar 12 07:51:49 fedora kernel: virtio_blk virtio2: [vda] 10485760 512-byte logical blocks (5.37 GB/5.00 GiB)
Mar 12 07:51:49 fedora kernel: virtio_blk virtio2: blk config size: 96
Mar 12 07:51:49 fedora kernel: cirrus 0000:00:02.0: [drm] drm_plane_enable_fb_damage_clips() not called
Mar 12 07:51:49 fedora NetworkManager[1059]: <info>  [1678607509.5003] bus-manager: acquired D-Bus service "org.freedesktop.NetworkManager"
Mar 12 07:51:49 fedora NetworkManager[1059]: <info>  [1678607509.5054] manager[0x564f399562b0]: monitoring kernel firmware directory '/lib/firmware'.
Mar 12 07:51:49 fedora NetworkManager[1059]: <info>  [1678607509.5069] hostname: hostname: couldn't get property from hostnamed
Mar 12 07:51:49 fedora kernel: Console: switching to colour frame buffer device 128x48
Mar 12 07:51:49 fedora NetworkManager[1059]: <info>  [1678607509.5076] dns-mgr: init: dns=default,systemd-resolved rc-manager=symlink (auto)
Mar 12 07:51:49 fedora kernel: 8021q: 802.1Q VLAN Support v1.8
Mar 12 07:51:49 fedora kernel: cirrus 0000:00:02.0: [drm] fb0: cirrusdrmfb frame buffer device
Mar 12 07:51:49 fedora systemd[1]: Started nm-initrd.service.
Mar 12 07:51:49 fedora systemd[1]: Reached target network.target - Network.
Mar 12 07:51:49 fedora NetworkManager[1059]: <info>  [1678607509.5180] manager[0x564f399562b0]: rfkill: Wi-Fi hardware radio set enabled
Mar 12 07:51:49 fedora NetworkManager[1059]: <info>  [1678607509.5181] manager[0x564f399562b0]: rfkill: WWAN hardware radio set enabled
Mar 12 07:51:49 fedora NetworkManager[1059]: <info>  [1678607509.5227] Loaded device plugin: NMTeamFactory (/usr/lib64/NetworkManager/1.43.3-1.fc39/libnm-device-plugin-team.so)
Mar 12 07:51:49 fedora NetworkManager[1059]: <info>  [1678607509.5228] manager: rfkill: Wi-Fi enabled by radio killswitch; enabled by state file
Mar 12 07:51:49 fedora NetworkManager[1059]: <info>  [1678607509.5230] manager: rfkill: WWAN enabled by radio killswitch; enabled by state file
Mar 12 07:51:49 fedora NetworkManager[1059]: <info>  [1678607509.5232] manager: Networking is enabled by state file
Mar 12 07:51:49 fedora NetworkManager[1059]: <info>  [1678607509.5236] settings: Loaded settings plugin: keyfile (internal)
Mar 12 07:51:49 fedora NetworkManager[1059]: <info>  [1678607509.5263] dhcp: init: Using DHCP client 'internal'
Mar 12 07:51:49 fedora NetworkManager[1059]: <info>  [1678607509.5268] manager: (lo): new Loopback device (/org/freedesktop/NetworkManager/Devices/1)
Mar 12 07:51:49 fedora NetworkManager[1059]: <info>  [1678607509.5287] device (lo): state change: unmanaged -> unavailable (reason 'connection-assumed', sys-iface-state: 'external')
Mar 12 07:51:49 fedora systemd[1]: Starting nm-wait-online-initrd.service...
Mar 12 07:51:49 fedora NetworkManager[1059]: <info>  [1678607509.5360] device (lo): state change: unavailable -> disconnected (reason 'connection-assumed', sys-iface-state: 'external')
Mar 12 07:51:49 fedora NetworkManager[1059]: <info>  [1678607509.5366] device (lo): Activation: starting connection 'lo' (6a0d059a-8b7f-4fba-b656-7b93c0236c80)
Mar 12 07:51:49 fedora NetworkManager[1059]: <info>  [1678607509.5373] manager: (ens3): new Ethernet device (/org/freedesktop/NetworkManager/Devices/2)
Mar 12 07:51:49 fedora NetworkManager[1059]: <info>  [1678607509.5376] device (ens3): state change: unmanaged -> unavailable (reason 'managed', sys-iface-state: 'external')
Mar 12 07:51:49 fedora kernel: 8021q: adding VLAN 0 to HW filter on device ens3
Mar 12 07:51:49 fedora NetworkManager[1059]: <info>  [1678607509.5736] device (lo): state change: disconnected -> prepare (reason 'none', sys-iface-state: 'external')
Mar 12 07:51:49 fedora NetworkManager[1059]: <info>  [1678607509.5741] device (lo): state change: prepare -> config (reason 'none', sys-iface-state: 'external')
Mar 12 07:51:49 fedora NetworkManager[1059]: <info>  [1678607509.5743] device (lo): state change: config -> ip-config (reason 'none', sys-iface-state: 'external')
Mar 12 07:51:49 fedora NetworkManager[1059]: <info>  [1678607509.5747] device (ens3): carrier: link connected
Mar 12 07:51:49 fedora NetworkManager[1059]: <info>  [1678607509.5752] device (lo): state change: ip-config -> ip-check (reason 'none', sys-iface-state: 'external')
Mar 12 07:51:49 fedora NetworkManager[1059]: <info>  [1678607509.5759] device (ens3): state change: unavailable -> disconnected (reason 'carrier-changed', sys-iface-state: 'managed')
Mar 12 07:51:49 fedora NetworkManager[1059]: <info>  [1678607509.5777] policy: auto-activating connection 'Wired Connection' (ab83474d-8c10-4974-9fe1-76ba02ee7acf)
Mar 12 07:51:49 fedora NetworkManager[1059]: <info>  [1678607509.5779] device (lo): state change: ip-check -> secondaries (reason 'none', sys-iface-state: 'external')
Mar 12 07:51:49 fedora NetworkManager[1059]: <info>  [1678607509.5783] device (ens3): Activation: starting connection 'Wired Connection' (ab83474d-8c10-4974-9fe1-76ba02ee7acf)
Mar 12 07:51:49 fedora NetworkManager[1059]: <info>  [1678607509.5783] device (lo): state change: secondaries -> activated (reason 'none', sys-iface-state: 'external')
Mar 12 07:51:49 fedora NetworkManager[1059]: <info>  [1678607509.5791] device (lo): Activation: successful, device activated.
Mar 12 07:51:49 fedora NetworkManager[1059]: <info>  [1678607509.5801] device (ens3): state change: disconnected -> prepare (reason 'none', sys-iface-state: 'managed')
Mar 12 07:51:49 fedora NetworkManager[1059]: <info>  [1678607509.5806] manager: NetworkManager state is now CONNECTING
Mar 12 07:51:49 fedora NetworkManager[1059]: <info>  [1678607509.5809] device (ens3): state change: prepare -> config (reason 'none', sys-iface-state: 'managed')
Mar 12 07:51:49 fedora NetworkManager[1059]: <info>  [1678607509.5819] device (ens3): state change: config -> ip-config (reason 'none', sys-iface-state: 'managed')
Mar 12 07:51:49 fedora NetworkManager[1059]: <info>  [1678607509.5823] dhcp4 (ens3): activation: beginning transaction (timeout in 90 seconds)
Mar 12 07:51:49 fedora systemd[1]: Finished systemd-udev-settle.service - Wait for udev To Complete Device Initialization.
Mar 12 07:51:49 fedora systemd[1]: multipathd-configure.service - Device-Mapper Multipath Default Configuration was skipped because of an unmet condition check (ConditionPathExists=!/etc/multipath.conf).
Mar 12 07:51:49 fedora systemd[1]: Starting multipathd.service - Device-Mapper Multipath Device Controller...
Mar 12 07:51:49 fedora multipathd[1120]: multipathd v0.9.4: start up
Mar 12 07:51:49 fedora multipathd[1120]: reconfigure: setting up paths and maps
Mar 12 07:51:49 fedora systemd[1]: Started multipathd.service - Device-Mapper Multipath Device Controller.
Mar 12 07:51:49 fedora systemd[1]: Reached target local-fs-pre.target - Preparation for Local File Systems.
Mar 12 07:51:49 fedora systemd[1]: Reached target local-fs.target - Local File Systems.
Mar 12 07:51:49 fedora systemd[1]: Reached target sysinit.target - System Initialization.
Mar 12 07:51:49 fedora systemd[1]: Reached target basic.target - Basic System.
Mar 12 07:51:50 fedora kernel: IPv6: ADDRCONF(NETDEV_CHANGE): ens3: link becomes ready
Mar 12 07:51:52 fedora NetworkManager[1059]: <info>  [1678607512.5934] dhcp4 (ens3): state changed new lease, address=192.168.122.95
Mar 12 07:51:52 fedora NetworkManager[1059]: <info>  [1678607512.5939] policy: set 'Wired Connection' (ens3) as default for IPv4 routing and DNS
Mar 12 07:51:52 fedora NetworkManager[1059]: <info>  [1678607512.5980] device (ens3): state change: ip-config -> ip-check (reason 'none', sys-iface-state: 'managed')
Mar 12 07:51:52 fedora NetworkManager[1059]: <info>  [1678607512.5990] device (ens3): state change: ip-check -> secondaries (reason 'none', sys-iface-state: 'managed')
Mar 12 07:51:52 fedora NetworkManager[1059]: <info>  [1678607512.5993] device (ens3): state change: secondaries -> activated (reason 'none', sys-iface-state: 'managed')
Mar 12 07:51:52 fedora NetworkManager[1059]: <info>  [1678607512.5998] manager: NetworkManager state is now CONNECTED_SITE
Mar 12 07:51:52 fedora NetworkManager[1059]: <info>  [1678607512.6003] device (ens3): Activation: successful, device activated.
Mar 12 07:51:52 fedora NetworkManager[1059]: <info>  [1678607512.6008] manager: NetworkManager state is now CONNECTED_GLOBAL
Mar 12 07:51:52 fedora NetworkManager[1059]: <info>  [1678607512.6014] manager: startup complete
Mar 12 07:51:52 fedora systemd[1]: Finished nm-wait-online-initrd.service.
Mar 12 07:51:52 fedora systemd[1]: Starting dracut-initqueue.service - dracut initqueue hook...
Mar 12 07:51:52 fedora systemd[1]: Reloading requested from client PID 1143 (unit dracut-initqueue.service)...
Mar 12 07:51:52 fedora systemd[1]: Reloading.
Mar 12 07:51:52 fedora dracut-initqueue[1129]: anaconda: stage2 locations are: https://kojipkgs.fedoraproject.org/compose/rawhide/Fedora-Rawhide-20230312.n.0/compose/Everything/x86_64/os
Mar 12 07:51:52 fedora dracut-initqueue[1129]: anaconda: fetching stage2 from https://kojipkgs.fedoraproject.org/compose/rawhide/Fedora-Rawhide-20230312.n.0/compose/Everything/x86_64/os
Mar 12 07:51:53 fedora dracut-initqueue[1129]: Warning: can't find installer main image path in .treeinfo
Mar 12 07:51:53 fedora dracut-initqueue[1253]:   % Total    % Received % Xferd  Average Speed   Time    Time     Time  Current
Mar 12 07:51:53 fedora dracut-initqueue[1253]:                                  Dload  Upload   Total   Spent    Left  Speed
Mar 12 07:52:05 fedora dracut-initqueue[1253]: [1.1K blob data]
Mar 12 07:52:05 fedora dracut-initqueue[1129]: anaconda: successfully fetched stage2 from https://kojipkgs.fedoraproject.org/compose/rawhide/Fedora-Rawhide-20230312.n.0/compose/Everything/x86_64/os
Mar 12 07:52:05 fedora dracut-initqueue[1337]: Unknown device "/dev//tmp/curl_fetch_url1/install.img": No such device
Mar 12 07:52:05 fedora dracut-initqueue[1338]: Unknown device "/sys/": No such device
Mar 12 07:52:05 fedora kernel: loop: module loaded
Mar 12 07:52:05 fedora kernel: loop0: detected capacity change from 0 to 1109608
Mar 12 07:52:05 fedora systemd[1]: Reloading requested from client PID 1363 (unit dracut-initqueue.service)...
Mar 12 07:52:05 fedora systemd[1]: Reloading.
Mar 12 07:52:06 fedora systemd[1]: run-initramfs-squashfs.mount: Deactivated successfully.
Mar 12 07:52:06 fedora systemd[1]: Finished dracut-initqueue.service - dracut initqueue hook.
Mar 12 07:52:06 fedora systemd[1]: Reached target remote-fs-pre.target - Preparation for Remote File Systems.
Mar 12 07:52:06 fedora systemd[1]: Reached target remote-cryptsetup.target - Remote Encrypted Volumes.
Mar 12 07:52:06 fedora systemd[1]: Reached target remote-fs.target - Remote File Systems.
Mar 12 07:52:06 fedora systemd[1]: Starting dracut-pre-mount.service - dracut pre-mount hook...
Mar 12 07:52:06 fedora systemd[1]: Finished dracut-pre-mount.service - dracut pre-mount hook.
Mar 12 07:52:06 fedora systemd[1]: Reached target initrd-root-fs.target - Initrd Root File System.
Mar 12 07:52:06 fedora systemd[1]: Starting initrd-parse-etc.service - Mountpoints Configured in the Real Root...
Mar 12 07:52:06 fedora multipathd[1120]: multipathd: shut down
Mar 12 07:52:06 fedora systemd[1]: Stopping multipathd.service - Device-Mapper Multipath Device Controller...
Mar 12 07:52:06 fedora systemd[1]: initrd-parse-etc.service: Deactivated successfully.
Mar 12 07:52:06 fedora systemd[1]: Finished initrd-parse-etc.service - Mountpoints Configured in the Real Root.
Mar 12 07:52:06 fedora systemd[1]: Reached target initrd-fs.target - Initrd File Systems.
Mar 12 07:52:06 fedora systemd[1]: Reached target initrd.target - Initrd Default Target.
Mar 12 07:52:06 fedora systemd[1]: Starting dracut-mount.service - dracut mount hook...
Mar 12 07:52:06 fedora systemd[1]: multipathd.service: Deactivated successfully.
Mar 12 07:52:06 fedora systemd[1]: Stopped multipathd.service - Device-Mapper Multipath Device Controller.
Mar 12 07:52:06 fedora systemd[1]: Finished dracut-mount.service - dracut mount hook.
Mar 12 07:52:06 fedora systemd[1]: Starting dracut-pre-pivot.service - dracut pre-pivot and cleanup hook...
Mar 12 07:52:08 fedora rpc.idmapd[938]: exiting on signal 15
Mar 12 07:52:08 fedora systemd[1]: var-lib-nfs-rpc_pipefs.mount: Deactivated successfully.
Mar 12 07:52:08 fedora systemd[1]: Finished dracut-pre-pivot.service - dracut pre-pivot and cleanup hook.
Mar 12 07:52:08 fedora systemd[1]: Starting initrd-cleanup.service - Cleaning Up and Shutting Down Daemons...
Mar 12 07:52:08 fedora systemd[1]: Stopped target network.target - Network.
Mar 12 07:52:08 fedora systemd[1]: Stopped target remote-cryptsetup.target - Remote Encrypted Volumes.
Mar 12 07:52:08 fedora systemd[1]: Stopped target timers.target - Timer Units.
Mar 12 07:52:08 fedora systemd[1]: dracut-pre-pivot.service: Deactivated successfully.
Mar 12 07:52:08 fedora systemd[1]: Stopped dracut-pre-pivot.service - dracut pre-pivot and cleanup hook.
Mar 12 07:52:08 fedora systemd[1]: dracut-pre-pivot.service: Consumed 4.346s CPU time.
Mar 12 07:52:08 fedora systemd[1]: Stopped target initrd.target - Initrd Default Target.
Mar 12 07:52:08 fedora systemd[1]: Stopped target basic.target - Basic System.
Mar 12 07:52:08 fedora systemd[1]: Stopped target initrd-root-device.target - Initrd Root Device.
Mar 12 07:52:08 fedora systemd[1]: Stopped target initrd-usr-fs.target - Initrd /usr File System.
Mar 12 07:52:08 fedora systemd[1]: Stopped target paths.target - Path Units.
Mar 12 07:52:08 fedora systemd[1]: Stopped target remote-fs.target - Remote File Systems.
Mar 12 07:52:08 fedora systemd[1]: Stopped target remote-fs-pre.target - Preparation for Remote File Systems.
Mar 12 07:52:08 fedora systemd[1]: Stopped target slices.target - Slice Units.
Mar 12 07:52:08 fedora systemd[1]: Stopped target sockets.target - Socket Units.
Mar 12 07:52:08 fedora systemd[1]: Stopped target sysinit.target - System Initialization.
Mar 12 07:52:08 fedora systemd[1]: Stopped target local-fs.target - Local File Systems.
Mar 12 07:52:08 fedora systemd[1]: Stopped target local-fs-pre.target - Preparation for Local File Systems.
Mar 12 07:52:08 fedora systemd[1]: Stopped target swap.target - Swaps.
Mar 12 07:52:08 fedora systemd[1]: iscsid.socket: Deactivated successfully.
Mar 12 07:52:08 fedora systemd[1]: Closed iscsid.socket - Open-iSCSI iscsid Socket.
Mar 12 07:52:08 fedora systemd[1]: iscsiuio.socket: Deactivated successfully.
Mar 12 07:52:08 fedora systemd[1]: Closed iscsiuio.socket - Open-iSCSI iscsiuio Socket.
Mar 12 07:52:08 fedora systemd[1]: multipathd.socket: Deactivated successfully.
Mar 12 07:52:08 fedora systemd[1]: Closed multipathd.socket - multipathd control socket.
Mar 12 07:52:08 fedora dbus-broker[1085]: Dispatched 1471 messages @ 1(3)s / message.
Mar 12 07:52:08 fedora systemd[1]: Stopping dbus-broker.service - D-Bus System Message Bus...
Mar 12 07:52:08 fedora systemd[1]: dracut-mount.service: Deactivated successfully.
Mar 12 07:52:08 fedora systemd[1]: Stopped dracut-mount.service - dracut mount hook.
Mar 12 07:52:08 fedora systemd[1]: dracut-pre-mount.service: Deactivated successfully.
Mar 12 07:52:08 fedora systemd[1]: Stopped dracut-pre-mount.service - dracut pre-mount hook.
Mar 12 07:52:08 fedora systemd[1]: Stopped target cryptsetup.target - Local Encrypted Volumes.
Mar 12 07:52:08 fedora systemd[1]: dracut-initqueue.service: Deactivated successfully.
Mar 12 07:52:08 fedora systemd[1]: Stopped dracut-initqueue.service - dracut initqueue hook.
Mar 12 07:52:08 fedora systemd[1]: dracut-initqueue.service: Consumed 7.806s CPU time.
Mar 12 07:52:08 fedora systemd[1]: nm-wait-online-initrd.service: Deactivated successfully.
Mar 12 07:52:08 fedora systemd[1]: Stopped nm-wait-online-initrd.service.
Mar 12 07:52:08 fedora systemd[1]: Stopping nm-initrd.service...
Mar 12 07:52:08 fedora NetworkManager[1059]: <info>  [1678607528.1603] caught SIGTERM, shutting down normally.
Mar 12 07:52:08 fedora NetworkManager[1059]: <info>  [1678607528.1757] dhcp4 (ens3): canceled DHCP transaction
Mar 12 07:52:08 fedora NetworkManager[1059]: <info>  [1678607528.1758] dhcp4 (ens3): activation: beginning transaction (timeout in 90 seconds)
Mar 12 07:52:08 fedora NetworkManager[1059]: <info>  [1678607528.1758] dhcp4 (ens3): state changed no lease
Mar 12 07:52:08 fedora NetworkManager[1059]: <info>  [1678607528.1761] manager: NetworkManager state is now CONNECTED_SITE
Mar 12 07:52:08 fedora systemd[1]: Starting plymouth-switch-root.service - Plymouth switch root service...
Mar 12 07:52:08 fedora NetworkManager[1059]: <info>  [1678607528.1765] exiting (success)
Mar 12 07:52:08 fedora systemd[1]: systemd-sysctl.service: Deactivated successfully.
Mar 12 07:52:08 fedora systemd[1]: Stopped systemd-sysctl.service - Apply Kernel Variables.
Mar 12 07:52:08 fedora systemd[1]: systemd-modules-load.service: Deactivated successfully.
Mar 12 07:52:08 fedora systemd[1]: Stopped systemd-modules-load.service - Load Kernel Modules.
Mar 12 07:52:08 fedora systemd[1]: systemd-udev-settle.service: Deactivated successfully.
Mar 12 07:52:08 fedora systemd[1]: Stopped systemd-udev-settle.service - Wait for udev To Complete Device Initialization.
Mar 12 07:52:08 fedora systemd[1]: run-credentials-systemd\x2dsysctl.service.mount: Deactivated successfully.
Mar 12 07:52:08 fedora systemd[1]: nm-initrd.service: Deactivated successfully.
Mar 12 07:52:08 fedora systemd[1]: Stopped nm-initrd.service.
Mar 12 07:52:08 fedora systemd[1]: dbus-broker.service: Deactivated successfully.
Mar 12 07:52:08 fedora systemd[1]: Stopped dbus-broker.service - D-Bus System Message Bus.
Mar 12 07:52:08 fedora systemd[1]: Finished plymouth-switch-root.service - Plymouth switch root service.
Mar 12 07:52:08 fedora systemd[1]: dbus.socket: Deactivated successfully.
Mar 12 07:52:08 fedora systemd[1]: Closed dbus.socket - D-Bus System Message Bus Socket.
Mar 12 07:52:08 fedora systemd[1]: systemd-tmpfiles-setup.service: Deactivated successfully.
Mar 12 07:52:08 fedora systemd[1]: Stopped systemd-tmpfiles-setup.service - Create Volatile Files and Directories.
Mar 12 07:52:08 fedora systemd[1]: systemd-udev-trigger.service: Deactivated successfully.
Mar 12 07:52:08 fedora systemd[1]: Stopped systemd-udev-trigger.service - Coldplug All udev Devices.
Mar 12 07:52:08 fedora systemd[1]: dracut-pre-trigger.service: Deactivated successfully.
Mar 12 07:52:08 fedora systemd[1]: Stopped dracut-pre-trigger.service - dracut pre-trigger hook.
Mar 12 07:52:08 fedora systemd[1]: Stopping systemd-udevd.service - Rule-based Manager for Device Events and Files...
Mar 12 07:52:08 fedora systemd[1]: run-credentials-systemd\x2dtmpfiles\x2dsetup.service.mount: Deactivated successfully.
Mar 12 07:52:08 fedora systemd[1]: systemd-udevd.service: Deactivated successfully.
Mar 12 07:52:08 fedora systemd[1]: Stopped systemd-udevd.service - Rule-based Manager for Device Events and Files.
Mar 12 07:52:08 fedora systemd[1]: initrd-cleanup.service: Deactivated successfully.
Mar 12 07:52:08 fedora systemd[1]: Finished initrd-cleanup.service - Cleaning Up and Shutting Down Daemons.
Mar 12 07:52:08 fedora systemd[1]: systemd-udevd-control.socket: Deactivated successfully.
Mar 12 07:52:08 fedora systemd[1]: Closed systemd-udevd-control.socket - udev Control Socket.
Mar 12 07:52:08 fedora systemd[1]: systemd-udevd-kernel.socket: Deactivated successfully.
Mar 12 07:52:08 fedora systemd[1]: Closed systemd-udevd-kernel.socket - udev Kernel Socket.
Mar 12 07:52:08 fedora systemd[1]: dracut-pre-udev.service: Deactivated successfully.
Mar 12 07:52:08 fedora systemd[1]: Stopped dracut-pre-udev.service - dracut pre-udev hook.
Mar 12 07:52:08 fedora systemd[1]: dracut-cmdline.service: Deactivated successfully.
Mar 12 07:52:08 fedora systemd[1]: Stopped dracut-cmdline.service - dracut cmdline hook.
Mar 12 07:52:08 fedora systemd[1]: dracut-cmdline.service: Consumed 2.492s CPU time.
Mar 12 07:52:08 fedora systemd[1]: dracut-cmdline-ask.service: Deactivated successfully.
Mar 12 07:52:08 fedora systemd[1]: Stopped dracut-cmdline-ask.service - dracut ask for additional cmdline parameters.
Mar 12 07:52:08 fedora systemd[1]: Starting initrd-udevadm-cleanup-db.service - Cleanup udev Database...
Mar 12 07:52:08 fedora rngd[264]: [hwrng ]: Shutting down
Mar 12 07:52:08 fedora rngd[264]: [rdrand]: Shutting down
Mar 12 07:52:08 fedora systemd[1]: Stopping rngd.service - Hardware RNG Entropy Gatherer Daemon...
Mar 12 07:52:08 fedora systemd[1]: systemd-tmpfiles-setup-dev.service: Deactivated successfully.
Mar 12 07:52:08 fedora systemd[1]: Stopped systemd-tmpfiles-setup-dev.service - Create Static Device Nodes in /dev.
Mar 12 07:52:08 fedora systemd[1]: kmod-static-nodes.service: Deactivated successfully.
Mar 12 07:52:08 fedora systemd[1]: Stopped kmod-static-nodes.service - Create List of Static Device Nodes.
Mar 12 07:52:08 fedora systemd[1]: systemd-sysusers.service: Deactivated successfully.
Mar 12 07:52:08 fedora systemd[1]: Stopped systemd-sysusers.service - Create System Users.
Mar 12 07:52:08 fedora systemd[1]: run-credentials-systemd\x2dtmpfiles\x2dsetup\x2ddev.service.mount: Deactivated successfully.
Mar 12 07:52:08 fedora systemd[1]: run-credentials-systemd\x2dsysusers.service.mount: Deactivated successfully.
Mar 12 07:52:08 fedora systemd[1]: rngd.service: Deactivated successfully.
Mar 12 07:52:08 fedora systemd[1]: Stopped rngd.service - Hardware RNG Entropy Gatherer Daemon.
Mar 12 07:52:08 fedora systemd[1]: rngd.service: Consumed 11.734s CPU time.
Mar 12 07:52:08 fedora systemd[1]: initrd-udevadm-cleanup-db.service: Deactivated successfully.
Mar 12 07:52:08 fedora systemd[1]: Finished initrd-udevadm-cleanup-db.service - Cleanup udev Database.
Mar 12 07:52:08 fedora systemd[1]: Reached target initrd-switch-root.target - Switch Root.
Mar 12 07:52:08 fedora systemd[1]: Starting initrd-switch-root.service - Switch Root...
Mar 12 07:52:08 fedora systemd[1]: Switching root.
Mar 12 07:52:08 fedora systemd-journald[267]: Journal stopped
Mar 12 07:52:11 fedora systemd-journald[267]: Received SIGTERM from PID 1 (systemd).
Mar 12 07:52:11 fedora kernel: SELinux:  policy capability network_peer_controls=1
Mar 12 07:52:11 fedora kernel: SELinux:  policy capability open_perms=1
Mar 12 07:52:11 fedora kernel: SELinux:  policy capability extended_socket_class=1
Mar 12 07:52:11 fedora kernel: SELinux:  policy capability always_check_network=0
Mar 12 07:52:11 fedora kernel: SELinux:  policy capability cgroup_seclabel=1
Mar 12 07:52:11 fedora kernel: SELinux:  policy capability nnp_nosuid_transition=1
Mar 12 07:52:11 fedora kernel: SELinux:  policy capability genfs_seclabel_symlinks=1
Mar 12 07:52:11 fedora kernel: SELinux:  policy capability ioctl_skip_cloexec=0
Mar 12 07:52:11 fedora kernel: audit: type=1403 audit(1678607529.486:2): auid=4294967295 ses=4294967295 lsm=selinux res=1
Mar 12 07:52:11 fedora systemd[1]: Successfully loaded SELinux policy in 229.410ms.
Mar 12 07:52:11 fedora kernel: audit: type=1400 audit(1678607529.547:3): avc:  denied  { write } for  pid=1 comm="systemd" name="core_pattern" dev="proc" ino=252 scontext=system_u:system_r:kernel_t:s0 tcontext=system_u:object_r:usermodehelper_t:s0 tclass=file permissive=1
Mar 12 07:52:11 fedora kernel: audit: type=1400 audit(1678607529.549:4): avc:  denied  { read } for  pid=1 comm="systemd" name="net" dev="proc" ino=4026531845 scontext=system_u:system_r:kernel_t:s0 tcontext=system_u:object_r:proc_net_t:s0 tclass=lnk_file permissive=1
Mar 12 07:52:11 fedora kernel: audit: type=1400 audit(1678607529.608:5): avc:  denied  { relabelfrom } for  pid=1 comm="systemd" name="/" dev="sysfs" ino=1 scontext=system_u:system_r:kernel_t:s0 tcontext=system_u:object_r:sysfs_t:s0 tclass=dir permissive=1
Mar 12 07:52:11 fedora kernel: audit: type=1400 audit(1678607529.608:6): avc:  denied  { relabelto } for  pid=1 comm="systemd" name="/" dev="sysfs" ino=1 scontext=system_u:system_r:kernel_t:s0 tcontext=system_u:object_r:sysfs_t:s0 tclass=dir permissive=1
Mar 12 07:52:11 fedora kernel: audit: type=1400 audit(1678607529.609:7): avc:  denied  { relabelfrom } for  pid=1 comm="systemd" name="/" dev="devtmpfs" ino=1 scontext=system_u:system_r:kernel_t:s0 tcontext=system_u:object_r:device_t:s0 tclass=dir permissive=1
Mar 12 07:52:11 fedora kernel: audit: type=1400 audit(1678607529.609:8): avc:  denied  { relabelto } for  pid=1 comm="systemd" name="/" dev="devtmpfs" ino=1 scontext=system_u:system_r:kernel_t:s0 tcontext=system_u:object_r:device_t:s0 tclass=dir permissive=1
Mar 12 07:52:11 fedora kernel: audit: type=1400 audit(1678607529.609:9): avc:  denied  { relabelfrom } for  pid=1 comm="systemd" name="/" dev="tmpfs" ino=1 scontext=system_u:system_r:kernel_t:s0 tcontext=system_u:object_r:tmpfs_t:s0 tclass=dir permissive=1
Mar 12 07:52:11 fedora kernel: audit: type=1400 audit(1678607529.609:10): avc:  denied  { relabelto } for  pid=1 comm="systemd" name="/" dev="tmpfs" ino=1 scontext=system_u:system_r:kernel_t:s0 tcontext=system_u:object_r:tmpfs_t:s0 tclass=dir permissive=1
Mar 12 07:52:11 fedora kernel: audit: type=1400 audit(1678607529.609:11): avc:  denied  { relabelfrom } for  pid=1 comm="systemd" name="/" dev="devpts" ino=1 scontext=system_u:system_r:kernel_t:s0 tcontext=system_u:object_r:devpts_t:s0 tclass=dir permissive=1
Mar 12 07:52:11 fedora systemd[1]: Relabelled /dev, /dev/shm, /run, /sys/fs/cgroup in 111.679ms.
Mar 12 07:52:11 fedora systemd[1]: systemd 253.1-4.fc39 running in system mode (+PAM +AUDIT +SELINUX -APPARMOR +IMA +SMACK +SECCOMP -GCRYPT +GNUTLS +OPENSSL +ACL +BLKID +CURL +ELFUTILS +FIDO2 +IDN2 -IDN -IPTC +KMOD +LIBCRYPTSETUP +LIBFDISK +PCRE2 +PWQUALITY +P11KIT +QRENCODE +TPM2 +BZIP2 +LZ4 +XZ +ZLIB +ZSTD +BPF_FRAMEWORK +XKBCOMMON +UTMP +SYSVINIT default-hierarchy=unified)
Mar 12 07:52:11 fedora systemd[1]: Detected virtualization kvm.
Mar 12 07:52:11 fedora systemd[1]: Detected architecture x86-64.
Mar 12 07:52:11 fedora systemd[1]: Initializing machine ID from VM UUID.
Mar 12 07:52:11 fedora systemd[1]: bpf-lsm: LSM BPF program attached
Mar 12 07:52:11 fedora kernel: zram: Added device: zram0
Mar 12 07:52:11 fedora systemd[1]: initrd-switch-root.service: Deactivated successfully.
Mar 12 07:52:11 fedora systemd[1]: Stopped initrd-switch-root.service - Switch Root.
Mar 12 07:52:11 fedora systemd[1]: systemd-journald.service: Scheduled restart job, restart counter is at 1.
Mar 12 07:52:11 fedora systemd[1]: Created slice system-anaconda\x2dtmux.slice - Slice /system/anaconda-tmux.
Mar 12 07:52:11 fedora systemd[1]: Created slice system-sshd\x2dkeygen.slice - Slice /system/sshd-keygen.
Mar 12 07:52:11 fedora systemd[1]: Created slice system-systemd\x2dzram\x2dsetup.slice - Slice /system/systemd-zram-setup.
Mar 12 07:52:11 fedora systemd[1]: Created slice user.slice - User and Session Slice.
Mar 12 07:52:11 fedora systemd[1]: systemd-ask-password-console.path - Dispatch Password Requests to Console Directory Watch was skipped because of an unmet condition check (ConditionPathExists=!/run/plymouth/pid).
Mar 12 07:52:11 fedora systemd[1]: Set up automount proc-sys-fs-binfmt_misc.automount - Arbitrary Executable File Formats File System Automount Point.
Mar 12 07:52:11 fedora systemd[1]: Reached target cryptsetup.target - Local Encrypted Volumes.
Mar 12 07:52:11 fedora systemd[1]: Stopped target initrd-switch-root.target - Switch Root.
Mar 12 07:52:11 fedora systemd[1]: Stopped target initrd-fs.target - Initrd File Systems.
Mar 12 07:52:11 fedora systemd[1]: Stopped target initrd-root-fs.target - Initrd Root File System.
Mar 12 07:52:11 fedora systemd[1]: Reached target integritysetup.target - Local Integrity Protected Volumes.
Mar 12 07:52:11 fedora systemd[1]: Reached target paths.target - Path Units.
Mar 12 07:52:11 fedora systemd[1]: Reached target slices.target - Slice Units.
Mar 12 07:52:11 fedora systemd[1]: Reached target veritysetup.target - Local Verity Protected Volumes.
Mar 12 07:52:11 fedora systemd[1]: Listening on lvm2-lvmpolld.socket - LVM2 poll daemon socket.
Mar 12 07:52:11 fedora systemd[1]: Listening on multipathd.socket - multipathd control socket.
Mar 12 07:52:11 fedora systemd[1]: Listening on systemd-coredump.socket - Process Core Dump Socket.
Mar 12 07:52:11 fedora systemd[1]: Listening on systemd-initctl.socket - initctl Compatibility Named Pipe.
Mar 12 07:52:11 fedora systemd[1]: Listening on systemd-udevd-control.socket - udev Control Socket.
Mar 12 07:52:11 fedora systemd[1]: Listening on systemd-udevd-kernel.socket - udev Kernel Socket.
Mar 12 07:52:11 fedora systemd[1]: Listening on systemd-userdbd.socket - User Database Manager Socket.
Mar 12 07:52:11 fedora systemd[1]: Mounting dev-hugepages.mount - Huge Pages File System...
Mar 12 07:52:11 fedora systemd[1]: Mounting dev-mqueue.mount - POSIX Message Queue File System...
Mar 12 07:52:11 fedora systemd[1]: Mounting sys-kernel-debug.mount - Kernel Debug File System...
Mar 12 07:52:11 fedora systemd[1]: Mounting sys-kernel-tracing.mount - Kernel Trace File System...
Mar 12 07:52:11 fedora systemd[1]: iscsi-starter.service was skipped because of an unmet condition check (ConditionDirectoryNotEmpty=/var/lib/iscsi/nodes).
Mar 12 07:52:11 fedora systemd[1]: Starting kmod-static-nodes.service - Create List of Static Device Nodes...
Mar 12 07:52:11 fedora systemd[1]: Starting modprobe@configfs.service - Load Kernel Module configfs...
Mar 12 07:52:11 fedora systemd[1]: Starting modprobe@dm_mod.service - Load Kernel Module dm_mod...
Mar 12 07:52:11 fedora systemd[1]: Starting modprobe@drm.service - Load Kernel Module drm...
Mar 12 07:52:11 fedora systemd[1]: Starting modprobe@fuse.service - Load Kernel Module fuse...
Mar 12 07:52:11 fedora systemd[1]: Starting modprobe@loop.service - Load Kernel Module loop...
Mar 12 07:52:11 fedora systemd[1]: plymouth-switch-root.service: Deactivated successfully.
Mar 12 07:52:11 fedora systemd[1]: Stopped plymouth-switch-root.service - Plymouth switch root service.
Mar 12 07:52:11 fedora systemd[1]: Stopped systemd-journald.service - Journal Service.
Mar 12 07:52:11 fedora systemd[1]: Listening on systemd-journald-audit.socket - Journal Audit Socket.
Mar 12 07:52:11 fedora kernel: fuse: init (API version 7.38)
Mar 12 07:52:11 fedora systemd[1]: Starting systemd-journald.service - Journal Service...
Mar 12 07:52:11 fedora systemd[1]: Starting systemd-modules-load.service - Load Kernel Modules...
Mar 12 07:52:11 fedora systemd[1]: Starting systemd-network-generator.service - Generate network units from Kernel command line...
Mar 12 07:52:11 fedora systemd[1]: systemd-pcrmachine.service - TPM2 PCR Machine ID Measurement was skipped because of an unmet condition check (ConditionPathExists=/sys/firmware/efi/efivars/StubPcrKernelImage-4a67b082-0a4c-41cf-b6c7-440b29bb8c4f).
Mar 12 07:52:11 fedora systemd[1]: Starting systemd-remount-fs.service - Remount Root and Kernel File Systems...
Mar 12 07:52:11 fedora systemd[1]: Starting systemd-udev-trigger.service - Coldplug All udev Devices...
Mar 12 07:52:11 fedora systemd[1]: Mounted dev-hugepages.mount - Huge Pages File System.
Mar 12 07:52:11 fedora systemd[1]: Mounted dev-mqueue.mount - POSIX Message Queue File System.
Mar 12 07:52:11 fedora systemd[1]: Mounted sys-kernel-debug.mount - Kernel Debug File System.
Mar 12 07:52:11 fedora systemd[1]: Mounted sys-kernel-tracing.mount - Kernel Trace File System.
Mar 12 07:52:11 fedora systemd-journald[1613]: Collecting audit messages is enabled.
Mar 12 07:52:11 fedora systemd[1]: Finished kmod-static-nodes.service - Create List of Static Device Nodes.
Mar 12 07:52:11 fedora systemd-journald[1613]: Journal started
Mar 12 07:52:11 fedora systemd-journald[1613]: Runtime Journal (/run/log/journal/b5f9b079e5b04e51b1d02e4cf25ba004) is 8.0M, max 78.0M, 70.0M free.
Mar 12 07:52:11 fedora systemd[1]: Queued start job for default target anaconda.target.
Mar 12 07:52:11 fedora systemd[1]: systemd-journald.service: Deactivated successfully.
Mar 12 07:52:11 fedora systemd[1]: Started systemd-journald.service - Journal Service.
Mar 12 07:52:11 fedora audit[1]: SERVICE_START pid=1 uid=0 auid=4294967295 ses=4294967295 subj=system_u:system_r:kernel_t:s0 msg='unit=kmod-static-nodes comm="systemd" exe="/usr/lib/systemd/systemd" hostname=? addr=? terminal=? res=success'
Mar 12 07:52:11 fedora audit[1]: SERVICE_START pid=1 uid=0 auid=4294967295 ses=4294967295 subj=system_u:system_r:kernel_t:s0 msg='unit=systemd-journald comm="systemd" exe="/usr/lib/systemd/systemd" hostname=? addr=? terminal=? res=success'
Mar 12 07:52:11 fedora systemd[1]: modprobe@configfs.service: Deactivated successfully.
Mar 12 07:52:11 fedora systemd[1]: Finished modprobe@configfs.service - Load Kernel Module configfs.
Mar 12 07:52:11 fedora audit[1]: SERVICE_START pid=1 uid=0 auid=4294967295 ses=4294967295 subj=system_u:system_r:kernel_t:s0 msg='unit=modprobe@configfs comm="systemd" exe="/usr/lib/systemd/systemd" hostname=? addr=? terminal=? res=success'
Mar 12 07:52:11 fedora audit[1]: SERVICE_STOP pid=1 uid=0 auid=4294967295 ses=4294967295 subj=system_u:system_r:kernel_t:s0 msg='unit=modprobe@configfs comm="systemd" exe="/usr/lib/systemd/systemd" hostname=? addr=? terminal=? res=success'
Mar 12 07:52:11 fedora systemd[1]: modprobe@dm_mod.service: Deactivated successfully.
Mar 12 07:52:11 fedora systemd[1]: Finished modprobe@dm_mod.service - Load Kernel Module dm_mod.
Mar 12 07:52:11 fedora audit[1]: SERVICE_START pid=1 uid=0 auid=4294967295 ses=4294967295 subj=system_u:system_r:kernel_t:s0 msg='unit=modprobe@dm_mod comm="systemd" exe="/usr/lib/systemd/systemd" hostname=? addr=? terminal=? res=success'
Mar 12 07:52:11 fedora audit[1]: SERVICE_STOP pid=1 uid=0 auid=4294967295 ses=4294967295 subj=system_u:system_r:kernel_t:s0 msg='unit=modprobe@dm_mod comm="systemd" exe="/usr/lib/systemd/systemd" hostname=? addr=? terminal=? res=success'
Mar 12 07:52:11 fedora systemd[1]: modprobe@drm.service: Deactivated successfully.
Mar 12 07:52:11 fedora systemd[1]: Finished modprobe@drm.service - Load Kernel Module drm.
Mar 12 07:52:11 fedora audit[1]: SERVICE_START pid=1 uid=0 auid=4294967295 ses=4294967295 subj=system_u:system_r:kernel_t:s0 msg='unit=modprobe@drm comm="systemd" exe="/usr/lib/systemd/systemd" hostname=? addr=? terminal=? res=success'
Mar 12 07:52:11 fedora audit[1]: SERVICE_STOP pid=1 uid=0 auid=4294967295 ses=4294967295 subj=system_u:system_r:kernel_t:s0 msg='unit=modprobe@drm comm="systemd" exe="/usr/lib/systemd/systemd" hostname=? addr=? terminal=? res=success'
Mar 12 07:52:11 fedora systemd[1]: modprobe@fuse.service: Deactivated successfully.
Mar 12 07:52:11 fedora systemd[1]: Finished modprobe@fuse.service - Load Kernel Module fuse.
Mar 12 07:52:11 fedora audit[1]: SERVICE_START pid=1 uid=0 auid=4294967295 ses=4294967295 subj=system_u:system_r:kernel_t:s0 msg='unit=modprobe@fuse comm="systemd" exe="/usr/lib/systemd/systemd" hostname=? addr=? terminal=? res=success'
Mar 12 07:52:11 fedora audit[1]: SERVICE_STOP pid=1 uid=0 auid=4294967295 ses=4294967295 subj=system_u:system_r:kernel_t:s0 msg='unit=modprobe@fuse comm="systemd" exe="/usr/lib/systemd/systemd" hostname=? addr=? terminal=? res=success'
Mar 12 07:52:11 fedora systemd[1]: modprobe@loop.service: Deactivated successfully.
Mar 12 07:52:11 fedora systemd[1]: Finished modprobe@loop.service - Load Kernel Module loop.
Mar 12 07:52:11 fedora audit[1]: SERVICE_START pid=1 uid=0 auid=4294967295 ses=4294967295 subj=system_u:system_r:kernel_t:s0 msg='unit=modprobe@loop comm="systemd" exe="/usr/lib/systemd/systemd" hostname=? addr=? terminal=? res=success'
Mar 12 07:52:11 fedora audit[1]: SERVICE_STOP pid=1 uid=0 auid=4294967295 ses=4294967295 subj=system_u:system_r:kernel_t:s0 msg='unit=modprobe@loop comm="systemd" exe="/usr/lib/systemd/systemd" hostname=? addr=? terminal=? res=success'
Mar 12 07:52:11 fedora systemd[1]: Finished systemd-modules-load.service - Load Kernel Modules.
Mar 12 07:52:11 fedora audit[1]: SERVICE_START pid=1 uid=0 auid=4294967295 ses=4294967295 subj=system_u:system_r:kernel_t:s0 msg='unit=systemd-modules-load comm="systemd" exe="/usr/lib/systemd/systemd" hostname=? addr=? terminal=? res=success'
Mar 12 07:52:11 fedora systemd[1]: Finished systemd-network-generator.service - Generate network units from Kernel command line.
Mar 12 07:52:11 fedora audit[1]: SERVICE_START pid=1 uid=0 auid=4294967295 ses=4294967295 subj=system_u:system_r:kernel_t:s0 msg='unit=systemd-network-generator comm="systemd" exe="/usr/lib/systemd/systemd" hostname=? addr=? terminal=? res=success'
Mar 12 07:52:11 fedora systemd[1]: Finished systemd-remount-fs.service - Remount Root and Kernel File Systems.
Mar 12 07:52:11 fedora audit[1]: SERVICE_START pid=1 uid=0 auid=4294967295 ses=4294967295 subj=system_u:system_r:kernel_t:s0 msg='unit=systemd-remount-fs comm="systemd" exe="/usr/lib/systemd/systemd" hostname=? addr=? terminal=? res=success'
Mar 12 07:52:11 fedora systemd[1]: Finished systemd-udev-trigger.service - Coldplug All udev Devices.
Mar 12 07:52:11 fedora audit[1]: SERVICE_START pid=1 uid=0 auid=4294967295 ses=4294967295 subj=system_u:system_r:kernel_t:s0 msg='unit=systemd-udev-trigger comm="systemd" exe="/usr/lib/systemd/systemd" hostname=? addr=? terminal=? res=success'
Mar 12 07:52:11 fedora systemd[1]: Reached target network-pre.target - Preparation for Network.
Mar 12 07:52:11 fedora systemd[1]: Mounting sys-fs-fuse-connections.mount - FUSE Control File System...
Mar 12 07:52:11 fedora systemd[1]: iscsi-onboot.service - Special handling of early boot iSCSI sessions was skipped because of an unmet condition check (ConditionDirectoryNotEmpty=/sys/class/iscsi_session).
Mar 12 07:52:11 fedora systemd[1]: Starting multipathd.service - Device-Mapper Multipath Device Controller...
Mar 12 07:52:11 fedora systemd[1]: ostree-remount.service - OSTree Remount OS/ Bind Mounts was skipped because of an unmet condition check (ConditionKernelCommandLine=ostree).
Mar 12 07:52:11 fedora systemd[1]: systemd-firstboot.service - First Boot Wizard was skipped because of an unmet condition check (ConditionFirstBoot=yes).
Mar 12 07:52:11 fedora systemd[1]: Starting systemd-hwdb-update.service - Rebuild Hardware Database...
Mar 12 07:52:11 fedora systemd[1]: Starting systemd-journal-flush.service - Flush Journal to Persistent Storage...
Mar 12 07:52:11 fedora systemd[1]: Starting systemd-random-seed.service - Load/Save OS Random Seed...
Mar 12 07:52:11 fedora systemd[1]: systemd-repart.service - Repartition Root Disk was skipped because no trigger condition checks were met.
Mar 12 07:52:11 fedora systemd[1]: Starting systemd-sysctl.service - Apply Kernel Variables...
Mar 12 07:52:11 fedora systemd-journald[1613]: Runtime Journal (/run/log/journal/b5f9b079e5b04e51b1d02e4cf25ba004) is 8.0M, max 78.0M, 70.0M free.
Mar 12 07:52:11 fedora systemd-journald[1613]: Received client request to flush runtime journal.
Mar 12 07:52:11 fedora systemd[1]: Starting systemd-sysusers.service - Create System Users...
Mar 12 07:52:11 fedora systemd[1]: Starting systemd-udev-settle.service - Wait for udev To Complete Device Initialization...
Mar 12 07:52:11 fedora systemd[1]: Mounted sys-fs-fuse-connections.mount - FUSE Control File System.
Mar 12 07:52:11 fedora systemd[1]: Finished systemd-journal-flush.service - Flush Journal to Persistent Storage.
Mar 12 07:52:11 fedora audit[1]: SERVICE_START pid=1 uid=0 auid=4294967295 ses=4294967295 subj=system_u:system_r:kernel_t:s0 msg='unit=systemd-journal-flush comm="systemd" exe="/usr/lib/systemd/systemd" hostname=? addr=? terminal=? res=success'
Mar 12 07:52:11 fedora systemd[1]: Finished systemd-random-seed.service - Load/Save OS Random Seed.
Mar 12 07:52:11 fedora audit[1]: SERVICE_START pid=1 uid=0 auid=4294967295 ses=4294967295 subj=system_u:system_r:kernel_t:s0 msg='unit=systemd-random-seed comm="systemd" exe="/usr/lib/systemd/systemd" hostname=? addr=? terminal=? res=success'
Mar 12 07:52:11 fedora systemd[1]: first-boot-complete.target - First Boot Complete was skipped because of an unmet condition check (ConditionFirstBoot=yes).
Mar 12 07:52:11 fedora audit[1628]: AVC avc:  denied  { remount } for  pid=1628 comm="(sd-mkdcreds)" scontext=system_u:system_r:kernel_t:s0 tcontext=system_u:object_r:tmpfs_t:s0 tclass=filesystem permissive=1
Mar 12 07:52:11 fedora audit[1628]: SYSCALL arch=c000003e syscall=165 success=yes exit=0 a0=0 a1=7fffed51f220 a2=0 a3=102f items=0 ppid=1624 pid=1628 auid=4294967295 uid=0 gid=0 euid=0 suid=0 fsuid=0 egid=0 sgid=0 fsgid=0 tty=(none) ses=4294967295 comm="(sd-mkdcreds)" exe="/usr/lib/systemd/systemd" subj=system_u:system_r:kernel_t:s0 key=(null)
Mar 12 07:52:11 fedora audit: PROCTITLE proctitle="(sd-mkdcreds)"
Mar 12 07:52:11 fedora audit[1628]: AVC avc:  denied  { mounton } for  pid=1628 comm="(sd-mkdcreds)" path="/run/credentials/systemd-sysctl.service" dev="tmpfs" ino=552 scontext=system_u:system_r:kernel_t:s0 tcontext=system_u:object_r:var_run_t:s0 tclass=dir permissive=1
Mar 12 07:52:11 fedora audit[1628]: SYSCALL arch=c000003e syscall=165 success=yes exit=0 a0=7fd69fe7e2e5 a1=7fffed51f220 a2=0 a3=2000 items=1 ppid=1624 pid=1628 auid=4294967295 uid=0 gid=0 euid=0 suid=0 fsuid=0 egid=0 sgid=0 fsgid=0 tty=(none) ses=4294967295 comm="(sd-mkdcreds)" exe="/usr/lib/systemd/systemd" subj=system_u:system_r:kernel_t:s0 key=(null)
Mar 12 07:52:11 fedora audit: CWD cwd="/"
Mar 12 07:52:11 fedora audit: PATH item=0 name="/dev/shm" inode=16782 dev=00:24 mode=040500 ouid=0 ogid=0 rdev=00:00 obj=system_u:object_r:var_run_t:s0 nametype=NORMAL cap_fp=0 cap_fi=0 cap_fe=0 cap_fver=0 cap_frootid=0
Mar 12 07:52:11 fedora audit: PROCTITLE proctitle="(sd-mkdcreds)"
Mar 12 07:52:11 fedora audit[1]: AVC avc:  denied  { compute_av } for  pid=1 comm="systemd" scontext=system_u:system_r:kernel_t:s0 tcontext=system_u:object_r:security_t:s0 tclass=security permissive=1
Mar 12 07:52:11 fedora audit[1]: USER_AVC pid=1 uid=0 auid=4294967295 ses=4294967295 subj=system_u:system_r:kernel_t:s0 msg='avc:  denied  { status } for auid=n/a uid=0 gid=0 path="/usr/lib/systemd/system/systemd-udev-settle.service" cmdline="" function="mac_selinux_filter" scontext=system_u:system_r:kernel_t:s0 tcontext=system_u:object_r:mock_var_lib_t:s0 tclass=service permissive=1 exe="/usr/lib/systemd/systemd" sauid=0 hostname=? addr=? terminal=?'
Mar 12 07:52:11 fedora udevadm[1626]: systemd-udev-settle.service is deprecated. Please fix anaconda-direct.service, anaconda.target, anaconda-pre.service not to pull it in.
Mar 12 07:52:11 fedora audit[1624]: AVC avc:  denied  { write } for  pid=1624 comm="systemd-sysctl" name="ptrace_scope" dev="proc" ino=2113 scontext=system_u:system_r:kernel_t:s0 tcontext=system_u:object_r:sysctl_kernel_t:s0 tclass=file permissive=1
Mar 12 07:52:11 fedora audit[1624]: SYSCALL arch=c000003e syscall=257 success=yes exit=4 a0=ffffff9c a1=7fff515115b0 a2=80102 a3=0 items=0 ppid=1 pid=1624 auid=4294967295 uid=0 gid=0 euid=0 suid=0 fsuid=0 egid=0 sgid=0 fsgid=0 tty=(none) ses=4294967295 comm="systemd-sysctl" exe="/usr/lib/systemd/systemd-sysctl" subj=system_u:system_r:kernel_t:s0 key=(null)
Mar 12 07:52:11 fedora audit: PROCTITLE proctitle="/usr/lib/systemd/systemd-sysctl"
Mar 12 07:52:11 fedora audit[1624]: AVC avc:  denied  { read write } for  pid=1624 comm="systemd-sysctl" name="suid_dumpable" dev="proc" ino=2115 scontext=system_u:system_r:kernel_t:s0 tcontext=system_u:object_r:proc_security_t:s0 tclass=file permissive=1
Mar 12 07:52:11 fedora audit[1624]: AVC avc:  denied  { open } for  pid=1624 comm="systemd-sysctl" path="/proc/sys/fs/suid_dumpable" dev="proc" ino=2115 scontext=system_u:system_r:kernel_t:s0 tcontext=system_u:object_r:proc_security_t:s0 tclass=file permissive=1
Mar 12 07:52:11 fedora audit[1624]: SYSCALL arch=c000003e syscall=257 success=yes exit=4 a0=ffffff9c a1=7fff515115b0 a2=80102 a3=0 items=0 ppid=1 pid=1624 auid=4294967295 uid=0 gid=0 euid=0 suid=0 fsuid=0 egid=0 sgid=0 fsgid=0 tty=(none) ses=4294967295 comm="systemd-sysctl" exe="/usr/lib/systemd/systemd-sysctl" subj=system_u:system_r:kernel_t:s0 key=(null)
Mar 12 07:52:11 fedora audit: PROCTITLE proctitle="/usr/lib/systemd/systemd-sysctl"
Mar 12 07:52:11 fedora audit[1624]: AVC avc:  denied  { getattr } for  pid=1624 comm="systemd-sysctl" path="/proc/sys/fs/suid_dumpable" dev="proc" ino=2115 scontext=system_u:system_r:kernel_t:s0 tcontext=system_u:object_r:proc_security_t:s0 tclass=file permissive=1
Mar 12 07:52:11 fedora audit[1624]: SYSCALL arch=c000003e syscall=262 success=yes exit=0 a0=4 a1=7f162bdbdb8e a2=7fff515113d0 a3=1000 items=0 ppid=1 pid=1624 auid=4294967295 uid=0 gid=0 euid=0 suid=0 fsuid=0 egid=0 sgid=0 fsgid=0 tty=(none) ses=4294967295 comm="systemd-sysctl" exe="/usr/lib/systemd/systemd-sysctl" subj=system_u:system_r:kernel_t:s0 key=(null)
Mar 12 07:52:11 fedora audit: PROCTITLE proctitle="/usr/lib/systemd/systemd-sysctl"
Mar 12 07:52:11 fedora audit[1624]: AVC avc:  denied  { read write } for  pid=1624 comm="systemd-sysctl" name="rp_filter" dev="proc" ino=2121 scontext=system_u:system_r:kernel_t:s0 tcontext=system_u:object_r:sysctl_net_t:s0 tclass=file permissive=1
Mar 12 07:52:11 fedora audit[1624]: AVC avc:  denied  { open } for  pid=1624 comm="systemd-sysctl" path="/proc/sys/net/ipv4/conf/default/rp_filter" dev="proc" ino=2121 scontext=system_u:system_r:kernel_t:s0 tcontext=system_u:object_r:sysctl_net_t:s0 tclass=file permissive=1
Mar 12 07:52:11 fedora audit[1624]: SYSCALL arch=c000003e syscall=257 success=yes exit=4 a0=ffffff9c a1=7fff515115a0 a2=80102 a3=0 items=0 ppid=1 pid=1624 auid=4294967295 uid=0 gid=0 euid=0 suid=0 fsuid=0 egid=0 sgid=0 fsgid=0 tty=(none) ses=4294967295 comm="systemd-sysctl" exe="/usr/lib/systemd/systemd-sysctl" subj=system_u:system_r:kernel_t:s0 key=(null)
Mar 12 07:52:11 fedora audit: PROCTITLE proctitle="/usr/lib/systemd/systemd-sysctl"
Mar 12 07:52:11 fedora audit[1624]: AVC avc:  denied  { getattr } for  pid=1624 comm="systemd-sysctl" path="/proc/sys/net/ipv4/conf/default/rp_filter" dev="proc" ino=2121 scontext=system_u:system_r:kernel_t:s0 tcontext=system_u:object_r:sysctl_net_t:s0 tclass=file permissive=1
Mar 12 07:52:11 fedora audit[1624]: SYSCALL arch=c000003e syscall=262 success=yes exit=0 a0=4 a1=7f162bdbdb8e a2=7fff515113c0 a3=1000 items=0 ppid=1 pid=1624 auid=4294967295 uid=0 gid=0 euid=0 suid=0 fsuid=0 egid=0 sgid=0 fsgid=0 tty=(none) ses=4294967295 comm="systemd-sysctl" exe="/usr/lib/systemd/systemd-sysctl" subj=system_u:system_r:kernel_t:s0 key=(null)
Mar 12 07:52:11 fedora audit: PROCTITLE proctitle="/usr/lib/systemd/systemd-sysctl"
Mar 12 07:52:11 fedora audit[1624]: AVC avc:  denied  { read } for  pid=1624 comm="systemd-sysctl" name="conf" dev="proc" ino=2119 scontext=system_u:system_r:kernel_t:s0 tcontext=system_u:object_r:sysctl_net_t:s0 tclass=dir permissive=1
Mar 12 07:52:11 fedora audit[1624]: AVC avc:  denied  { open } for  pid=1624 comm="systemd-sysctl" path="/proc/sys/net/ipv4/conf" dev="proc" ino=2119 scontext=system_u:system_r:kernel_t:s0 tcontext=system_u:object_r:sysctl_net_t:s0 tclass=dir permissive=1
