Mar 12 07:45:52 fedora kernel: Linux version 5.17.5-300.fc36.x86_64 (mockbuild@bkernel01.iad2.fedoraproject.org) (gcc (GCC) 12.0.1 20220413 (Red Hat 12.0.1-0), GNU ld version 2.37-24.fc36) #1 SMP PREEMPT Thu Apr 28 15:51:30 UTC 2022
Mar 12 07:45:52 fedora kernel: Command line: inst.method=https://kojipkgs.fedoraproject.org/compose/36/latest-Fedora-36/compose/Everything/x86_64/os/ inst.ks=file:/ks.cfg
Mar 12 07:45:52 fedora kernel: x86/fpu: Supporting XSAVE feature 0x001: 'x87 floating point registers'
Mar 12 07:45:52 fedora kernel: x86/fpu: Supporting XSAVE feature 0x002: 'SSE registers'
Mar 12 07:45:52 fedora kernel: x86/fpu: Supporting XSAVE feature 0x004: 'AVX registers'
Mar 12 07:45:52 fedora kernel: x86/fpu: Supporting XSAVE feature 0x020: 'AVX-512 opmask'
Mar 12 07:45:52 fedora kernel: x86/fpu: Supporting XSAVE feature 0x040: 'AVX-512 Hi256'
Mar 12 07:45:52 fedora kernel: x86/fpu: Supporting XSAVE feature 0x080: 'AVX-512 ZMM_Hi256'
Mar 12 07:45:52 fedora kernel: x86/fpu: Supporting XSAVE feature 0x200: 'Protection Keys User registers'
Mar 12 07:45:52 fedora kernel: x86/fpu: xstate_offset[2]:  576, xstate_sizes[2]:  256
Mar 12 07:45:52 fedora kernel: x86/fpu: xstate_offset[5]: 1088, xstate_sizes[5]:   64
Mar 12 07:45:52 fedora kernel: x86/fpu: xstate_offset[6]: 1152, xstate_sizes[6]:  512
Mar 12 07:45:52 fedora kernel: x86/fpu: xstate_offset[7]: 1664, xstate_sizes[7]: 1024
Mar 12 07:45:52 fedora kernel: x86/fpu: xstate_offset[9]: 2688, xstate_sizes[9]:    8
Mar 12 07:45:52 fedora kernel: x86/fpu: Enabled xstate features 0x2e7, context size is 2696 bytes, using 'standard' format.
Mar 12 07:45:52 fedora kernel: signal: max sigframe size: 3632
Mar 12 07:45:52 fedora kernel: BIOS-provided physical RAM map:
Mar 12 07:45:52 fedora kernel: BIOS-e820: [mem 0x0000000000000000-0x000000000009fbff] usable
Mar 12 07:45:52 fedora kernel: BIOS-e820: [mem 0x000000000009fc00-0x000000000009ffff] reserved
Mar 12 07:45:52 fedora kernel: BIOS-e820: [mem 0x00000000000f0000-0x00000000000fffff] reserved
Mar 12 07:45:52 fedora kernel: BIOS-e820: [mem 0x0000000000100000-0x00000000bffdafff] usable
Mar 12 07:45:52 fedora kernel: BIOS-e820: [mem 0x00000000bffdb000-0x00000000bfffffff] reserved
Mar 12 07:45:52 fedora kernel: BIOS-e820: [mem 0x00000000feffc000-0x00000000feffffff] reserved
Mar 12 07:45:52 fedora kernel: BIOS-e820: [mem 0x00000000fffc0000-0x00000000ffffffff] reserved
Mar 12 07:45:52 fedora kernel: BIOS-e820: [mem 0x0000000100000000-0x000000013fffffff] usable
Mar 12 07:45:52 fedora kernel: NX (Execute Disable) protection: active
Mar 12 07:45:52 fedora kernel: SMBIOS 2.8 present.
Mar 12 07:45:52 fedora kernel: DMI: QEMU Standard PC (i440FX + PIIX, 1996), BIOS 1.16.1-2.fc37 04/01/2014
Mar 12 07:45:52 fedora kernel: Hypervisor detected: KVM
Mar 12 07:45:52 fedora kernel: kvm-clock: Using msrs 4b564d01 and 4b564d00
Mar 12 07:45:52 fedora kernel: kvm-clock: using sched offset of 705145774 cycles
Mar 12 07:45:52 fedora kernel: clocksource: kvm-clock: mask: 0xffffffffffffffff max_cycles: 0x1cd42e4dffb, max_idle_ns: 881590591483 ns
Mar 12 07:45:52 fedora kernel: tsc: Detected 2095.078 MHz processor
Mar 12 07:45:52 fedora kernel: e820: update [mem 0x00000000-0x00000fff] usable ==> reserved
Mar 12 07:45:52 fedora kernel: e820: remove [mem 0x000a0000-0x000fffff] usable
Mar 12 07:45:52 fedora kernel: last_pfn = 0x140000 max_arch_pfn = 0x400000000
Mar 12 07:45:52 fedora kernel: x86/PAT: Configuration [0-7]: WB  WC  UC- UC  WB  WP  UC- WT  
Mar 12 07:45:52 fedora kernel: last_pfn = 0xbffdb max_arch_pfn = 0x400000000
Mar 12 07:45:52 fedora kernel: found SMP MP-table at [mem 0x000f5b50-0x000f5b5f]
Mar 12 07:45:52 fedora kernel: Using GB pages for direct mapping
Mar 12 07:45:52 fedora kernel: RAMDISK: [mem 0xba028000-0xbffcffff]
Mar 12 07:45:52 fedora kernel: ACPI: Early table checksum verification disabled
Mar 12 07:45:52 fedora kernel: ACPI: RSDP 0x00000000000F5B10 000014 (v00 BOCHS )
Mar 12 07:45:52 fedora kernel: ACPI: RSDT 0x00000000BFFE1786 000034 (v01 BOCHS  BXPC     00000001 BXPC 00000001)
Mar 12 07:45:52 fedora kernel: ACPI: FACP 0x00000000BFFE1622 000074 (v01 BOCHS  BXPC     00000001 BXPC 00000001)
Mar 12 07:45:52 fedora kernel: ACPI: DSDT 0x00000000BFFDFDC0 001862 (v01 BOCHS  BXPC     00000001 BXPC 00000001)
Mar 12 07:45:52 fedora kernel: ACPI: FACS 0x00000000BFFDFD80 000040
Mar 12 07:45:52 fedora kernel: ACPI: APIC 0x00000000BFFE1696 000090 (v01 BOCHS  BXPC     00000001 BXPC 00000001)
Mar 12 07:45:52 fedora kernel: ACPI: HPET 0x00000000BFFE1726 000038 (v01 BOCHS  BXPC     00000001 BXPC 00000001)
Mar 12 07:45:52 fedora kernel: ACPI: WAET 0x00000000BFFE175E 000028 (v01 BOCHS  BXPC     00000001 BXPC 00000001)
Mar 12 07:45:52 fedora kernel: ACPI: Reserving FACP table memory at [mem 0xbffe1622-0xbffe1695]
Mar 12 07:45:52 fedora kernel: ACPI: Reserving DSDT table memory at [mem 0xbffdfdc0-0xbffe1621]
Mar 12 07:45:52 fedora kernel: ACPI: Reserving FACS table memory at [mem 0xbffdfd80-0xbffdfdbf]
Mar 12 07:45:52 fedora kernel: ACPI: Reserving APIC table memory at [mem 0xbffe1696-0xbffe1725]
Mar 12 07:45:52 fedora kernel: ACPI: Reserving HPET table memory at [mem 0xbffe1726-0xbffe175d]
Mar 12 07:45:52 fedora kernel: ACPI: Reserving WAET table memory at [mem 0xbffe175e-0xbffe1785]
Mar 12 07:45:52 fedora kernel: No NUMA configuration found
Mar 12 07:45:52 fedora kernel: Faking a node at [mem 0x0000000000000000-0x000000013fffffff]
Mar 12 07:45:52 fedora kernel: NODE_DATA(0) allocated [mem 0x13ffd3000-0x13fffdfff]
Mar 12 07:45:52 fedora kernel: Zone ranges:
Mar 12 07:45:52 fedora kernel:   DMA      [mem 0x0000000000001000-0x0000000000ffffff]
Mar 12 07:45:52 fedora kernel:   DMA32    [mem 0x0000000001000000-0x00000000ffffffff]
Mar 12 07:45:52 fedora kernel:   Normal   [mem 0x0000000100000000-0x000000013fffffff]
Mar 12 07:45:52 fedora kernel:   Device   empty
Mar 12 07:45:52 fedora kernel: Movable zone start for each node
Mar 12 07:45:52 fedora kernel: Early memory node ranges
Mar 12 07:45:52 fedora kernel:   node   0: [mem 0x0000000000001000-0x000000000009efff]
Mar 12 07:45:52 fedora kernel:   node   0: [mem 0x0000000000100000-0x00000000bffdafff]
Mar 12 07:45:52 fedora kernel:   node   0: [mem 0x0000000100000000-0x000000013fffffff]
Mar 12 07:45:52 fedora kernel: Initmem setup node 0 [mem 0x0000000000001000-0x000000013fffffff]
Mar 12 07:45:52 fedora kernel: On node 0, zone DMA: 1 pages in unavailable ranges
Mar 12 07:45:52 fedora kernel: On node 0, zone DMA: 97 pages in unavailable ranges
Mar 12 07:45:52 fedora kernel: On node 0, zone Normal: 37 pages in unavailable ranges
Mar 12 07:45:52 fedora kernel: ACPI: PM-Timer IO Port: 0x608
Mar 12 07:45:52 fedora kernel: ACPI: LAPIC_NMI (acpi_id[0xff] dfl dfl lint[0x1])
Mar 12 07:45:52 fedora kernel: IOAPIC[0]: apic_id 0, version 17, address 0xfec00000, GSI 0-23
Mar 12 07:45:52 fedora kernel: ACPI: INT_SRC_OVR (bus 0 bus_irq 0 global_irq 2 dfl dfl)
Mar 12 07:45:52 fedora kernel: ACPI: INT_SRC_OVR (bus 0 bus_irq 5 global_irq 5 high level)
Mar 12 07:45:52 fedora kernel: ACPI: INT_SRC_OVR (bus 0 bus_irq 9 global_irq 9 high level)
Mar 12 07:45:52 fedora kernel: ACPI: INT_SRC_OVR (bus 0 bus_irq 10 global_irq 10 high level)
Mar 12 07:45:52 fedora kernel: ACPI: INT_SRC_OVR (bus 0 bus_irq 11 global_irq 11 high level)
Mar 12 07:45:52 fedora kernel: ACPI: Using ACPI (MADT) for SMP configuration information
Mar 12 07:45:52 fedora kernel: ACPI: HPET id: 0x8086a201 base: 0xfed00000
Mar 12 07:45:52 fedora kernel: TSC deadline timer available
Mar 12 07:45:52 fedora kernel: smpboot: Allowing 4 CPUs, 0 hotplug CPUs
Mar 12 07:45:52 fedora kernel: kvm-guest: KVM setup pv remote TLB flush
Mar 12 07:45:52 fedora kernel: kvm-guest: setup PV sched yield
Mar 12 07:45:52 fedora kernel: PM: hibernation: Registered nosave memory: [mem 0x00000000-0x00000fff]
Mar 12 07:45:52 fedora kernel: PM: hibernation: Registered nosave memory: [mem 0x0009f000-0x0009ffff]
Mar 12 07:45:52 fedora kernel: PM: hibernation: Registered nosave memory: [mem 0x000a0000-0x000effff]
Mar 12 07:45:52 fedora kernel: PM: hibernation: Registered nosave memory: [mem 0x000f0000-0x000fffff]
Mar 12 07:45:52 fedora kernel: PM: hibernation: Registered nosave memory: [mem 0xbffdb000-0xbfffffff]
Mar 12 07:45:52 fedora kernel: PM: hibernation: Registered nosave memory: [mem 0xc0000000-0xfeffbfff]
Mar 12 07:45:52 fedora kernel: PM: hibernation: Registered nosave memory: [mem 0xfeffc000-0xfeffffff]
Mar 12 07:45:52 fedora kernel: PM: hibernation: Registered nosave memory: [mem 0xff000000-0xfffbffff]
Mar 12 07:45:52 fedora kernel: PM: hibernation: Registered nosave memory: [mem 0xfffc0000-0xffffffff]
Mar 12 07:45:52 fedora kernel: [mem 0xc0000000-0xfeffbfff] available for PCI devices
Mar 12 07:45:52 fedora kernel: Booting paravirtualized kernel on KVM
Mar 12 07:45:52 fedora kernel: clocksource: refined-jiffies: mask: 0xffffffff max_cycles: 0xffffffff, max_idle_ns: 1910969940391419 ns
Mar 12 07:45:52 fedora kernel: setup_percpu: NR_CPUS:8192 nr_cpumask_bits:4 nr_cpu_ids:4 nr_node_ids:1
Mar 12 07:45:52 fedora kernel: percpu: Embedded 61 pages/cpu s212992 r8192 d28672 u524288
Mar 12 07:45:52 fedora kernel: pcpu-alloc: s212992 r8192 d28672 u524288 alloc=1*2097152
Mar 12 07:45:52 fedora kernel: pcpu-alloc: [0] 0 1 2 3 
Mar 12 07:45:52 fedora kernel: kvm-guest: PV spinlocks enabled
Mar 12 07:45:52 fedora kernel: PV qspinlock hash table entries: 256 (order: 0, 4096 bytes, linear)
Mar 12 07:45:52 fedora kernel: Fallback order for Node 0: 0 
Mar 12 07:45:52 fedora kernel: Built 1 zonelists, mobility grouping on.  Total pages: 1031899
Mar 12 07:45:52 fedora kernel: Policy zone: Normal
Mar 12 07:45:52 fedora kernel: Kernel command line: inst.method=https://kojipkgs.fedoraproject.org/compose/36/latest-Fedora-36/compose/Everything/x86_64/os/ inst.ks=file:/ks.cfg
Mar 12 07:45:52 fedora kernel: Dentry cache hash table entries: 524288 (order: 10, 4194304 bytes, linear)
Mar 12 07:45:52 fedora kernel: Inode-cache hash table entries: 262144 (order: 9, 2097152 bytes, linear)
Mar 12 07:45:52 fedora kernel: mem auto-init: stack:off, heap alloc:off, heap free:off
Mar 12 07:45:52 fedora kernel: Memory: 3906488K/4193764K available (16393K kernel code, 3660K rwdata, 11176K rodata, 2708K init, 6180K bss, 287016K reserved, 0K cma-reserved)
Mar 12 07:45:52 fedora kernel: random: get_random_u64 called from __kmem_cache_create+0x2a/0x530 with crng_init=0
Mar 12 07:45:52 fedora kernel: SLUB: HWalign=64, Order=0-3, MinObjects=0, CPUs=4, Nodes=1
Mar 12 07:45:52 fedora kernel: ftrace: allocating 49727 entries in 195 pages
Mar 12 07:45:52 fedora kernel: ftrace: allocated 195 pages with 4 groups
Mar 12 07:45:52 fedora kernel: Dynamic Preempt: voluntary
Mar 12 07:45:52 fedora kernel: rcu: Preemptible hierarchical RCU implementation.
Mar 12 07:45:52 fedora kernel: rcu:         RCU restricting CPUs from NR_CPUS=8192 to nr_cpu_ids=4.
Mar 12 07:45:52 fedora kernel:         Trampoline variant of Tasks RCU enabled.
Mar 12 07:45:52 fedora kernel:         Rude variant of Tasks RCU enabled.
Mar 12 07:45:52 fedora kernel:         Tracing variant of Tasks RCU enabled.
Mar 12 07:45:52 fedora kernel: rcu: RCU calculated value of scheduler-enlistment delay is 100 jiffies.
Mar 12 07:45:52 fedora kernel: rcu: Adjusting geometry for rcu_fanout_leaf=16, nr_cpu_ids=4
Mar 12 07:45:52 fedora kernel: NR_IRQS: 524544, nr_irqs: 456, preallocated irqs: 16
Mar 12 07:45:52 fedora kernel: random: crng init done (trusting CPU's manufacturer)
Mar 12 07:45:52 fedora kernel: Console: colour VGA+ 80x25
Mar 12 07:45:52 fedora kernel: printk: console [tty0] enabled
Mar 12 07:45:52 fedora kernel: ACPI: Core revision 20211217
Mar 12 07:45:52 fedora kernel: clocksource: hpet: mask: 0xffffffff max_cycles: 0xffffffff, max_idle_ns: 19112604467 ns
Mar 12 07:45:52 fedora kernel: APIC: Switch to symmetric I/O mode setup
Mar 12 07:45:52 fedora kernel: x2apic enabled
Mar 12 07:45:52 fedora kernel: Switched APIC routing to physical x2apic.
Mar 12 07:45:52 fedora kernel: kvm-guest: setup PV IPIs
Mar 12 07:45:52 fedora kernel: ..TIMER: vector=0x30 apic1=0 pin1=2 apic2=-1 pin2=-1
Mar 12 07:45:52 fedora kernel: clocksource: tsc-early: mask: 0xffffffffffffffff max_cycles: 0x1e3306b9ada, max_idle_ns: 440795224413 ns
Mar 12 07:45:52 fedora kernel: Calibrating delay loop (skipped) preset value.. 4190.15 BogoMIPS (lpj=2095078)
Mar 12 07:45:52 fedora kernel: pid_max: default: 32768 minimum: 301
Mar 12 07:45:52 fedora kernel: LSM: Security Framework initializing
Mar 12 07:45:52 fedora kernel: Yama: becoming mindful.
Mar 12 07:45:52 fedora kernel: SELinux:  Initializing.
Mar 12 07:45:52 fedora kernel: LSM support for eBPF active
Mar 12 07:45:52 fedora kernel: landlock: Up and running.
Mar 12 07:45:52 fedora kernel: Mount-cache hash table entries: 8192 (order: 4, 65536 bytes, linear)
Mar 12 07:45:52 fedora kernel: Mountpoint-cache hash table entries: 8192 (order: 4, 65536 bytes, linear)
Mar 12 07:45:52 fedora kernel: x86/cpu: User Mode Instruction Prevention (UMIP) activated
Mar 12 07:45:52 fedora kernel: Last level iTLB entries: 4KB 0, 2MB 0, 4MB 0
Mar 12 07:45:52 fedora kernel: Last level dTLB entries: 4KB 0, 2MB 0, 4MB 0, 1GB 0
Mar 12 07:45:52 fedora kernel: Spectre V1 : Mitigation: usercopy/swapgs barriers and __user pointer sanitization
Mar 12 07:45:52 fedora kernel: Spectre V2 : Mitigation: Enhanced IBRS
Mar 12 07:45:52 fedora kernel: Spectre V2 : Spectre v2 / SpectreRSB mitigation: Filling RSB on context switch
Mar 12 07:45:52 fedora kernel: Spectre V2 : mitigation: Enabling conditional Indirect Branch Prediction Barrier
Mar 12 07:45:52 fedora kernel: Speculative Store Bypass: Mitigation: Speculative Store Bypass disabled via prctl
Mar 12 07:45:52 fedora kernel: TAA: Mitigation: TSX disabled
Mar 12 07:45:52 fedora kernel: Freeing SMP alternatives memory: 44K
Mar 12 07:45:52 fedora kernel: smpboot: CPU0: Intel Xeon Processor (Cascadelake) (family: 0x6, model: 0x55, stepping: 0x6)
Mar 12 07:45:52 fedora kernel: cblist_init_generic: Setting adjustable number of callback queues.
Mar 12 07:45:52 fedora kernel: cblist_init_generic: Setting shift to 2 and lim to 1.
Mar 12 07:45:52 fedora kernel: cblist_init_generic: Setting shift to 2 and lim to 1.
Mar 12 07:45:52 fedora kernel: cblist_init_generic: Setting shift to 2 and lim to 1.
Mar 12 07:45:52 fedora kernel: Performance Events: unsupported p6 CPU model 85 no PMU driver, software events only.
Mar 12 07:45:52 fedora kernel: rcu: Hierarchical SRCU implementation.
Mar 12 07:45:52 fedora kernel: NMI watchdog: Perf NMI watchdog permanently disabled
Mar 12 07:45:52 fedora kernel: smp: Bringing up secondary CPUs ...
Mar 12 07:45:52 fedora kernel: x86: Booting SMP configuration:
Mar 12 07:45:52 fedora kernel: .... node  #0, CPUs:      #1
Mar 12 07:45:52 fedora kernel: smpboot: CPU 1 Converting physical 0 to logical die 1
Mar 12 07:45:52 fedora kernel:  #2
Mar 12 07:45:52 fedora kernel: smpboot: CPU 2 Converting physical 0 to logical die 2
Mar 12 07:45:52 fedora kernel:  #3
Mar 12 07:45:52 fedora kernel: smpboot: CPU 3 Converting physical 0 to logical die 3
Mar 12 07:45:52 fedora kernel: smp: Brought up 1 node, 4 CPUs
Mar 12 07:45:52 fedora kernel: smpboot: Max logical packages: 4
Mar 12 07:45:52 fedora kernel: smpboot: Total of 4 processors activated (16760.62 BogoMIPS)
Mar 12 07:45:52 fedora kernel: devtmpfs: initialized
Mar 12 07:45:52 fedora kernel: x86/mm: Memory block size: 128MB
Mar 12 07:45:52 fedora kernel: clocksource: jiffies: mask: 0xffffffff max_cycles: 0xffffffff, max_idle_ns: 1911260446275000 ns
Mar 12 07:45:52 fedora kernel: futex hash table entries: 1024 (order: 4, 65536 bytes, linear)
Mar 12 07:45:52 fedora kernel: pinctrl core: initialized pinctrl subsystem
Mar 12 07:45:52 fedora kernel: PM: RTC time: 07:45:45, date: 2023-03-12
Mar 12 07:45:52 fedora kernel: NET: Registered PF_NETLINK/PF_ROUTE protocol family
Mar 12 07:45:52 fedora kernel: DMA: preallocated 512 KiB GFP_KERNEL pool for atomic allocations
Mar 12 07:45:52 fedora kernel: DMA: preallocated 512 KiB GFP_KERNEL|GFP_DMA pool for atomic allocations
Mar 12 07:45:52 fedora kernel: DMA: preallocated 512 KiB GFP_KERNEL|GFP_DMA32 pool for atomic allocations
Mar 12 07:45:52 fedora kernel: audit: initializing netlink subsys (disabled)
Mar 12 07:45:52 fedora kernel: audit: type=2000 audit(1678607145.461:1): state=initialized audit_enabled=0 res=1
Mar 12 07:45:52 fedora kernel: thermal_sys: Registered thermal governor 'fair_share'
Mar 12 07:45:52 fedora kernel: thermal_sys: Registered thermal governor 'bang_bang'
Mar 12 07:45:52 fedora kernel: thermal_sys: Registered thermal governor 'step_wise'
Mar 12 07:45:52 fedora kernel: thermal_sys: Registered thermal governor 'user_space'
Mar 12 07:45:52 fedora kernel: cpuidle: using governor menu
Mar 12 07:45:52 fedora kernel: acpiphp: ACPI Hot Plug PCI Controller Driver version: 0.5
Mar 12 07:45:52 fedora kernel: PCI: Using configuration type 1 for base access
Mar 12 07:45:52 fedora kernel: kprobes: kprobe jump-optimization is enabled. All kprobes are optimized if possible.
Mar 12 07:45:52 fedora kernel: HugeTLB registered 1.00 GiB page size, pre-allocated 0 pages
Mar 12 07:45:52 fedora kernel: HugeTLB registered 2.00 MiB page size, pre-allocated 0 pages
Mar 12 07:45:52 fedora kernel: cryptd: max_cpu_qlen set to 1000
Mar 12 07:45:52 fedora kernel: raid6: skipped pq benchmark and selected avx512x4
Mar 12 07:45:52 fedora kernel: raid6: using avx512x2 recovery algorithm
Mar 12 07:45:52 fedora kernel: ACPI: Added _OSI(Module Device)
Mar 12 07:45:52 fedora kernel: ACPI: Added _OSI(Processor Device)
Mar 12 07:45:52 fedora kernel: ACPI: Added _OSI(3.0 _SCP Extensions)
Mar 12 07:45:52 fedora kernel: ACPI: Added _OSI(Processor Aggregator Device)
Mar 12 07:45:52 fedora kernel: ACPI: Added _OSI(Linux-Dell-Video)
Mar 12 07:45:52 fedora kernel: ACPI: Added _OSI(Linux-Lenovo-NV-HDMI-Audio)
Mar 12 07:45:52 fedora kernel: ACPI: Added _OSI(Linux-HPI-Hybrid-Graphics)
Mar 12 07:45:52 fedora kernel: ACPI: 1 ACPI AML tables successfully acquired and loaded
Mar 12 07:45:52 fedora kernel: ACPI: Interpreter enabled
Mar 12 07:45:52 fedora kernel: ACPI: PM: (supports S0 S3 S4 S5)
Mar 12 07:45:52 fedora kernel: ACPI: Using IOAPIC for interrupt routing
Mar 12 07:45:52 fedora kernel: PCI: Using host bridge windows from ACPI; if necessary, use "pci=nocrs" and report a bug
Mar 12 07:45:52 fedora kernel: ACPI: Enabled 2 GPEs in block 00 to 0F
Mar 12 07:45:52 fedora kernel: ACPI: PCI Root Bridge [PCI0] (domain 0000 [bus 00-ff])
Mar 12 07:45:52 fedora kernel: acpi PNP0A03:00: _OSC: OS supports [ASPM ClockPM Segments MSI EDR HPX-Type3]
Mar 12 07:45:52 fedora kernel: acpi PNP0A03:00: _OSC: not requesting OS control; OS requires [ExtendedConfig ASPM ClockPM MSI]
Mar 12 07:45:52 fedora kernel: acpi PNP0A03:00: fail to add MMCONFIG information, can't access extended PCI configuration space under this bridge.
Mar 12 07:45:52 fedora kernel: acpiphp: Slot [3] registered
Mar 12 07:45:52 fedora kernel: acpiphp: Slot [4] registered
Mar 12 07:45:52 fedora kernel: acpiphp: Slot [5] registered
Mar 12 07:45:52 fedora kernel: acpiphp: Slot [6] registered
Mar 12 07:45:52 fedora kernel: acpiphp: Slot [7] registered
Mar 12 07:45:52 fedora kernel: acpiphp: Slot [8] registered
Mar 12 07:45:52 fedora kernel: acpiphp: Slot [9] registered
Mar 12 07:45:52 fedora kernel: acpiphp: Slot [10] registered
Mar 12 07:45:52 fedora kernel: acpiphp: Slot [11] registered
Mar 12 07:45:52 fedora kernel: acpiphp: Slot [12] registered
Mar 12 07:45:52 fedora kernel: acpiphp: Slot [13] registered
Mar 12 07:45:52 fedora kernel: acpiphp: Slot [14] registered
Mar 12 07:45:52 fedora kernel: acpiphp: Slot [15] registered
Mar 12 07:45:52 fedora kernel: acpiphp: Slot [16] registered
Mar 12 07:45:52 fedora kernel: acpiphp: Slot [17] registered
Mar 12 07:45:52 fedora kernel: acpiphp: Slot [18] registered
Mar 12 07:45:52 fedora kernel: acpiphp: Slot [19] registered
Mar 12 07:45:52 fedora kernel: acpiphp: Slot [20] registered
Mar 12 07:45:52 fedora kernel: acpiphp: Slot [21] registered
Mar 12 07:45:52 fedora kernel: acpiphp: Slot [22] registered
Mar 12 07:45:52 fedora kernel: acpiphp: Slot [23] registered
Mar 12 07:45:52 fedora kernel: acpiphp: Slot [24] registered
Mar 12 07:45:52 fedora kernel: acpiphp: Slot [25] registered
Mar 12 07:45:52 fedora kernel: acpiphp: Slot [26] registered
Mar 12 07:45:52 fedora kernel: acpiphp: Slot [27] registered
Mar 12 07:45:52 fedora kernel: acpiphp: Slot [28] registered
Mar 12 07:45:52 fedora kernel: acpiphp: Slot [29] registered
Mar 12 07:45:52 fedora kernel: acpiphp: Slot [30] registered
Mar 12 07:45:52 fedora kernel: acpiphp: Slot [31] registered
Mar 12 07:45:52 fedora kernel: PCI host bridge to bus 0000:00
Mar 12 07:45:52 fedora kernel: pci_bus 0000:00: root bus resource [io  0x0000-0x0cf7 window]
Mar 12 07:45:52 fedora kernel: pci_bus 0000:00: root bus resource [io  0x0d00-0xffff window]
Mar 12 07:45:52 fedora kernel: pci_bus 0000:00: root bus resource [mem 0x000a0000-0x000bffff window]
Mar 12 07:45:52 fedora kernel: pci_bus 0000:00: root bus resource [mem 0xc0000000-0xfebfffff window]
Mar 12 07:45:52 fedora kernel: pci_bus 0000:00: root bus resource [mem 0x140000000-0x1bfffffff window]
Mar 12 07:45:52 fedora kernel: pci_bus 0000:00: root bus resource [bus 00-ff]
Mar 12 07:45:52 fedora kernel: pci 0000:00:00.0: [8086:1237] type 00 class 0x060000
Mar 12 07:45:52 fedora kernel: pci 0000:00:01.0: [8086:7000] type 00 class 0x060100
Mar 12 07:45:52 fedora kernel: pci 0000:00:01.1: [8086:7010] type 00 class 0x010180
Mar 12 07:45:52 fedora kernel: pci 0000:00:01.1: reg 0x20: [io  0xc160-0xc16f]
Mar 12 07:45:52 fedora kernel: pci 0000:00:01.1: legacy IDE quirk: reg 0x10: [io  0x01f0-0x01f7]
Mar 12 07:45:52 fedora kernel: pci 0000:00:01.1: legacy IDE quirk: reg 0x14: [io  0x03f6]
Mar 12 07:45:52 fedora kernel: pci 0000:00:01.1: legacy IDE quirk: reg 0x18: [io  0x0170-0x0177]
Mar 12 07:45:52 fedora kernel: pci 0000:00:01.1: legacy IDE quirk: reg 0x1c: [io  0x0376]
Mar 12 07:45:52 fedora kernel: pci 0000:00:01.2: [8086:7020] type 00 class 0x0c0300
Mar 12 07:45:52 fedora kernel: pci 0000:00:01.2: reg 0x20: [io  0xc100-0xc11f]
Mar 12 07:45:52 fedora kernel: pci 0000:00:01.3: [8086:7113] type 00 class 0x068000
Mar 12 07:45:52 fedora kernel: pci 0000:00:01.3: quirk: [io  0x0600-0x063f] claimed by PIIX4 ACPI
Mar 12 07:45:52 fedora kernel: pci 0000:00:01.3: quirk: [io  0x0700-0x070f] claimed by PIIX4 SMB
Mar 12 07:45:52 fedora kernel: pci 0000:00:02.0: [1013:00b8] type 00 class 0x030000
Mar 12 07:45:52 fedora kernel: pci 0000:00:02.0: reg 0x10: [mem 0xfc000000-0xfdffffff pref]
Mar 12 07:45:52 fedora kernel: pci 0000:00:02.0: reg 0x14: [mem 0xfebd0000-0xfebd0fff]
Mar 12 07:45:52 fedora kernel: pci 0000:00:02.0: reg 0x30: [mem 0xfebc0000-0xfebcffff pref]
Mar 12 07:45:52 fedora kernel: pci 0000:00:02.0: Video device with shadowed ROM at [mem 0x000c0000-0x000dffff]
Mar 12 07:45:52 fedora kernel: pci 0000:00:03.0: [1af4:1000] type 00 class 0x020000
Mar 12 07:45:52 fedora kernel: pci 0000:00:03.0: reg 0x10: [io  0xc120-0xc13f]
Mar 12 07:45:52 fedora kernel: pci 0000:00:03.0: reg 0x14: [mem 0xfebd1000-0xfebd1fff]
Mar 12 07:45:52 fedora kernel: pci 0000:00:03.0: reg 0x20: [mem 0xfe000000-0xfe003fff 64bit pref]
Mar 12 07:45:52 fedora kernel: pci 0000:00:03.0: reg 0x30: [mem 0xfeb80000-0xfebbffff pref]
Mar 12 07:45:52 fedora kernel: pci 0000:00:04.0: [1af4:1003] type 00 class 0x078000
Mar 12 07:45:52 fedora kernel: pci 0000:00:04.0: reg 0x10: [io  0xc080-0xc0bf]
Mar 12 07:45:52 fedora kernel: pci 0000:00:04.0: reg 0x14: [mem 0xfebd2000-0xfebd2fff]
Mar 12 07:45:52 fedora kernel: pci 0000:00:04.0: reg 0x20: [mem 0xfe004000-0xfe007fff 64bit pref]
Mar 12 07:45:52 fedora kernel: pci 0000:00:05.0: [1af4:1001] type 00 class 0x010000
Mar 12 07:45:52 fedora kernel: pci 0000:00:05.0: reg 0x10: [io  0xc000-0xc07f]
Mar 12 07:45:52 fedora kernel: pci 0000:00:05.0: reg 0x14: [mem 0xfebd3000-0xfebd3fff]
Mar 12 07:45:52 fedora kernel: pci 0000:00:05.0: reg 0x20: [mem 0xfe008000-0xfe00bfff 64bit pref]
Mar 12 07:45:52 fedora kernel: pci 0000:00:06.0: [1af4:1002] type 00 class 0x00ff00
Mar 12 07:45:52 fedora kernel: pci 0000:00:06.0: reg 0x10: [io  0xc0c0-0xc0ff]
Mar 12 07:45:52 fedora kernel: pci 0000:00:06.0: reg 0x20: [mem 0xfe00c000-0xfe00ffff 64bit pref]
Mar 12 07:45:52 fedora kernel: pci 0000:00:07.0: [1af4:1005] type 00 class 0x00ff00
Mar 12 07:45:52 fedora kernel: pci 0000:00:07.0: reg 0x10: [io  0xc140-0xc15f]
Mar 12 07:45:52 fedora kernel: pci 0000:00:07.0: reg 0x20: [mem 0xfe010000-0xfe013fff 64bit pref]
Mar 12 07:45:52 fedora kernel: ACPI: PCI: Interrupt link LNKA configured for IRQ 10
Mar 12 07:45:52 fedora kernel: ACPI: PCI: Interrupt link LNKB configured for IRQ 10
Mar 12 07:45:52 fedora kernel: ACPI: PCI: Interrupt link LNKC configured for IRQ 11
Mar 12 07:45:52 fedora kernel: ACPI: PCI: Interrupt link LNKD configured for IRQ 11
Mar 12 07:45:52 fedora kernel: ACPI: PCI: Interrupt link LNKS configured for IRQ 9
Mar 12 07:45:52 fedora kernel: iommu: Default domain type: Translated 
Mar 12 07:45:52 fedora kernel: iommu: DMA domain TLB invalidation policy: lazy mode 
Mar 12 07:45:52 fedora kernel: pci 0000:00:02.0: vgaarb: setting as boot VGA device
Mar 12 07:45:52 fedora kernel: pci 0000:00:02.0: vgaarb: VGA device added: decodes=io+mem,owns=io+mem,locks=none
Mar 12 07:45:52 fedora kernel: pci 0000:00:02.0: vgaarb: bridge control possible
Mar 12 07:45:52 fedora kernel: vgaarb: loaded
Mar 12 07:45:52 fedora kernel: SCSI subsystem initialized
Mar 12 07:45:52 fedora kernel: libata version 3.00 loaded.
Mar 12 07:45:52 fedora kernel: ACPI: bus type USB registered
Mar 12 07:45:52 fedora kernel: usbcore: registered new interface driver usbfs
Mar 12 07:45:52 fedora kernel: usbcore: registered new interface driver hub
Mar 12 07:45:52 fedora kernel: usbcore: registered new device driver usb
Mar 12 07:45:52 fedora kernel: pps_core: LinuxPPS API ver. 1 registered
Mar 12 07:45:52 fedora kernel: pps_core: Software ver. 5.3.6 - Copyright 2005-2007 Rodolfo Giometti <giometti@linux.it>
Mar 12 07:45:52 fedora kernel: PTP clock support registered
Mar 12 07:45:52 fedora kernel: EDAC MC: Ver: 3.0.0
Mar 12 07:45:52 fedora kernel: NetLabel: Initializing
Mar 12 07:45:52 fedora kernel: NetLabel:  domain hash size = 128
Mar 12 07:45:52 fedora kernel: NetLabel:  protocols = UNLABELED CIPSOv4 CALIPSO
Mar 12 07:45:52 fedora kernel: NetLabel:  unlabeled traffic allowed by default
Mar 12 07:45:52 fedora kernel: mctp: management component transport protocol core
Mar 12 07:45:52 fedora kernel: NET: Registered PF_MCTP protocol family
Mar 12 07:45:52 fedora kernel: PCI: Using ACPI for IRQ routing
Mar 12 07:45:52 fedora kernel: PCI: pci_cache_line_size set to 64 bytes
Mar 12 07:45:52 fedora kernel: e820: reserve RAM buffer [mem 0x0009fc00-0x0009ffff]
Mar 12 07:45:52 fedora kernel: e820: reserve RAM buffer [mem 0xbffdb000-0xbfffffff]
Mar 12 07:45:52 fedora kernel: hpet0: at MMIO 0xfed00000, IRQs 2, 8, 0
Mar 12 07:45:52 fedora kernel: hpet0: 3 comparators, 64-bit 100.000000 MHz counter
Mar 12 07:45:52 fedora kernel: clocksource: Switched to clocksource kvm-clock
Mar 12 07:45:52 fedora kernel: VFS: Disk quotas dquot_6.6.0
Mar 12 07:45:52 fedora kernel: VFS: Dquot-cache hash table entries: 512 (order 0, 4096 bytes)
Mar 12 07:45:52 fedora kernel: pnp: PnP ACPI init
Mar 12 07:45:52 fedora kernel: pnp 00:04: [dma 2]
Mar 12 07:45:52 fedora kernel: pnp: PnP ACPI: found 6 devices
Mar 12 07:45:52 fedora kernel: clocksource: acpi_pm: mask: 0xffffff max_cycles: 0xffffff, max_idle_ns: 2085701024 ns
Mar 12 07:45:52 fedora kernel: NET: Registered PF_INET protocol family
Mar 12 07:45:52 fedora kernel: IP idents hash table entries: 65536 (order: 7, 524288 bytes, linear)
Mar 12 07:45:52 fedora kernel: tcp_listen_portaddr_hash hash table entries: 2048 (order: 3, 32768 bytes, linear)
Mar 12 07:45:52 fedora kernel: TCP established hash table entries: 32768 (order: 6, 262144 bytes, linear)
Mar 12 07:45:52 fedora kernel: TCP bind hash table entries: 32768 (order: 7, 524288 bytes, linear)
Mar 12 07:45:52 fedora kernel: TCP: Hash tables configured (established 32768 bind 32768)
Mar 12 07:45:52 fedora kernel: MPTCP token hash table entries: 4096 (order: 4, 98304 bytes, linear)
Mar 12 07:45:52 fedora kernel: UDP hash table entries: 2048 (order: 4, 65536 bytes, linear)
Mar 12 07:45:52 fedora kernel: UDP-Lite hash table entries: 2048 (order: 4, 65536 bytes, linear)
Mar 12 07:45:52 fedora kernel: NET: Registered PF_UNIX/PF_LOCAL protocol family
Mar 12 07:45:52 fedora kernel: NET: Registered PF_XDP protocol family
Mar 12 07:45:52 fedora kernel: pci_bus 0000:00: resource 4 [io  0x0000-0x0cf7 window]
Mar 12 07:45:52 fedora kernel: pci_bus 0000:00: resource 5 [io  0x0d00-0xffff window]
Mar 12 07:45:52 fedora kernel: pci_bus 0000:00: resource 6 [mem 0x000a0000-0x000bffff window]
Mar 12 07:45:52 fedora kernel: pci_bus 0000:00: resource 7 [mem 0xc0000000-0xfebfffff window]
Mar 12 07:45:52 fedora kernel: pci_bus 0000:00: resource 8 [mem 0x140000000-0x1bfffffff window]
Mar 12 07:45:52 fedora kernel: pci 0000:00:01.0: PIIX3: Enabling Passive Release
Mar 12 07:45:52 fedora kernel: pci 0000:00:00.0: Limiting direct PCI/PCI transfers
Mar 12 07:45:52 fedora kernel: pci 0000:00:01.0: Activating ISA DMA hang workarounds
Mar 12 07:45:52 fedora kernel: ACPI: \_SB_.LNKD: Enabled at IRQ 11
Mar 12 07:45:52 fedora kernel: pci 0000:00:01.2: quirk_usb_early_handoff+0x0/0x6e0 took 41644 usecs
Mar 12 07:45:52 fedora kernel: PCI: CLS 0 bytes, default 64
Mar 12 07:45:52 fedora kernel: Trying to unpack rootfs image as initramfs...
Mar 12 07:45:52 fedora kernel: PCI-DMA: Using software bounce buffering for IO (SWIOTLB)
Mar 12 07:45:52 fedora kernel: software IO TLB: mapped [mem 0x00000000b6028000-0x00000000ba028000] (64MB)
Mar 12 07:45:52 fedora kernel: clocksource: tsc: mask: 0xffffffffffffffff max_cycles: 0x1e3306b9ada, max_idle_ns: 440795224413 ns
Mar 12 07:45:52 fedora kernel: Initialise system trusted keyrings
Mar 12 07:45:52 fedora kernel: Key type blacklist registered
Mar 12 07:45:52 fedora kernel: workingset: timestamp_bits=36 max_order=20 bucket_order=0
Mar 12 07:45:52 fedora kernel: zbud: loaded
Mar 12 07:45:52 fedora kernel: integrity: Platform Keyring initialized
Mar 12 07:45:52 fedora kernel: NET: Registered PF_ALG protocol family
Mar 12 07:45:52 fedora kernel: xor: automatically using best checksumming function   avx       
Mar 12 07:45:52 fedora kernel: Key type asymmetric registered
Mar 12 07:45:52 fedora kernel: Asymmetric key parser 'x509' registered
Mar 12 07:45:52 fedora kernel: Freeing initrd memory: 97952K
Mar 12 07:45:52 fedora kernel: alg: self-tests for CTR-KDF (hmac(sha256)) passed
Mar 12 07:45:52 fedora kernel: Block layer SCSI generic (bsg) driver version 0.4 loaded (major 244)
Mar 12 07:45:52 fedora kernel: io scheduler mq-deadline registered
Mar 12 07:45:52 fedora kernel: io scheduler kyber registered
Mar 12 07:45:52 fedora kernel: io scheduler bfq registered
Mar 12 07:45:52 fedora kernel: atomic64_test: passed for x86-64 platform with CX8 and with SSE
Mar 12 07:45:52 fedora kernel: shpchp: Standard Hot Plug PCI Controller Driver version: 0.4
Mar 12 07:45:52 fedora kernel: input: Power Button as /devices/LNXSYSTM:00/LNXPWRBN:00/input/input0
Mar 12 07:45:52 fedora kernel: ACPI: button: Power Button [PWRF]
Mar 12 07:45:52 fedora kernel: ACPI: \_SB_.LNKC: Enabled at IRQ 10
Mar 12 07:45:52 fedora kernel: ACPI: \_SB_.LNKA: Enabled at IRQ 10
Mar 12 07:45:52 fedora kernel: ACPI: \_SB_.LNKB: Enabled at IRQ 11
Mar 12 07:45:52 fedora kernel: Serial: 8250/16550 driver, 32 ports, IRQ sharing enabled
Mar 12 07:45:52 fedora kernel: 00:00: ttyS1 at I/O 0x2f8 (irq = 3, base_baud = 115200) is a 16550A
Mar 12 07:45:52 fedora kernel: 00:01: ttyS0 at I/O 0x3f8 (irq = 4, base_baud = 115200) is a 16550A
Mar 12 07:45:52 fedora kernel: Non-volatile memory driver v1.3
Mar 12 07:45:52 fedora kernel: Linux agpgart interface v0.103
Mar 12 07:45:52 fedora kernel: ACPI: bus type drm_connector registered
Mar 12 07:45:52 fedora kernel: ata_piix 0000:00:01.1: version 2.13
Mar 12 07:45:52 fedora kernel: scsi host0: ata_piix
Mar 12 07:45:52 fedora kernel: scsi host1: ata_piix
Mar 12 07:45:52 fedora kernel: ata1: PATA max MWDMA2 cmd 0x1f0 ctl 0x3f6 bmdma 0xc160 irq 14
Mar 12 07:45:52 fedora kernel: ata2: PATA max MWDMA2 cmd 0x170 ctl 0x376 bmdma 0xc168 irq 15
Mar 12 07:45:52 fedora kernel: ehci_hcd: USB 2.0 'Enhanced' Host Controller (EHCI) Driver
Mar 12 07:45:52 fedora kernel: ehci-pci: EHCI PCI platform driver
Mar 12 07:45:52 fedora kernel: ohci_hcd: USB 1.1 'Open' Host Controller (OHCI) Driver
Mar 12 07:45:52 fedora kernel: ohci-pci: OHCI PCI platform driver
Mar 12 07:45:52 fedora kernel: uhci_hcd: USB Universal Host Controller Interface driver
Mar 12 07:45:52 fedora kernel: uhci_hcd 0000:00:01.2: UHCI Host Controller
Mar 12 07:45:52 fedora kernel: uhci_hcd 0000:00:01.2: new USB bus registered, assigned bus number 1
Mar 12 07:45:52 fedora kernel: uhci_hcd 0000:00:01.2: detected 2 ports
Mar 12 07:45:52 fedora kernel: uhci_hcd 0000:00:01.2: irq 11, io port 0x0000c100
Mar 12 07:45:52 fedora kernel: usb usb1: New USB device found, idVendor=1d6b, idProduct=0001, bcdDevice= 5.17
Mar 12 07:45:52 fedora kernel: usb usb1: New USB device strings: Mfr=3, Product=2, SerialNumber=1
Mar 12 07:45:52 fedora kernel: usb usb1: Product: UHCI Host Controller
Mar 12 07:45:52 fedora kernel: usb usb1: Manufacturer: Linux 5.17.5-300.fc36.x86_64 uhci_hcd
Mar 12 07:45:52 fedora kernel: usb usb1: SerialNumber: 0000:00:01.2
Mar 12 07:45:52 fedora kernel: hub 1-0:1.0: USB hub found
Mar 12 07:45:52 fedora kernel: hub 1-0:1.0: 2 ports detected
Mar 12 07:45:52 fedora kernel: usbcore: registered new interface driver usbserial_generic
Mar 12 07:45:52 fedora kernel: usbserial: USB Serial support registered for generic
Mar 12 07:45:52 fedora kernel: i8042: PNP: PS/2 Controller [PNP0303:KBD,PNP0f13:MOU] at 0x60,0x64 irq 1,12
Mar 12 07:45:52 fedora kernel: serio: i8042 KBD port at 0x60,0x64 irq 1
Mar 12 07:45:52 fedora kernel: serio: i8042 AUX port at 0x60,0x64 irq 12
Mar 12 07:45:52 fedora kernel: mousedev: PS/2 mouse device common for all mice
Mar 12 07:45:52 fedora kernel: rtc_cmos 00:05: RTC can wake from S4
Mar 12 07:45:52 fedora kernel: input: AT Translated Set 2 keyboard as /devices/platform/i8042/serio0/input/input1
Mar 12 07:45:52 fedora kernel: input: VirtualPS/2 VMware VMMouse as /devices/platform/i8042/serio1/input/input4
Mar 12 07:45:52 fedora kernel: rtc_cmos 00:05: registered as rtc0
Mar 12 07:45:52 fedora kernel: input: VirtualPS/2 VMware VMMouse as /devices/platform/i8042/serio1/input/input3
Mar 12 07:45:52 fedora kernel: rtc_cmos 00:05: setting system clock to 2023-03-12T07:45:51 UTC (1678607151)
Mar 12 07:45:52 fedora kernel: rtc_cmos 00:05: alarms up to one day, y3k, 242 bytes nvram, hpet irqs
Mar 12 07:45:52 fedora kernel: device-mapper: core: CONFIG_IMA_DISABLE_HTABLE is disabled. Duplicate IMA measurements will not be recorded in the IMA log.
Mar 12 07:45:52 fedora kernel: device-mapper: uevent: version 1.0.3
Mar 12 07:45:52 fedora kernel: device-mapper: ioctl: 4.45.0-ioctl (2021-03-22) initialised: dm-devel@redhat.com
Mar 12 07:45:52 fedora kernel: intel_pstate: CPU model not supported
Mar 12 07:45:52 fedora kernel: hid: raw HID events driver (C) Jiri Kosina
Mar 12 07:45:52 fedora kernel: usbcore: registered new interface driver usbhid
Mar 12 07:45:52 fedora kernel: usbhid: USB HID core driver
Mar 12 07:45:52 fedora kernel: drop_monitor: Initializing network drop monitor service
Mar 12 07:45:52 fedora kernel: Initializing XFRM netlink socket
Mar 12 07:45:52 fedora kernel: NET: Registered PF_INET6 protocol family
Mar 12 07:45:52 fedora kernel: Segment Routing with IPv6
Mar 12 07:45:52 fedora kernel: RPL Segment Routing with IPv6
Mar 12 07:45:52 fedora kernel: In-situ OAM (IOAM) with IPv6
Mar 12 07:45:52 fedora kernel: mip6: Mobile IPv6
Mar 12 07:45:52 fedora kernel: NET: Registered PF_PACKET protocol family
Mar 12 07:45:52 fedora kernel: No MBM correction factor available
Mar 12 07:45:52 fedora kernel: IPI shorthand broadcast: enabled
Mar 12 07:45:52 fedora kernel: AVX2 version of gcm_enc/dec engaged.
Mar 12 07:45:52 fedora kernel: AES CTR mode by8 optimization enabled
Mar 12 07:45:52 fedora kernel: registered taskstats version 1
Mar 12 07:45:52 fedora kernel: Loading compiled-in X.509 certificates
Mar 12 07:45:52 fedora kernel: Loaded X.509 cert 'Fedora kernel signing key: 37cc69c33ffd5eabb080bcd6ce3b554e33dd7456'
Mar 12 07:45:52 fedora kernel: zswap: loaded using pool lzo/zbud
Mar 12 07:45:52 fedora kernel: page_owner is disabled
Mar 12 07:45:52 fedora kernel: Key type ._fscrypt registered
Mar 12 07:45:52 fedora kernel: Key type .fscrypt registered
Mar 12 07:45:52 fedora kernel: Key type fscrypt-provisioning registered
Mar 12 07:45:52 fedora kernel: Btrfs loaded, crc32c=crc32c-generic, zoned=yes, fsverity=yes
Mar 12 07:45:52 fedora kernel: Key type big_key registered
Mar 12 07:45:52 fedora kernel: Key type encrypted registered
Mar 12 07:45:52 fedora kernel: ima: No TPM chip found, activating TPM-bypass!
Mar 12 07:45:52 fedora kernel: Loading compiled-in module X.509 certificates
Mar 12 07:45:52 fedora kernel: Loaded X.509 cert 'Fedora kernel signing key: 37cc69c33ffd5eabb080bcd6ce3b554e33dd7456'
Mar 12 07:45:52 fedora kernel: ima: Allocated hash algorithm: sha256
Mar 12 07:45:52 fedora kernel: ima: No architecture policies found
Mar 12 07:45:52 fedora kernel: evm: Initialising EVM extended attributes:
Mar 12 07:45:52 fedora kernel: evm: security.selinux
Mar 12 07:45:52 fedora kernel: evm: security.SMACK64 (disabled)
Mar 12 07:45:52 fedora kernel: evm: security.SMACK64EXEC (disabled)
Mar 12 07:45:52 fedora kernel: evm: security.SMACK64TRANSMUTE (disabled)
Mar 12 07:45:52 fedora kernel: evm: security.SMACK64MMAP (disabled)
Mar 12 07:45:52 fedora kernel: evm: security.apparmor (disabled)
Mar 12 07:45:52 fedora kernel: evm: security.ima
Mar 12 07:45:52 fedora kernel: evm: security.capability
Mar 12 07:45:52 fedora kernel: evm: HMAC attrs: 0x1
Mar 12 07:45:52 fedora kernel: alg: No test for 842 (842-scomp)
Mar 12 07:45:52 fedora kernel: alg: No test for 842 (842-generic)
Mar 12 07:45:52 fedora kernel: PM:   Magic number: 15:857:773
Mar 12 07:45:52 fedora kernel: RAS: Correctable Errors collector initialized.
Mar 12 07:45:52 fedora kernel: Unstable clock detected, switching default tracing clock to "global"
                               If you want to keep using the local clock, then add:
                                 "trace_clock=local"
                               on the kernel command line
Mar 12 07:45:52 fedora kernel: Freeing unused decrypted memory: 2036K
Mar 12 07:45:52 fedora kernel: Freeing unused kernel image (initmem) memory: 2708K
Mar 12 07:45:52 fedora kernel: Write protecting the kernel read-only data: 30720k
Mar 12 07:45:52 fedora kernel: Freeing unused kernel image (text/rodata gap) memory: 2036K
Mar 12 07:45:52 fedora kernel: Freeing unused kernel image (rodata/data gap) memory: 1112K
Mar 12 07:45:52 fedora kernel: x86/mm: Checked W+X mappings: passed, no W+X pages found.
Mar 12 07:45:52 fedora kernel: rodata_test: all tests were successful
Mar 12 07:45:52 fedora kernel: Run /init as init process
Mar 12 07:45:52 fedora kernel:   with arguments:
Mar 12 07:45:52 fedora kernel:     /init
Mar 12 07:45:52 fedora kernel:   with environment:
Mar 12 07:45:52 fedora kernel:     HOME=/
Mar 12 07:45:52 fedora kernel:     TERM=linux
Mar 12 07:45:52 fedora systemd[1]: systemd v250.3-8.fc36 running in system mode (+PAM +AUDIT +SELINUX -APPARMOR +IMA +SMACK +SECCOMP +GCRYPT +GNUTLS +OPENSSL +ACL +BLKID +CURL +ELFUTILS +FIDO2 +IDN2 -IDN -IPTC +KMOD +LIBCRYPTSETUP +LIBFDISK +PCRE2 +PWQUALITY +P11KIT +QRENCODE +BZIP2 +LZ4 +XZ +ZLIB +ZSTD +BPF_FRAMEWORK +XKBCOMMON +UTMP +SYSVINIT default-hierarchy=unified)
Mar 12 07:45:52 fedora systemd[1]: Detected virtualization kvm.
Mar 12 07:45:52 fedora systemd[1]: Detected architecture x86-64.
Mar 12 07:45:52 fedora systemd[1]: Running in initial RAM disk.
Mar 12 07:45:52 fedora systemd[1]: No hostname configured, using default hostname.
Mar 12 07:45:52 fedora systemd[1]: Hostname set to <fedora>.
Mar 12 07:45:52 fedora systemd[1]: Initializing machine ID from VM UUID.
Mar 12 07:45:52 fedora systemd[1]: LSM BPF program attached
Mar 12 07:45:52 fedora systemd[1]: Queued start job for default target initrd.target.
Mar 12 07:45:52 fedora systemd[1]: Reached target initrd-root-device.target - Initrd Root Device.
Mar 12 07:45:52 fedora systemd[1]: Reached target initrd-usr-fs.target - Initrd /usr File System.
Mar 12 07:45:52 fedora systemd[1]: Reached target slices.target - Slice Units.
Mar 12 07:45:52 fedora systemd[1]: Reached target swap.target - Swaps.
Mar 12 07:45:52 fedora systemd[1]: Reached target timers.target - Timer Units.
Mar 12 07:45:52 fedora systemd[1]: Listening on dbus.socket - D-Bus System Message Bus Socket.
Mar 12 07:45:52 fedora systemd[1]: Listening on iscsid.socket - Open-iSCSI iscsid Socket.
Mar 12 07:45:52 fedora systemd[1]: Listening on iscsiuio.socket - Open-iSCSI iscsiuio Socket.
Mar 12 07:45:52 fedora systemd[1]: Listening on systemd-journald-audit.socket - Journal Audit Socket.
Mar 12 07:45:52 fedora systemd[1]: Listening on systemd-journald-dev-log.socket - Journal Socket (/dev/log).
Mar 12 07:45:52 fedora systemd[1]: Listening on systemd-journald.socket - Journal Socket.
Mar 12 07:45:52 fedora systemd[1]: Listening on systemd-udevd-control.socket - udev Control Socket.
Mar 12 07:45:52 fedora systemd[1]: Listening on systemd-udevd-kernel.socket - udev Kernel Socket.
Mar 12 07:45:52 fedora systemd[1]: Reached target sockets.target - Socket Units.
Mar 12 07:45:52 fedora systemd[1]: Starting kmod-static-nodes.service - Create List of Static Device Nodes...
Mar 12 07:45:52 fedora systemd[1]: Started rngd.service - Hardware RNG Entropy Gatherer Daemon.
Mar 12 07:45:52 fedora systemd[1]: Starting systemd-journald.service - Journal Service...
Mar 12 07:45:52 fedora systemd[1]: systemd-modules-load.service - Load Kernel Modules was skipped because all trigger condition checks failed.
Mar 12 07:45:52 fedora systemd[1]: Starting systemd-sysctl.service - Apply Kernel Variables...
Mar 12 07:45:52 fedora systemd[1]: Starting systemd-sysusers.service - Create System Users...
Mar 12 07:45:52 fedora systemd[1]: Starting systemd-vconsole-setup.service - Setup Virtual Console...
Mar 12 07:45:52 fedora systemd[1]: Finished kmod-static-nodes.service - Create List of Static Device Nodes.
Mar 12 07:45:52 fedora systemd-journald[267]: Journal started
Mar 12 07:45:52 fedora systemd-journald[267]: Runtime Journal (/run/log/journal/af9d43f3514842c0ad2b89115f1941bf) is 8.0M, max 78.3M, 70.3M free.
Mar 12 07:45:52 fedora rngd[266]: Initializing available sources
Mar 12 07:45:52 fedora rngd[266]: [hwrng ]: Initialized
Mar 12 07:45:52 fedora rngd[266]: [rdrand]: Enabling RDSEED rng support
Mar 12 07:45:52 fedora rngd[266]: [rdrand]: Initialized
Mar 12 07:45:52 fedora rngd[266]: [jitter]: Initializing AES buffer
Mar 12 07:45:52 fedora kernel: audit: type=1130 audit(1678607152.514:2): pid=1 uid=0 auid=4294967295 ses=4294967295 subj=kernel msg='unit=kmod-static-nodes comm="systemd" exe="/usr/lib/systemd/systemd" hostname=? addr=? terminal=? res=success'
Mar 12 07:45:52 fedora systemd[1]: Started systemd-journald.service - Journal Service.
Mar 12 07:45:52 fedora kernel: audit: type=1130 audit(1678607152.519:3): pid=1 uid=0 auid=4294967295 ses=4294967295 subj=kernel msg='unit=systemd-journald comm="systemd" exe="/usr/lib/systemd/systemd" hostname=? addr=? terminal=? res=success'
Mar 12 07:45:52 fedora audit[1]: SERVICE_START pid=1 uid=0 auid=4294967295 ses=4294967295 subj=kernel msg='unit=kmod-static-nodes comm="systemd" exe="/usr/lib/systemd/systemd" hostname=? addr=? terminal=? res=success'
Mar 12 07:45:52 fedora audit[1]: SERVICE_START pid=1 uid=0 auid=4294967295 ses=4294967295 subj=kernel msg='unit=systemd-journald comm="systemd" exe="/usr/lib/systemd/systemd" hostname=? addr=? terminal=? res=success'
Mar 12 07:45:52 fedora audit[1]: SERVICE_START pid=1 uid=0 auid=4294967295 ses=4294967295 subj=kernel msg='unit=systemd-sysctl comm="systemd" exe="/usr/lib/systemd/systemd" hostname=? addr=? terminal=? res=success'
Mar 12 07:45:52 fedora systemd[1]: Finished systemd-sysctl.service - Apply Kernel Variables.
Mar 12 07:45:52 fedora kernel: audit: type=1130 audit(1678607152.526:4): pid=1 uid=0 auid=4294967295 ses=4294967295 subj=kernel msg='unit=systemd-sysctl comm="systemd" exe="/usr/lib/systemd/systemd" hostname=? addr=? terminal=? res=success'
Mar 12 07:45:52 fedora systemd-sysusers[269]: Creating group 'users' with GID 100.
Mar 12 07:45:52 fedora systemd-sysusers[269]: Creating group 'dbus' with GID 999.
Mar 12 07:45:52 fedora systemd-sysusers[269]: Creating user 'dbus' (System Message Bus) with UID 999 and GID 999.
Mar 12 07:45:52 fedora audit[1]: SERVICE_START pid=1 uid=0 auid=4294967295 ses=4294967295 subj=kernel msg='unit=systemd-sysusers comm="systemd" exe="/usr/lib/systemd/systemd" hostname=? addr=? terminal=? res=success'
Mar 12 07:45:52 fedora systemd[1]: Finished systemd-sysusers.service - Create System Users.
Mar 12 07:45:52 fedora systemd[1]: Starting systemd-tmpfiles-setup-dev.service - Create Static Device Nodes in /dev...
Mar 12 07:45:52 fedora kernel: audit: type=1130 audit(1678607152.541:5): pid=1 uid=0 auid=4294967295 ses=4294967295 subj=kernel msg='unit=systemd-sysusers comm="systemd" exe="/usr/lib/systemd/systemd" hostname=? addr=? terminal=? res=success'
Mar 12 07:45:52 fedora systemd[1]: Starting systemd-tmpfiles-setup.service - Create Volatile Files and Directories...
Mar 12 07:45:52 fedora audit[1]: SERVICE_START pid=1 uid=0 auid=4294967295 ses=4294967295 subj=kernel msg='unit=systemd-tmpfiles-setup-dev comm="systemd" exe="/usr/lib/systemd/systemd" hostname=? addr=? terminal=? res=success'
Mar 12 07:45:52 fedora systemd[1]: Finished systemd-tmpfiles-setup-dev.service - Create Static Device Nodes in /dev.
Mar 12 07:45:52 fedora kernel: audit: type=1130 audit(1678607152.554:6): pid=1 uid=0 auid=4294967295 ses=4294967295 subj=kernel msg='unit=systemd-tmpfiles-setup-dev comm="systemd" exe="/usr/lib/systemd/systemd" hostname=? addr=? terminal=? res=success'
Mar 12 07:45:52 fedora audit[1]: SERVICE_START pid=1 uid=0 auid=4294967295 ses=4294967295 subj=kernel msg='unit=systemd-tmpfiles-setup comm="systemd" exe="/usr/lib/systemd/systemd" hostname=? addr=? terminal=? res=success'
Mar 12 07:45:52 fedora systemd[1]: Finished systemd-tmpfiles-setup.service - Create Volatile Files and Directories.
Mar 12 07:45:52 fedora kernel: audit: type=1130 audit(1678607152.562:7): pid=1 uid=0 auid=4294967295 ses=4294967295 subj=kernel msg='unit=systemd-tmpfiles-setup comm="systemd" exe="/usr/lib/systemd/systemd" hostname=? addr=? terminal=? res=success'
Mar 12 07:45:53 fedora audit[1]: SERVICE_START pid=1 uid=0 auid=4294967295 ses=4294967295 subj=kernel msg='unit=systemd-vconsole-setup comm="systemd" exe="/usr/lib/systemd/systemd" hostname=? addr=? terminal=? res=success'
Mar 12 07:45:53 fedora systemd[1]: Finished systemd-vconsole-setup.service - Setup Virtual Console.
Mar 12 07:45:53 fedora systemd[1]: Starting dracut-cmdline-ask.service - dracut ask for additional cmdline parameters...
Mar 12 07:45:53 fedora kernel: audit: type=1130 audit(1678607153.040:8): pid=1 uid=0 auid=4294967295 ses=4294967295 subj=kernel msg='unit=systemd-vconsole-setup comm="systemd" exe="/usr/lib/systemd/systemd" hostname=? addr=? terminal=? res=success'
Mar 12 07:45:53 fedora audit[1]: SERVICE_START pid=1 uid=0 auid=4294967295 ses=4294967295 subj=kernel msg='unit=dracut-cmdline-ask comm="systemd" exe="/usr/lib/systemd/systemd" hostname=? addr=? terminal=? res=success'
Mar 12 07:45:53 fedora systemd[1]: Finished dracut-cmdline-ask.service - dracut ask for additional cmdline parameters.
Mar 12 07:45:53 fedora systemd[1]: Starting dracut-cmdline.service - dracut cmdline hook...
Mar 12 07:45:53 fedora kernel: audit: type=1130 audit(1678607153.076:9): pid=1 uid=0 auid=4294967295 ses=4294967295 subj=kernel msg='unit=dracut-cmdline-ask comm="systemd" exe="/usr/lib/systemd/systemd" hostname=? addr=? terminal=? res=success'
Mar 12 07:45:53 fedora dracut-cmdline[295]: dracut-36 (Thirty Six) dracut-056-1.fc36
Mar 12 07:45:53 fedora dracut-cmdline[295]: Using kernel command line parameters:  rd.driver.pre=btrfs   inst.method=https://kojipkgs.fedoraproject.org/compose/36/latest-Fedora-36/compose/Everything/x86_64/os/ inst.ks=file:/ks.cfg
Mar 12 07:45:53 fedora kernel: BIOS EDD facility v0.16 2004-Jun-25, 1 devices found
Mar 12 07:45:53 fedora dracut-cmdline[295]: Loading Fedora 36 x86_64 installer...
Mar 12 07:45:53 fedora dracut-cmdline[295]: anaconda: parsing kickstart /ks.cfg
Mar 12 07:45:54 fedora dracut-cmdline[428]: parse-kickstart WARNING: No device with link found for --device=link
Mar 12 07:45:54 fedora kernel: Loading iSCSI transport class v2.0-870.
Mar 12 07:45:54 fedora kernel: iscsi: registered transport (tcp)
Mar 12 07:45:54 fedora kernel: iscsi: registered transport (qla4xxx)
Mar 12 07:45:54 fedora kernel: QLogic iSCSI HBA Driver
Mar 12 07:45:54 fedora kernel: libcxgbi:libcxgbi_init_module: Chelsio iSCSI driver library libcxgbi v0.9.1-ko (Apr. 2015)
Mar 12 07:45:54 fedora kernel: Chelsio T3 iSCSI Driver cxgb3i v2.0.1-ko (Apr. 2015)
Mar 12 07:45:54 fedora kernel: iscsi: registered transport (cxgb3i)
Mar 12 07:45:54 fedora kernel: Chelsio T4-T6 iSCSI Driver cxgb4i v0.9.5-ko (Apr. 2015)
Mar 12 07:45:54 fedora kernel: iscsi: registered transport (cxgb4i)
Mar 12 07:45:54 fedora kernel: cxgb4i:cxgb4i_init_module: cxgb4i dcb enabled.
Mar 12 07:45:54 fedora kernel: cnic: QLogic cnicDriver v2.5.22 (July 20, 2015)
Mar 12 07:45:54 fedora kernel: QLogic NetXtreme II iSCSI Driver bnx2i v2.7.10.1 (Jul 16, 2014)
Mar 12 07:45:54 fedora kernel: iscsi: registered transport (bnx2i)
Mar 12 07:45:54 fedora kernel: iscsi: registered transport (be2iscsi)
Mar 12 07:45:54 fedora kernel: In beiscsi_module_init, tt=00000000e825fc8b
Mar 12 07:45:54 fedora systemd[1]: Finished dracut-cmdline.service - dracut cmdline hook.
Mar 12 07:45:54 fedora audit[1]: SERVICE_START pid=1 uid=0 auid=4294967295 ses=4294967295 subj=kernel msg='unit=dracut-cmdline comm="systemd" exe="/usr/lib/systemd/systemd" hostname=? addr=? terminal=? res=success'
Mar 12 07:45:54 fedora systemd[1]: Starting dracut-pre-udev.service - dracut pre-udev hook...
Mar 12 07:45:54 fedora kernel: audit: type=1130 audit(1678607154.889:10): pid=1 uid=0 auid=4294967295 ses=4294967295 subj=kernel msg='unit=dracut-cmdline comm="systemd" exe="/usr/lib/systemd/systemd" hostname=? addr=? terminal=? res=success'
Mar 12 07:45:54 fedora dracut-pre-udev[586]: anaconda-modprobe: Module cramfs not found
Mar 12 07:45:54 fedora kernel: squashfs: version 4.0 (2009/01/31) Phillip Lougher
Mar 12 07:45:55 fedora kernel: No iBFT detected.
Mar 12 07:45:55 fedora kernel: async_tx: api initialized (async)
Mar 12 07:45:55 fedora kernel: device-mapper: multipath round-robin: version 1.2.0 loaded
Mar 12 07:45:55 fedora kernel: RPC: Registered named UNIX socket transport module.
Mar 12 07:45:55 fedora kernel: RPC: Registered udp transport module.
Mar 12 07:45:55 fedora kernel: RPC: Registered tcp transport module.
Mar 12 07:45:55 fedora kernel: RPC: Registered tcp NFSv4.1 backchannel transport module.
Mar 12 07:45:55 fedora rpc.statd[876]: Version 2.6.1 starting
Mar 12 07:45:55 fedora rpc.statd[876]: Initializing NSM state
Mar 12 07:45:55 fedora rpc.statd[876]: Running as root.  chown /var/lib/nfs/statd to choose different user
Mar 12 07:45:55 fedora rpc.idmapd[880]: Setting log level to 0
Mar 12 07:45:55 fedora systemd[1]: Finished dracut-pre-udev.service - dracut pre-udev hook.
Mar 12 07:45:55 fedora audit[1]: SERVICE_START pid=1 uid=0 auid=4294967295 ses=4294967295 subj=kernel msg='unit=dracut-pre-udev comm="systemd" exe="/usr/lib/systemd/systemd" hostname=? addr=? terminal=? res=success'
Mar 12 07:45:55 fedora audit: BPF prog-id=23 op=LOAD
Mar 12 07:45:55 fedora audit: BPF prog-id=24 op=LOAD
Mar 12 07:45:55 fedora audit: BPF prog-id=25 op=LOAD
Mar 12 07:45:55 fedora systemd[1]: Starting systemd-udevd.service - Rule-based Manager for Device Events and Files...
Mar 12 07:45:55 fedora kernel: audit: type=1130 audit(1678607155.610:11): pid=1 uid=0 auid=4294967295 ses=4294967295 subj=kernel msg='unit=dracut-pre-udev comm="systemd" exe="/usr/lib/systemd/systemd" hostname=? addr=? terminal=? res=success'
Mar 12 07:45:55 fedora systemd[1]: Started systemd-udevd.service - Rule-based Manager for Device Events and Files.
Mar 12 07:45:55 fedora audit[1]: SERVICE_START pid=1 uid=0 auid=4294967295 ses=4294967295 subj=kernel msg='unit=systemd-udevd comm="systemd" exe="/usr/lib/systemd/systemd" hostname=? addr=? terminal=? res=success'
Mar 12 07:45:55 fedora systemd[1]: Starting dracut-pre-trigger.service - dracut pre-trigger hook...
Mar 12 07:45:55 fedora lldpad[915]: config file failed to load,
Mar 12 07:45:55 fedora lldpad[915]: create a new file.
Mar 12 07:45:55 fedora lldpad[915]: bound ctrl iface to /com/intel/lldpad
Mar 12 07:45:55 fedora dracut-pre-trigger[918]: 917
Mar 12 07:45:55 fedora dracut-pre-trigger[902]: rd.md=0: removing MD RAID activation
Mar 12 07:45:55 fedora systemd[1]: Finished dracut-pre-trigger.service - dracut pre-trigger hook.
Mar 12 07:45:55 fedora audit[1]: SERVICE_START pid=1 uid=0 auid=4294967295 ses=4294967295 subj=kernel msg='unit=dracut-pre-trigger comm="systemd" exe="/usr/lib/systemd/systemd" hostname=? addr=? terminal=? res=success'
Mar 12 07:45:55 fedora systemd[1]: Starting systemd-udev-trigger.service - Coldplug All udev Devices...
Mar 12 07:45:55 fedora systemd[1]: Finished systemd-udev-trigger.service - Coldplug All udev Devices.
Mar 12 07:45:55 fedora audit[1]: SERVICE_START pid=1 uid=0 auid=4294967295 ses=4294967295 subj=kernel msg='unit=systemd-udev-trigger comm="systemd" exe="/usr/lib/systemd/systemd" hostname=? addr=? terminal=? res=success'
Mar 12 07:45:55 fedora systemd[1]: Starting nm-initrd.service...
Mar 12 07:45:55 fedora systemd[1]: Starting plymouth-start.service - Show Plymouth Boot Screen...
Mar 12 07:45:55 fedora systemd[1]: Starting systemd-udev-settle.service - Wait for udev To Complete Device Initialization...
Mar 12 07:45:55 fedora systemd[1]: Received SIGRTMIN+20 from PID 1033 (plymouthd).
Mar 12 07:45:55 fedora NetworkManager[1031]: <info>  [1678607155.8598] NetworkManager (version 1.36.4-1.fc36) is starting... (for the first time)
Mar 12 07:45:55 fedora NetworkManager[1031]: <info>  [1678607155.8599] Read config: /etc/NetworkManager/NetworkManager.conf (lib: initrd-no-auto-default.conf)
Mar 12 07:45:55 fedora audit: BPF prog-id=26 op=LOAD
Mar 12 07:45:55 fedora systemd[1]: Starting dbus-broker.service - D-Bus System Message Bus...
Mar 12 07:45:55 fedora dbus-broker-lau[1037]: Ready
Mar 12 07:45:55 fedora NetworkManager[1031]: <info>  [1678607155.8727] bus-manager: acquired D-Bus service "org.freedesktop.NetworkManager"
Mar 12 07:45:55 fedora NetworkManager[1031]: <info>  [1678607155.8739] manager[0x55657631f000]: monitoring kernel firmware directory '/lib/firmware'.
Mar 12 07:45:55 fedora NetworkManager[1031]: <info>  [1678607155.8749] hostname: hostname: couldn't get property from hostnamed
Mar 12 07:45:55 fedora NetworkManager[1031]: <info>  [1678607155.8752] dns-mgr[0x5565762fd350]: init: dns=default,systemd-resolved rc-manager=symlink (auto)
Mar 12 07:45:55 fedora NetworkManager[1031]: <info>  [1678607155.8848] manager[0x55657631f000]: rfkill: Wi-Fi hardware radio set enabled
Mar 12 07:45:55 fedora NetworkManager[1031]: <info>  [1678607155.8849] manager[0x55657631f000]: rfkill: WWAN hardware radio set enabled
Mar 12 07:45:55 fedora NetworkManager[1031]: <info>  [1678607155.8869] Loaded device plugin: NMTeamFactory (/usr/lib64/NetworkManager/1.36.4-1.fc36/libnm-device-plugin-team.so)
Mar 12 07:45:55 fedora NetworkManager[1031]: <info>  [1678607155.8870] manager: rfkill: Wi-Fi enabled by radio killswitch; enabled by state file
Mar 12 07:45:55 fedora NetworkManager[1031]: <info>  [1678607155.8870] manager: rfkill: WWAN enabled by radio killswitch; enabled by state file
Mar 12 07:45:55 fedora NetworkManager[1031]: <info>  [1678607155.8871] manager: Networking is enabled by state file
Mar 12 07:45:55 fedora NetworkManager[1031]: <info>  [1678607155.8873] settings: Loaded settings plugin: keyfile (internal)
Mar 12 07:45:55 fedora NetworkManager[1031]: <info>  [1678607155.8886] dhcp-init: Using DHCP client 'internal'
Mar 12 07:45:55 fedora NetworkManager[1031]: <info>  [1678607155.8886] device (lo): carrier: link connected
Mar 12 07:45:55 fedora NetworkManager[1031]: <info>  [1678607155.8888] manager: (lo): new Generic device (/org/freedesktop/NetworkManager/Devices/1)
Mar 12 07:45:55 fedora kernel: cirrus 0000:00:02.0: vgaarb: deactivate vga console
Mar 12 07:45:55 fedora systemd[1]: Started dbus-broker.service - D-Bus System Message Bus.
Mar 12 07:45:55 fedora kernel: Console: switching to colour dummy device 80x25
Mar 12 07:45:55 fedora audit[1]: SERVICE_START pid=1 uid=0 auid=4294967295 ses=4294967295 subj=kernel msg='unit=dbus-broker comm="systemd" exe="/usr/lib/systemd/systemd" hostname=? addr=? terminal=? res=success'
Mar 12 07:45:56 fedora systemd[1]: Started nm-initrd.service.
Mar 12 07:45:56 fedora audit[1]: SERVICE_START pid=1 uid=0 auid=4294967295 ses=4294967295 subj=kernel msg='unit=nm-initrd comm="systemd" exe="/usr/lib/systemd/systemd" hostname=? addr=? terminal=? res=success'
Mar 12 07:45:56 fedora systemd[1]: Started plymouth-start.service - Show Plymouth Boot Screen.
Mar 12 07:45:56 fedora audit[1]: SERVICE_START pid=1 uid=0 auid=4294967295 ses=4294967295 subj=kernel msg='unit=plymouth-start comm="systemd" exe="/usr/lib/systemd/systemd" hostname=? addr=? terminal=? res=success'
Mar 12 07:45:56 fedora systemd[1]: systemd-ask-password-console.path - Dispatch Password Requests to Console Directory Watch was skipped because of a failed condition check (ConditionPathExists=!/run/plymouth/pid).
Mar 12 07:45:56 fedora systemd[1]: Started systemd-ask-password-plymouth.path - Forward Password Requests to Plymouth Directory Watch.
Mar 12 07:45:56 fedora systemd[1]: Reached target cryptsetup.target - Local Encrypted Volumes.
Mar 12 07:45:56 fedora systemd[1]: Reached target network.target - Network.
Mar 12 07:45:56 fedora systemd[1]: Reached target paths.target - Path Units.
Mar 12 07:45:56 fedora systemd[1]: Starting nm-wait-online-initrd.service...
Mar 12 07:45:56 fedora kernel: [drm] Initialized cirrus 2.0.0 2019 for 0000:00:02.0 on minor 0
Mar 12 07:45:56 fedora kernel: fbcon: cirrusdrmfb (fb0) is primary device
Mar 12 07:45:56 fedora kernel: cirrus 0000:00:02.0: [drm] drm_plane_enable_fb_damage_clips() not called
Mar 12 07:45:56 fedora kernel: FDC 0 is a S82078B
Mar 12 07:45:56 fedora kernel: Console: switching to colour frame buffer device 128x48
Mar 12 07:45:56 fedora kernel: cirrus 0000:00:02.0: [drm] fb0: cirrusdrmfb frame buffer device
Mar 12 07:45:56 fedora kernel: virtio_blk virtio2: [vda] 10485760 512-byte logical blocks (5.37 GB/5.00 GiB)
Mar 12 07:45:56 fedora NetworkManager[1031]: <info>  [1678607156.1260] manager: (eth0): new Ethernet device (/org/freedesktop/NetworkManager/Devices/2)
Mar 12 07:45:56 fedora systemd-udevd[1018]: Using default interface naming scheme 'v250'.
Mar 12 07:45:56 fedora udevadm[1034]: systemd-udev-settle.service is deprecated. Please fix multipathd-configure.service not to pull it in.
Mar 12 07:45:56 fedora kernel: virtio_net virtio0 ens3: renamed from eth0
Mar 12 07:45:56 fedora kernel: 8021q: 802.1Q VLAN Support v1.8
Mar 12 07:45:56 fedora NetworkManager[1031]: <info>  [1678607156.1937] device (eth0): interface index 2 renamed iface from 'eth0' to 'ens3'
Mar 12 07:45:56 fedora NetworkManager[1031]: <info>  [1678607156.2278] device (ens3): state change: unmanaged -> unavailable (reason 'managed', sys-iface-state: 'external')
Mar 12 07:45:56 fedora NetworkManager[1031]: <info>  [1678607156.2287] device (ens3): carrier: link connected
Mar 12 07:45:56 fedora kernel: 8021q: adding VLAN 0 to HW filter on device ens3
Mar 12 07:45:56 fedora NetworkManager[1031]: <info>  [1678607156.2294] device (ens3): state change: unavailable -> disconnected (reason 'none', sys-iface-state: 'managed')
Mar 12 07:45:56 fedora NetworkManager[1031]: <info>  [1678607156.2297] policy: auto-activating connection 'Wired Connection' (7cb3d2d3-dea7-4643-ba4e-0a9566dfdf04)
Mar 12 07:45:56 fedora NetworkManager[1031]: <info>  [1678607156.2325] device (ens3): Activation: starting connection 'Wired Connection' (7cb3d2d3-dea7-4643-ba4e-0a9566dfdf04)
Mar 12 07:45:56 fedora NetworkManager[1031]: <info>  [1678607156.2326] device (ens3): state change: disconnected -> prepare (reason 'none', sys-iface-state: 'managed')
Mar 12 07:45:56 fedora NetworkManager[1031]: <info>  [1678607156.2328] manager: NetworkManager state is now CONNECTING
Mar 12 07:45:56 fedora NetworkManager[1031]: <info>  [1678607156.2329] device (ens3): state change: prepare -> config (reason 'none', sys-iface-state: 'managed')
Mar 12 07:45:56 fedora NetworkManager[1031]: <info>  [1678607156.2336] device (ens3): state change: config -> ip-config (reason 'none', sys-iface-state: 'managed')
Mar 12 07:45:56 fedora NetworkManager[1031]: <info>  [1678607156.2339] dhcp4 (ens3): activation: beginning transaction (timeout in 90 seconds)
Mar 12 07:45:56 fedora systemd-udevd[1028]: Using default interface naming scheme 'v250'.
Mar 12 07:45:56 fedora systemd[1]: Finished systemd-udev-settle.service - Wait for udev To Complete Device Initialization.
Mar 12 07:45:56 fedora audit[1]: SERVICE_START pid=1 uid=0 auid=4294967295 ses=4294967295 subj=kernel msg='unit=systemd-udev-settle comm="systemd" exe="/usr/lib/systemd/systemd" hostname=? addr=? terminal=? res=success'
Mar 12 07:45:56 fedora systemd[1]: multipathd-configure.service - Device-Mapper Multipath Default Configuration was skipped because of a failed condition check (ConditionPathExists=!/etc/multipath.conf).
Mar 12 07:45:56 fedora systemd[1]: Starting multipathd.service - Device-Mapper Multipath Device Controller...
Mar 12 07:45:56 fedora multipathd[1079]: --------start up--------
Mar 12 07:45:56 fedora multipathd[1079]: read /etc/multipath.conf
Mar 12 07:45:56 fedora multipathd[1079]: path checkers start up
Mar 12 07:45:56 fedora systemd[1]: Started multipathd.service - Device-Mapper Multipath Device Controller.
Mar 12 07:45:56 fedora audit[1]: SERVICE_START pid=1 uid=0 auid=4294967295 ses=4294967295 subj=kernel msg='unit=multipathd comm="systemd" exe="/usr/lib/systemd/systemd" hostname=? addr=? terminal=? res=success'
Mar 12 07:45:56 fedora systemd[1]: Reached target local-fs-pre.target - Preparation for Local File Systems.
Mar 12 07:45:56 fedora systemd[1]: Reached target local-fs.target - Local File Systems.
Mar 12 07:45:56 fedora systemd[1]: Reached target sysinit.target - System Initialization.
Mar 12 07:45:56 fedora systemd[1]: Reached target basic.target - Basic System.
Mar 12 07:45:56 fedora rngd[266]: [jitter]: Enabling JITTER rng support
Mar 12 07:45:56 fedora rngd[266]: [jitter]: Initialized
Mar 12 07:45:56 fedora rngd[266]: [pkcs11]: PKCS11 Engine /usr/lib64/opensc-pkcs11.so Error: No such file or directory
Mar 12 07:45:56 fedora rngd[266]: [pkcs11]: Initialization Failed
Mar 12 07:45:56 fedora rngd[266]: [rtlsdr]: Initialization Failed
Mar 12 07:45:57 fedora kernel: IPv6: ADDRCONF(NETDEV_CHANGE): ens3: link becomes ready
Mar 12 07:45:59 fedora NetworkManager[1031]: <info>  [1678607159.2392] dhcp4 (ens3): state changed new lease, address=192.168.122.69
Mar 12 07:45:59 fedora NetworkManager[1031]: <info>  [1678607159.2413] device (ens3): state change: ip-config -> ip-check (reason 'none', sys-iface-state: 'managed')
Mar 12 07:45:59 fedora NetworkManager[1031]: <info>  [1678607159.2421] device (ens3): state change: ip-check -> secondaries (reason 'none', sys-iface-state: 'managed')
Mar 12 07:45:59 fedora NetworkManager[1031]: <info>  [1678607159.2436] device (ens3): state change: secondaries -> activated (reason 'none', sys-iface-state: 'managed')
Mar 12 07:45:59 fedora NetworkManager[1031]: <info>  [1678607159.2441] manager: NetworkManager state is now CONNECTED_LOCAL
Mar 12 07:45:59 fedora NetworkManager[1031]: <info>  [1678607159.2454] manager: NetworkManager state is now CONNECTED_SITE
Mar 12 07:45:59 fedora NetworkManager[1031]: <info>  [1678607159.2456] policy: set 'Wired Connection' (ens3) as default for IPv4 routing and DNS
Mar 12 07:45:59 fedora NetworkManager[1031]: <info>  [1678607159.2506] device (ens3): Activation: successful, device activated.
Mar 12 07:45:59 fedora NetworkManager[1031]: <info>  [1678607159.2516] manager: NetworkManager state is now CONNECTED_GLOBAL
Mar 12 07:45:59 fedora NetworkManager[1031]: <info>  [1678607159.2528] manager: startup complete
Mar 12 07:45:59 fedora systemd[1]: Finished nm-wait-online-initrd.service.
Mar 12 07:45:59 fedora audit[1]: SERVICE_START pid=1 uid=0 auid=4294967295 ses=4294967295 subj=kernel msg='unit=nm-wait-online-initrd comm="systemd" exe="/usr/lib/systemd/systemd" hostname=? addr=? terminal=? res=success'
Mar 12 07:45:59 fedora kernel: kauditd_printk_skb: 12 callbacks suppressed
Mar 12 07:45:59 fedora kernel: audit: type=1130 audit(1678607159.258:24): pid=1 uid=0 auid=4294967295 ses=4294967295 subj=kernel msg='unit=nm-wait-online-initrd comm="systemd" exe="/usr/lib/systemd/systemd" hostname=? addr=? terminal=? res=success'
Mar 12 07:45:59 fedora systemd[1]: Starting dracut-initqueue.service - dracut initqueue hook...
Mar 12 07:45:59 fedora systemd[1]: Reloading.
Mar 12 07:45:59 fedora audit: BPF prog-id=27 op=LOAD
Mar 12 07:45:59 fedora audit: BPF prog-id=0 op=UNLOAD
Mar 12 07:45:59 fedora audit: BPF prog-id=28 op=LOAD
Mar 12 07:45:59 fedora audit: BPF prog-id=29 op=LOAD
Mar 12 07:45:59 fedora audit: BPF prog-id=0 op=UNLOAD
Mar 12 07:45:59 fedora audit: BPF prog-id=0 op=UNLOAD
Mar 12 07:45:59 fedora kernel: audit: type=1334 audit(1678607159.448:25): prog-id=27 op=LOAD
Mar 12 07:45:59 fedora kernel: audit: type=1334 audit(1678607159.449:26): prog-id=0 op=UNLOAD
Mar 12 07:45:59 fedora kernel: audit: type=1334 audit(1678607159.449:27): prog-id=28 op=LOAD
Mar 12 07:45:59 fedora kernel: audit: type=1334 audit(1678607159.449:28): prog-id=29 op=LOAD
Mar 12 07:45:59 fedora kernel: audit: type=1334 audit(1678607159.449:29): prog-id=0 op=UNLOAD
Mar 12 07:45:59 fedora kernel: audit: type=1334 audit(1678607159.449:30): prog-id=0 op=UNLOAD
Mar 12 07:45:59 fedora audit: BPF prog-id=30 op=LOAD
Mar 12 07:45:59 fedora audit: BPF prog-id=0 op=UNLOAD
Mar 12 07:45:59 fedora audit: BPF prog-id=31 op=LOAD
Mar 12 07:45:59 fedora audit: BPF prog-id=32 op=LOAD
Mar 12 07:45:59 fedora audit: BPF prog-id=0 op=UNLOAD
Mar 12 07:45:59 fedora audit: BPF prog-id=0 op=UNLOAD
Mar 12 07:45:59 fedora kernel: audit: type=1334 audit(1678607159.450:31): prog-id=30 op=LOAD
Mar 12 07:45:59 fedora kernel: audit: type=1334 audit(1678607159.450:32): prog-id=0 op=UNLOAD
Mar 12 07:45:59 fedora kernel: audit: type=1334 audit(1678607159.450:33): prog-id=31 op=LOAD
Mar 12 07:45:59 fedora audit: BPF prog-id=33 op=LOAD
Mar 12 07:45:59 fedora audit: BPF prog-id=0 op=UNLOAD
Mar 12 07:45:59 fedora dracut-initqueue[1089]: anaconda: stage2 locations are: https://kojipkgs.fedoraproject.org/compose/36/latest-Fedora-36/compose/Everything/x86_64/os/
Mar 12 07:45:59 fedora dracut-initqueue[1089]: anaconda: fetching stage2 from https://kojipkgs.fedoraproject.org/compose/36/latest-Fedora-36/compose/Everything/x86_64/os/
Mar 12 07:45:59 fedora dracut-initqueue[1089]: Warning: can't find installer main image path in .treeinfo
Mar 12 07:45:59 fedora dracut-initqueue[1213]:   % Total    % Received % Xferd  Average Speed   Time    Time     Time  Current
Mar 12 07:45:59 fedora dracut-initqueue[1213]:                                  Dload  Upload   Total   Spent    Left  Speed
Mar 12 07:46:03 fedora dracut-initqueue[1213]: [395B blob data]
Mar 12 07:46:03 fedora dracut-initqueue[1089]: anaconda: successfully fetched stage2 from https://kojipkgs.fedoraproject.org/compose/36/latest-Fedora-36/compose/Everything/x86_64/os/
Mar 12 07:46:03 fedora kernel: loop: module loaded
Mar 12 07:46:03 fedora kernel: loop0: detected capacity change from 0 to 1068624
Mar 12 07:46:03 fedora systemd[1]: Reloading.
Mar 12 07:46:03 fedora audit: BPF prog-id=34 op=LOAD
Mar 12 07:46:03 fedora audit: BPF prog-id=0 op=UNLOAD
Mar 12 07:46:03 fedora audit: BPF prog-id=35 op=LOAD
Mar 12 07:46:03 fedora audit: BPF prog-id=0 op=UNLOAD
Mar 12 07:46:03 fedora audit: BPF prog-id=36 op=LOAD
Mar 12 07:46:03 fedora audit: BPF prog-id=37 op=LOAD
Mar 12 07:46:03 fedora audit: BPF prog-id=0 op=UNLOAD
Mar 12 07:46:03 fedora audit: BPF prog-id=0 op=UNLOAD
Mar 12 07:46:03 fedora audit: BPF prog-id=38 op=LOAD
Mar 12 07:46:03 fedora audit: BPF prog-id=0 op=UNLOAD
Mar 12 07:46:03 fedora audit: BPF prog-id=39 op=LOAD
Mar 12 07:46:03 fedora audit: BPF prog-id=40 op=LOAD
Mar 12 07:46:03 fedora audit: BPF prog-id=0 op=UNLOAD
Mar 12 07:46:03 fedora audit: BPF prog-id=0 op=UNLOAD
Mar 12 07:46:03 fedora systemd[1]: run-initramfs-squashfs.mount: Deactivated successfully.
Mar 12 07:46:03 fedora systemd[1]: Finished dracut-initqueue.service - dracut initqueue hook.
Mar 12 07:46:03 fedora audit[1]: SERVICE_START pid=1 uid=0 auid=4294967295 ses=4294967295 subj=kernel msg='unit=dracut-initqueue comm="systemd" exe="/usr/lib/systemd/systemd" hostname=? addr=? terminal=? res=success'
Mar 12 07:46:03 fedora systemd[1]: Reached target remote-fs-pre.target - Preparation for Remote File Systems.
Mar 12 07:46:03 fedora systemd[1]: Reached target remote-cryptsetup.target - Remote Encrypted Volumes.
Mar 12 07:46:03 fedora systemd[1]: Reached target remote-fs.target - Remote File Systems.
Mar 12 07:46:03 fedora systemd[1]: Starting dracut-pre-mount.service - dracut pre-mount hook...
Mar 12 07:46:04 fedora systemd[1]: Finished dracut-pre-mount.service - dracut pre-mount hook.
Mar 12 07:46:04 fedora audit[1]: SERVICE_START pid=1 uid=0 auid=4294967295 ses=4294967295 subj=kernel msg='unit=dracut-pre-mount comm="systemd" exe="/usr/lib/systemd/systemd" hostname=? addr=? terminal=? res=success'
Mar 12 07:46:04 fedora systemd[1]: Reached target initrd-root-fs.target - Initrd Root File System.
Mar 12 07:46:04 fedora systemd[1]: Starting initrd-parse-etc.service - Reload Configuration from the Real Root...
Mar 12 07:46:04 fedora systemd[1]: Reloading.
Mar 12 07:46:04 fedora audit: BPF prog-id=41 op=LOAD
Mar 12 07:46:04 fedora audit: BPF prog-id=0 op=UNLOAD
Mar 12 07:46:04 fedora audit: BPF prog-id=42 op=LOAD
Mar 12 07:46:04 fedora audit: BPF prog-id=0 op=UNLOAD
Mar 12 07:46:04 fedora audit: BPF prog-id=43 op=LOAD
Mar 12 07:46:04 fedora audit: BPF prog-id=44 op=LOAD
Mar 12 07:46:04 fedora audit: BPF prog-id=0 op=UNLOAD
Mar 12 07:46:04 fedora audit: BPF prog-id=0 op=UNLOAD
Mar 12 07:46:04 fedora audit: BPF prog-id=45 op=LOAD
Mar 12 07:46:04 fedora audit: BPF prog-id=0 op=UNLOAD
Mar 12 07:46:04 fedora audit: BPF prog-id=46 op=LOAD
Mar 12 07:46:04 fedora audit: BPF prog-id=47 op=LOAD
Mar 12 07:46:04 fedora audit: BPF prog-id=0 op=UNLOAD
Mar 12 07:46:04 fedora audit: BPF prog-id=0 op=UNLOAD
Mar 12 07:46:04 fedora multipathd[1079]: exit (signal)
Mar 12 07:46:04 fedora multipathd[1079]: --------shut down-------
Mar 12 07:46:04 fedora systemd[1]: Stopping multipathd.service - Device-Mapper Multipath Device Controller...
Mar 12 07:46:04 fedora systemd[1]: initrd-parse-etc.service: Deactivated successfully.
Mar 12 07:46:04 fedora systemd[1]: Finished initrd-parse-etc.service - Reload Configuration from the Real Root.
Mar 12 07:46:04 fedora audit[1]: SERVICE_START pid=1 uid=0 auid=4294967295 ses=4294967295 subj=kernel msg='unit=initrd-parse-etc comm="systemd" exe="/usr/lib/systemd/systemd" hostname=? addr=? terminal=? res=success'
Mar 12 07:46:04 fedora audit[1]: SERVICE_STOP pid=1 uid=0 auid=4294967295 ses=4294967295 subj=kernel msg='unit=initrd-parse-etc comm="systemd" exe="/usr/lib/systemd/systemd" hostname=? addr=? terminal=? res=success'
Mar 12 07:46:04 fedora systemd[1]: Reached target initrd-fs.target - Initrd File Systems.
Mar 12 07:46:04 fedora systemd[1]: Reached target initrd.target - Initrd Default Target.
Mar 12 07:46:04 fedora systemd[1]: Starting dracut-mount.service - dracut mount hook...
Mar 12 07:46:04 fedora systemd[1]: multipathd.service: Deactivated successfully.
Mar 12 07:46:04 fedora audit[1]: SERVICE_STOP pid=1 uid=0 auid=4294967295 ses=4294967295 subj=kernel msg='unit=multipathd comm="systemd" exe="/usr/lib/systemd/systemd" hostname=? addr=? terminal=? res=success'
Mar 12 07:46:04 fedora systemd[1]: Stopped multipathd.service - Device-Mapper Multipath Device Controller.
Mar 12 07:46:04 fedora systemd[1]: Finished dracut-mount.service - dracut mount hook.
Mar 12 07:46:04 fedora systemd[1]: Starting dracut-pre-pivot.service - dracut pre-pivot and cleanup hook...
Mar 12 07:46:04 fedora audit[1]: SERVICE_START pid=1 uid=0 auid=4294967295 ses=4294967295 subj=kernel msg='unit=dracut-mount comm="systemd" exe="/usr/lib/systemd/systemd" hostname=? addr=? terminal=? res=success'
Mar 12 07:46:07 fedora rpc.idmapd[880]: exiting on signal 15
Mar 12 07:46:07 fedora systemd[1]: var-lib-nfs-rpc_pipefs.mount: Deactivated successfully.
Mar 12 07:46:07 fedora systemd[1]: Finished dracut-pre-pivot.service - dracut pre-pivot and cleanup hook.
Mar 12 07:46:07 fedora kernel: kauditd_printk_skb: 39 callbacks suppressed
Mar 12 07:46:07 fedora kernel: audit: type=1130 audit(1678607167.081:73): pid=1 uid=0 auid=4294967295 ses=4294967295 subj=kernel msg='unit=dracut-pre-pivot comm="systemd" exe="/usr/lib/systemd/systemd" hostname=? addr=? terminal=? res=success'
Mar 12 07:46:07 fedora audit[1]: SERVICE_START pid=1 uid=0 auid=4294967295 ses=4294967295 subj=kernel msg='unit=dracut-pre-pivot comm="systemd" exe="/usr/lib/systemd/systemd" hostname=? addr=? terminal=? res=success'
Mar 12 07:46:07 fedora systemd[1]: Starting initrd-cleanup.service - Cleaning Up and Shutting Down Daemons...
Mar 12 07:46:07 fedora systemd[1]: Stopped target network.target - Network.
Mar 12 07:46:07 fedora systemd[1]: Stopped target remote-cryptsetup.target - Remote Encrypted Volumes.
Mar 12 07:46:07 fedora systemd[1]: Stopped target timers.target - Timer Units.
Mar 12 07:46:07 fedora systemd[1]: dracut-pre-pivot.service: Deactivated successfully.
Mar 12 07:46:07 fedora systemd[1]: Stopped dracut-pre-pivot.service - dracut pre-pivot and cleanup hook.
Mar 12 07:46:07 fedora systemd[1]: dracut-pre-pivot.service: Consumed 2.734s CPU time.
Mar 12 07:46:07 fedora audit[1]: SERVICE_STOP pid=1 uid=0 auid=4294967295 ses=4294967295 subj=kernel msg='unit=dracut-pre-pivot comm="systemd" exe="/usr/lib/systemd/systemd" hostname=? addr=? terminal=? res=success'
Mar 12 07:46:07 fedora systemd[1]: Stopped target initrd.target - Initrd Default Target.
Mar 12 07:46:07 fedora systemd[1]: Stopped target basic.target - Basic System.
Mar 12 07:46:07 fedora systemd[1]: Stopped target initrd-root-device.target - Initrd Root Device.
Mar 12 07:46:07 fedora systemd[1]: Stopped target initrd-usr-fs.target - Initrd /usr File System.
Mar 12 07:46:07 fedora kernel: audit: type=1131 audit(1678607167.104:74): pid=1 uid=0 auid=4294967295 ses=4294967295 subj=kernel msg='unit=dracut-pre-pivot comm="systemd" exe="/usr/lib/systemd/systemd" hostname=? addr=? terminal=? res=success'
Mar 12 07:46:07 fedora systemd[1]: Stopped target paths.target - Path Units.
Mar 12 07:46:07 fedora systemd[1]: Stopped target remote-fs.target - Remote File Systems.
Mar 12 07:46:07 fedora systemd[1]: Stopped target remote-fs-pre.target - Preparation for Remote File Systems.
Mar 12 07:46:07 fedora systemd[1]: Stopped target slices.target - Slice Units.
Mar 12 07:46:07 fedora systemd[1]: Stopped target sockets.target - Socket Units.
Mar 12 07:46:07 fedora systemd[1]: Stopped target sysinit.target - System Initialization.
Mar 12 07:46:07 fedora systemd[1]: Stopped target local-fs.target - Local File Systems.
Mar 12 07:46:07 fedora systemd[1]: Stopped target local-fs-pre.target - Preparation for Local File Systems.
Mar 12 07:46:07 fedora systemd[1]: Stopped target swap.target - Swaps.
Mar 12 07:46:07 fedora systemd[1]: iscsid.socket: Deactivated successfully.
Mar 12 07:46:07 fedora systemd[1]: Closed iscsid.socket - Open-iSCSI iscsid Socket.
Mar 12 07:46:07 fedora systemd[1]: iscsiuio.socket: Deactivated successfully.
Mar 12 07:46:07 fedora systemd[1]: Closed iscsiuio.socket - Open-iSCSI iscsiuio Socket.
Mar 12 07:46:07 fedora dbus-broker[1038]: Dispatched 1894 messages @ 0(2)s / message.
Mar 12 07:46:07 fedora systemd[1]: Stopping dbus-broker.service - D-Bus System Message Bus...
Mar 12 07:46:07 fedora systemd[1]: dracut-mount.service: Deactivated successfully.
Mar 12 07:46:07 fedora systemd[1]: Stopped dracut-mount.service - dracut mount hook.
Mar 12 07:46:07 fedora audit[1]: SERVICE_STOP pid=1 uid=0 auid=4294967295 ses=4294967295 subj=kernel msg='unit=dracut-mount comm="systemd" exe="/usr/lib/systemd/systemd" hostname=? addr=? terminal=? res=success'
Mar 12 07:46:07 fedora systemd[1]: dracut-pre-mount.service: Deactivated successfully.
Mar 12 07:46:07 fedora kernel: audit: type=1131 audit(1678607167.132:75): pid=1 uid=0 auid=4294967295 ses=4294967295 subj=kernel msg='unit=dracut-mount comm="systemd" exe="/usr/lib/systemd/systemd" hostname=? addr=? terminal=? res=success'
Mar 12 07:46:07 fedora systemd[1]: Stopped dracut-pre-mount.service - dracut pre-mount hook.
Mar 12 07:46:07 fedora kernel: audit: type=1131 audit(1678607167.138:76): pid=1 uid=0 auid=4294967295 ses=4294967295 subj=kernel msg='unit=dracut-pre-mount comm="systemd" exe="/usr/lib/systemd/systemd" hostname=? addr=? terminal=? res=success'
Mar 12 07:46:07 fedora audit[1]: SERVICE_STOP pid=1 uid=0 auid=4294967295 ses=4294967295 subj=kernel msg='unit=dracut-pre-mount comm="systemd" exe="/usr/lib/systemd/systemd" hostname=? addr=? terminal=? res=success'
Mar 12 07:46:07 fedora systemd[1]: Stopped target cryptsetup.target - Local Encrypted Volumes.
Mar 12 07:46:07 fedora systemd[1]: dracut-initqueue.service: Deactivated successfully.
Mar 12 07:46:07 fedora systemd[1]: Stopped dracut-initqueue.service - dracut initqueue hook.
Mar 12 07:46:07 fedora systemd[1]: dracut-initqueue.service: Consumed 2.991s CPU time.
Mar 12 07:46:07 fedora audit[1]: SERVICE_STOP pid=1 uid=0 auid=4294967295 ses=4294967295 subj=kernel msg='unit=dracut-initqueue comm="systemd" exe="/usr/lib/systemd/systemd" hostname=? addr=? terminal=? res=success'
Mar 12 07:46:07 fedora systemd[1]: nm-wait-online-initrd.service: Deactivated successfully.
Mar 12 07:46:07 fedora kernel: audit: type=1131 audit(1678607167.144:77): pid=1 uid=0 auid=4294967295 ses=4294967295 subj=kernel msg='unit=dracut-initqueue comm="systemd" exe="/usr/lib/systemd/systemd" hostname=? addr=? terminal=? res=success'
Mar 12 07:46:07 fedora systemd[1]: Stopped nm-wait-online-initrd.service.
Mar 12 07:46:07 fedora audit[1]: SERVICE_STOP pid=1 uid=0 auid=4294967295 ses=4294967295 subj=kernel msg='unit=nm-wait-online-initrd comm="systemd" exe="/usr/lib/systemd/systemd" hostname=? addr=? terminal=? res=success'
Mar 12 07:46:07 fedora systemd[1]: Stopping nm-initrd.service...
Mar 12 07:46:07 fedora NetworkManager[1031]: <info>  [1678607167.1494] caught SIGTERM, shutting down normally.
Mar 12 07:46:07 fedora kernel: audit: type=1131 audit(1678607167.149:78): pid=1 uid=0 auid=4294967295 ses=4294967295 subj=kernel msg='unit=nm-wait-online-initrd comm="systemd" exe="/usr/lib/systemd/systemd" hostname=? addr=? terminal=? res=success'
Mar 12 07:46:07 fedora systemd[1]: Starting plymouth-switch-root.service - Plymouth switch root service...
Mar 12 07:46:07 fedora systemd[1]: systemd-sysctl.service: Deactivated successfully.
Mar 12 07:46:07 fedora NetworkManager[1031]: <info>  [1678607167.1542] dhcp4 (ens3): canceled DHCP transaction
Mar 12 07:46:07 fedora NetworkManager[1031]: <info>  [1678607167.1542] dhcp4 (ens3): activation: beginning transaction (timeout in 90 seconds)
Mar 12 07:46:07 fedora NetworkManager[1031]: <info>  [1678607167.1542] dhcp4 (ens3): state changed no lease
Mar 12 07:46:07 fedora NetworkManager[1031]: <info>  [1678607167.1544] manager: NetworkManager state is now CONNECTED_SITE
Mar 12 07:46:07 fedora NetworkManager[1031]: <info>  [1678607167.1546] exiting (success)
Mar 12 07:46:07 fedora systemd[1]: Stopped systemd-sysctl.service - Apply Kernel Variables.
Mar 12 07:46:07 fedora audit[1]: SERVICE_STOP pid=1 uid=0 auid=4294967295 ses=4294967295 subj=kernel msg='unit=systemd-sysctl comm="systemd" exe="/usr/lib/systemd/systemd" hostname=? addr=? terminal=? res=success'
Mar 12 07:46:07 fedora systemd[1]: systemd-udev-settle.service: Deactivated successfully.
Mar 12 07:46:07 fedora kernel: audit: type=1131 audit(1678607167.158:79): pid=1 uid=0 auid=4294967295 ses=4294967295 subj=kernel msg='unit=systemd-sysctl comm="systemd" exe="/usr/lib/systemd/systemd" hostname=? addr=? terminal=? res=success'
Mar 12 07:46:07 fedora systemd[1]: Stopped systemd-udev-settle.service - Wait for udev To Complete Device Initialization.
Mar 12 07:46:07 fedora systemd[1]: dbus-broker.service: Deactivated successfully.
Mar 12 07:46:07 fedora audit[1]: SERVICE_STOP pid=1 uid=0 auid=4294967295 ses=4294967295 subj=kernel msg='unit=systemd-udev-settle comm="systemd" exe="/usr/lib/systemd/systemd" hostname=? addr=? terminal=? res=success'
Mar 12 07:46:07 fedora kernel: audit: type=1131 audit(1678607167.163:80): pid=1 uid=0 auid=4294967295 ses=4294967295 subj=kernel msg='unit=systemd-udev-settle comm="systemd" exe="/usr/lib/systemd/systemd" hostname=? addr=? terminal=? res=success'
Mar 12 07:46:07 fedora systemd[1]: Stopped dbus-broker.service - D-Bus System Message Bus.
Mar 12 07:46:07 fedora kernel: audit: type=1131 audit(1678607167.173:81): pid=1 uid=0 auid=4294967295 ses=4294967295 subj=kernel msg='unit=dbus-broker comm="systemd" exe="/usr/lib/systemd/systemd" hostname=? addr=? terminal=? res=success'
Mar 12 07:46:07 fedora audit[1]: SERVICE_STOP pid=1 uid=0 auid=4294967295 ses=4294967295 subj=kernel msg='unit=dbus-broker comm="systemd" exe="/usr/lib/systemd/systemd" hostname=? addr=? terminal=? res=success'
Mar 12 07:46:07 fedora systemd[1]: nm-initrd.service: Deactivated successfully.
Mar 12 07:46:07 fedora systemd[1]: nm-initrd.service: Unit process 1156 (nm-daemon-helpe) remains running after unit stopped.
Mar 12 07:46:07 fedora systemd[1]: Stopped nm-initrd.service.
Mar 12 07:46:07 fedora systemd[1]: dbus.socket: Deactivated successfully.
Mar 12 07:46:07 fedora audit[1]: SERVICE_STOP pid=1 uid=0 auid=4294967295 ses=4294967295 subj=kernel msg='unit=nm-initrd comm="systemd" exe="/usr/lib/systemd/systemd" hostname=? addr=? terminal=? res=success'
Mar 12 07:46:07 fedora kernel: audit: type=1131 audit(1678607167.181:82): pid=1 uid=0 auid=4294967295 ses=4294967295 subj=kernel msg='unit=nm-initrd comm="systemd" exe="/usr/lib/systemd/systemd" hostname=? addr=? terminal=? res=success'
Mar 12 07:46:07 fedora audit: BPF prog-id=0 op=UNLOAD
Mar 12 07:46:07 fedora systemd[1]: Closed dbus.socket - D-Bus System Message Bus Socket.
Mar 12 07:46:07 fedora systemd[1]: systemd-tmpfiles-setup.service: Deactivated successfully.
Mar 12 07:46:07 fedora systemd[1]: Stopped systemd-tmpfiles-setup.service - Create Volatile Files and Directories.
Mar 12 07:46:07 fedora systemd[1]: systemd-udev-trigger.service: Deactivated successfully.
Mar 12 07:46:07 fedora audit[1]: SERVICE_STOP pid=1 uid=0 auid=4294967295 ses=4294967295 subj=kernel msg='unit=systemd-tmpfiles-setup comm="systemd" exe="/usr/lib/systemd/systemd" hostname=? addr=? terminal=? res=success'
Mar 12 07:46:07 fedora systemd[1]: Stopped systemd-udev-trigger.service - Coldplug All udev Devices.
Mar 12 07:46:07 fedora systemd[1]: dracut-pre-trigger.service: Deactivated successfully.
Mar 12 07:46:07 fedora audit[1]: SERVICE_STOP pid=1 uid=0 auid=4294967295 ses=4294967295 subj=kernel msg='unit=systemd-udev-trigger comm="systemd" exe="/usr/lib/systemd/systemd" hostname=? addr=? terminal=? res=success'
Mar 12 07:46:07 fedora systemd[1]: Stopped dracut-pre-trigger.service - dracut pre-trigger hook.
Mar 12 07:46:07 fedora systemd[1]: Stopping systemd-udevd.service - Rule-based Manager for Device Events and Files...
Mar 12 07:46:07 fedora systemd[1]: initrd-cleanup.service: Deactivated successfully.
Mar 12 07:46:07 fedora audit[1]: SERVICE_STOP pid=1 uid=0 auid=4294967295 ses=4294967295 subj=kernel msg='unit=dracut-pre-trigger comm="systemd" exe="/usr/lib/systemd/systemd" hostname=? addr=? terminal=? res=success'
Mar 12 07:46:07 fedora systemd[1]: Finished initrd-cleanup.service - Cleaning Up and Shutting Down Daemons.
Mar 12 07:46:07 fedora systemd[1]: systemd-udevd.service: Deactivated successfully.
Mar 12 07:46:07 fedora audit[1]: SERVICE_START pid=1 uid=0 auid=4294967295 ses=4294967295 subj=kernel msg='unit=initrd-cleanup comm="systemd" exe="/usr/lib/systemd/systemd" hostname=? addr=? terminal=? res=success'
Mar 12 07:46:07 fedora audit[1]: SERVICE_STOP pid=1 uid=0 auid=4294967295 ses=4294967295 subj=kernel msg='unit=initrd-cleanup comm="systemd" exe="/usr/lib/systemd/systemd" hostname=? addr=? terminal=? res=success'
Mar 12 07:46:07 fedora systemd[1]: Stopped systemd-udevd.service - Rule-based Manager for Device Events and Files.
Mar 12 07:46:07 fedora audit[1]: SERVICE_STOP pid=1 uid=0 auid=4294967295 ses=4294967295 subj=kernel msg='unit=systemd-udevd comm="systemd" exe="/usr/lib/systemd/systemd" hostname=? addr=? terminal=? res=success'
Mar 12 07:46:07 fedora systemd[1]: Finished plymouth-switch-root.service - Plymouth switch root service.
Mar 12 07:46:07 fedora audit[1]: SERVICE_START pid=1 uid=0 auid=4294967295 ses=4294967295 subj=kernel msg='unit=plymouth-switch-root comm="systemd" exe="/usr/lib/systemd/systemd" hostname=? addr=? terminal=? res=success'
Mar 12 07:46:07 fedora audit: BPF prog-id=0 op=UNLOAD
Mar 12 07:46:07 fedora systemd[1]: systemd-udevd-control.socket: Deactivated successfully.
Mar 12 07:46:07 fedora systemd[1]: Closed systemd-udevd-control.socket - udev Control Socket.
Mar 12 07:46:07 fedora systemd[1]: systemd-udevd-kernel.socket: Deactivated successfully.
Mar 12 07:46:07 fedora systemd[1]: Closed systemd-udevd-kernel.socket - udev Kernel Socket.
Mar 12 07:46:07 fedora systemd[1]: dracut-pre-udev.service: Deactivated successfully.
Mar 12 07:46:07 fedora systemd[1]: Stopped dracut-pre-udev.service - dracut pre-udev hook.
Mar 12 07:46:07 fedora systemd[1]: dracut-cmdline.service: Deactivated successfully.
Mar 12 07:46:07 fedora audit[1]: SERVICE_STOP pid=1 uid=0 auid=4294967295 ses=4294967295 subj=kernel msg='unit=dracut-pre-udev comm="systemd" exe="/usr/lib/systemd/systemd" hostname=? addr=? terminal=? res=success'
Mar 12 07:46:07 fedora systemd[1]: Stopped dracut-cmdline.service - dracut cmdline hook.
Mar 12 07:46:07 fedora systemd[1]: dracut-cmdline.service: Consumed 1.435s CPU time.
Mar 12 07:46:07 fedora audit[1]: SERVICE_STOP pid=1 uid=0 auid=4294967295 ses=4294967295 subj=kernel msg='unit=dracut-cmdline comm="systemd" exe="/usr/lib/systemd/systemd" hostname=? addr=? terminal=? res=success'
Mar 12 07:46:07 fedora systemd[1]: dracut-cmdline-ask.service: Deactivated successfully.
Mar 12 07:46:07 fedora systemd[1]: Stopped dracut-cmdline-ask.service - dracut ask for additional cmdline parameters.
Mar 12 07:46:07 fedora audit[1]: SERVICE_STOP pid=1 uid=0 auid=4294967295 ses=4294967295 subj=kernel msg='unit=dracut-cmdline-ask comm="systemd" exe="/usr/lib/systemd/systemd" hostname=? addr=? terminal=? res=success'
Mar 12 07:46:07 fedora systemd[1]: Starting initrd-udevadm-cleanup-db.service - Cleanup udev Database...
Mar 12 07:46:07 fedora rngd[266]: [hwrng ]: Shutting down
Mar 12 07:46:07 fedora rngd[266]: [rdrand]: Shutting down
Mar 12 07:46:07 fedora rngd[266]: [jitter]: Shutting down
Mar 12 07:46:07 fedora systemd[1]: Stopping rngd.service - Hardware RNG Entropy Gatherer Daemon...
Mar 12 07:46:07 fedora systemd[1]: systemd-tmpfiles-setup-dev.service: Deactivated successfully.
Mar 12 07:46:07 fedora systemd[1]: Stopped systemd-tmpfiles-setup-dev.service - Create Static Device Nodes in /dev.
Mar 12 07:46:07 fedora audit[1]: SERVICE_STOP pid=1 uid=0 auid=4294967295 ses=4294967295 subj=kernel msg='unit=systemd-tmpfiles-setup-dev comm="systemd" exe="/usr/lib/systemd/systemd" hostname=? addr=? terminal=? res=success'
Mar 12 07:46:07 fedora systemd[1]: kmod-static-nodes.service: Deactivated successfully.
Mar 12 07:46:07 fedora systemd[1]: Stopped kmod-static-nodes.service - Create List of Static Device Nodes.
Mar 12 07:46:07 fedora audit[1]: SERVICE_STOP pid=1 uid=0 auid=4294967295 ses=4294967295 subj=kernel msg='unit=kmod-static-nodes comm="systemd" exe="/usr/lib/systemd/systemd" hostname=? addr=? terminal=? res=success'
Mar 12 07:46:07 fedora systemd[1]: systemd-sysusers.service: Deactivated successfully.
Mar 12 07:46:07 fedora systemd[1]: Stopped systemd-sysusers.service - Create System Users.
Mar 12 07:46:07 fedora audit[1]: SERVICE_STOP pid=1 uid=0 auid=4294967295 ses=4294967295 subj=kernel msg='unit=systemd-sysusers comm="systemd" exe="/usr/lib/systemd/systemd" hostname=? addr=? terminal=? res=success'
Mar 12 07:46:07 fedora systemd[1]: run-credentials-systemd\x2dsysusers.service.mount: Deactivated successfully.
Mar 12 07:46:07 fedora systemd[1]: rngd.service: Deactivated successfully.
Mar 12 07:46:07 fedora systemd[1]: Stopped rngd.service - Hardware RNG Entropy Gatherer Daemon.
Mar 12 07:46:07 fedora audit[1]: SERVICE_STOP pid=1 uid=0 auid=4294967295 ses=4294967295 subj=kernel msg='unit=rngd comm="systemd" exe="/usr/lib/systemd/systemd" hostname=? addr=? terminal=? res=success'
Mar 12 07:46:07 fedora systemd[1]: rngd.service: Consumed 47.229s CPU time.
Mar 12 07:46:07 fedora systemd[1]: initrd-udevadm-cleanup-db.service: Deactivated successfully.
Mar 12 07:46:07 fedora systemd[1]: Finished initrd-udevadm-cleanup-db.service - Cleanup udev Database.
Mar 12 07:46:07 fedora audit[1]: SERVICE_START pid=1 uid=0 auid=4294967295 ses=4294967295 subj=kernel msg='unit=initrd-udevadm-cleanup-db comm="systemd" exe="/usr/lib/systemd/systemd" hostname=? addr=? terminal=? res=success'
Mar 12 07:46:07 fedora audit[1]: SERVICE_STOP pid=1 uid=0 auid=4294967295 ses=4294967295 subj=kernel msg='unit=initrd-udevadm-cleanup-db comm="systemd" exe="/usr/lib/systemd/systemd" hostname=? addr=? terminal=? res=success'
Mar 12 07:46:07 fedora systemd[1]: Reached target initrd-switch-root.target - Switch Root.
Mar 12 07:46:07 fedora systemd[1]: Starting initrd-switch-root.service - Switch Root...
Mar 12 07:46:07 fedora systemd[1]: Switching root.
Mar 12 07:46:07 fedora audit: BPF prog-id=0 op=UNLOAD
Mar 12 07:46:07 fedora systemd-journald[267]: Journal stopped
Mar 12 07:46:09 fedora systemd-journald[267]: Received SIGTERM from PID 1 (systemd).
Mar 12 07:46:09 fedora kernel: SELinux:  policy capability network_peer_controls=1
Mar 12 07:46:09 fedora kernel: SELinux:  policy capability open_perms=1
Mar 12 07:46:09 fedora kernel: SELinux:  policy capability extended_socket_class=1
Mar 12 07:46:09 fedora kernel: SELinux:  policy capability always_check_network=0
Mar 12 07:46:09 fedora kernel: SELinux:  policy capability cgroup_seclabel=1
Mar 12 07:46:09 fedora kernel: SELinux:  policy capability nnp_nosuid_transition=1
Mar 12 07:46:09 fedora kernel: SELinux:  policy capability genfs_seclabel_symlinks=1
Mar 12 07:46:09 fedora kernel: SELinux:  policy capability ioctl_skip_cloexec=0
Mar 12 07:46:09 fedora systemd[1]: Successfully loaded SELinux policy in 153.354ms.
Mar 12 07:46:09 fedora systemd[1]: Relabelled /dev, /dev/shm, /run, /sys/fs/cgroup in 32.665ms.
Mar 12 07:46:09 fedora systemd[1]: systemd v250.3-8.fc36 running in system mode (+PAM +AUDIT +SELINUX -APPARMOR +IMA +SMACK +SECCOMP +GCRYPT +GNUTLS +OPENSSL +ACL +BLKID +CURL +ELFUTILS +FIDO2 +IDN2 -IDN -IPTC +KMOD +LIBCRYPTSETUP +LIBFDISK +PCRE2 +PWQUALITY +P11KIT +QRENCODE +BZIP2 +LZ4 +XZ +ZLIB +ZSTD +BPF_FRAMEWORK +XKBCOMMON +UTMP +SYSVINIT default-hierarchy=unified)
Mar 12 07:46:09 fedora systemd[1]: Detected virtualization kvm.
Mar 12 07:46:09 fedora systemd[1]: Detected architecture x86-64.
Mar 12 07:46:09 fedora systemd[1]: Initializing machine ID from VM UUID.
Mar 12 07:46:09 fedora systemd[1]: LSM BPF program attached
Mar 12 07:46:09 fedora kernel: zram: Added device: zram0
Mar 12 07:46:09 fedora systemd[1556]: /usr/lib/systemd/system-generators/systemd-gpt-auto-generator failed with exit status 1.
Mar 12 07:46:09 fedora systemd[1]: initrd-switch-root.service: Deactivated successfully.
Mar 12 07:46:09 fedora systemd[1]: Stopped initrd-switch-root.service - Switch Root.
Mar 12 07:46:09 fedora systemd[1]: systemd-journald.service: Scheduled restart job, restart counter is at 1.
Mar 12 07:46:09 fedora systemd[1]: Created slice system-anaconda\x2dtmux.slice - Slice /system/anaconda-tmux.
Mar 12 07:46:09 fedora systemd[1]: Created slice system-modprobe.slice - Slice /system/modprobe.
Mar 12 07:46:09 fedora systemd[1]: Created slice system-sshd\x2dkeygen.slice - Slice /system/sshd-keygen.
Mar 12 07:46:09 fedora systemd[1]: Created slice system-systemd\x2dzram\x2dsetup.slice - Slice /system/systemd-zram-setup.
Mar 12 07:46:09 fedora systemd[1]: Created slice user.slice - User and Session Slice.
Mar 12 07:46:09 fedora systemd[1]: systemd-ask-password-console.path - Dispatch Password Requests to Console Directory Watch was skipped because of a failed condition check (ConditionPathExists=!/run/plymouth/pid).
Mar 12 07:46:09 fedora systemd[1]: Set up automount proc-sys-fs-binfmt_misc.automount - Arbitrary Executable File Formats File System Automount Point.
Mar 12 07:46:09 fedora systemd[1]: Stopped target initrd-switch-root.target - Switch Root.
Mar 12 07:46:09 fedora systemd[1]: Stopped target initrd-fs.target - Initrd File Systems.
Mar 12 07:46:09 fedora systemd[1]: Stopped target initrd-root-fs.target - Initrd Root File System.
Mar 12 07:46:09 fedora systemd[1]: Reached target integritysetup.target - Local Integrity Protected Volumes.
Mar 12 07:46:09 fedora systemd[1]: Reached target paths.target - Path Units.
Mar 12 07:46:09 fedora systemd[1]: Reached target slices.target - Slice Units.
Mar 12 07:46:09 fedora systemd[1]: Reached target veritysetup.target - Local Verity Protected Volumes.
Mar 12 07:46:09 fedora systemd[1]: Listening on lvm2-lvmpolld.socket - LVM2 poll daemon socket.
Mar 12 07:46:09 fedora systemd[1]: Listening on multipathd.socket - multipathd control socket.
Mar 12 07:46:09 fedora systemd[1]: Listening on systemd-coredump.socket - Process Core Dump Socket.
Mar 12 07:46:09 fedora systemd[1]: Listening on systemd-initctl.socket - initctl Compatibility Named Pipe.
Mar 12 07:46:09 fedora systemd[1]: Listening on systemd-udevd-control.socket - udev Control Socket.
Mar 12 07:46:09 fedora systemd[1]: Listening on systemd-udevd-kernel.socket - udev Kernel Socket.
Mar 12 07:46:09 fedora systemd[1]: Listening on systemd-userdbd.socket - User Database Manager Socket.
Mar 12 07:46:09 fedora systemd[1]: Mounting dev-hugepages.mount - Huge Pages File System...
Mar 12 07:46:09 fedora systemd[1]: Mounting dev-mqueue.mount - POSIX Message Queue File System...
Mar 12 07:46:09 fedora systemd[1]: Mounting sys-kernel-debug.mount - Kernel Debug File System...
Mar 12 07:46:09 fedora systemd[1]: Mounting sys-kernel-tracing.mount - Kernel Trace File System...
Mar 12 07:46:09 fedora systemd[1]: Starting kmod-static-nodes.service - Create List of Static Device Nodes...
Mar 12 07:46:09 fedora systemd[1]: Starting modprobe@configfs.service - Load Kernel Module configfs...
Mar 12 07:46:09 fedora systemd[1]: Starting modprobe@drm.service - Load Kernel Module drm...
Mar 12 07:46:09 fedora systemd[1]: Starting modprobe@fuse.service - Load Kernel Module fuse...
Mar 12 07:46:09 fedora systemd[1]: plymouth-switch-root.service: Deactivated successfully.
Mar 12 07:46:09 fedora systemd[1]: Stopped plymouth-switch-root.service - Plymouth switch root service.
Mar 12 07:46:09 fedora systemd[1]: Stopped systemd-journald.service - Journal Service.
Mar 12 07:46:09 fedora systemd[1]: Starting systemd-journald.service - Journal Service...
Mar 12 07:46:09 fedora systemd[1]: systemd-modules-load.service - Load Kernel Modules was skipped because all trigger condition checks failed.
Mar 12 07:46:09 fedora kernel: fuse: init (API version 7.36)
Mar 12 07:46:09 fedora systemd[1]: Starting systemd-network-generator.service - Generate network units from Kernel command line...
Mar 12 07:46:09 fedora systemd[1]: Starting systemd-remount-fs.service - Remount Root and Kernel File Systems...
Mar 12 07:46:09 fedora systemd[1]: systemd-repart.service - Repartition Root Disk was skipped because all trigger condition checks failed.
Mar 12 07:46:09 fedora systemd[1]: Starting systemd-sysctl.service - Apply Kernel Variables...
Mar 12 07:46:09 fedora systemd[1]: Starting systemd-udev-trigger.service - Coldplug All udev Devices...
Mar 12 07:46:09 fedora systemd[1]: Mounted dev-hugepages.mount - Huge Pages File System.
Mar 12 07:46:09 fedora systemd[1]: Mounted dev-mqueue.mount - POSIX Message Queue File System.
Mar 12 07:46:09 fedora systemd[1]: Mounted sys-kernel-debug.mount - Kernel Debug File System.
Mar 12 07:46:09 fedora systemd[1]: Mounted sys-kernel-tracing.mount - Kernel Trace File System.
Mar 12 07:46:09 fedora systemd-journald[1598]: Journal started
Mar 12 07:46:09 fedora systemd-journald[1598]: Runtime Journal (/run/log/journal/af9d43f3514842c0ad2b89115f1941bf) is 8.0M, max 78.3M, 70.3M free.
Mar 12 07:46:08 fedora audit: MAC_POLICY_LOAD auid=4294967295 ses=4294967295 lsm=selinux res=1
Mar 12 07:46:08 fedora audit: BPF prog-id=48 op=LOAD
Mar 12 07:46:08 fedora audit: BPF prog-id=0 op=UNLOAD
Mar 12 07:46:08 fedora audit: BPF prog-id=49 op=LOAD
Mar 12 07:46:08 fedora audit: BPF prog-id=0 op=UNLOAD
Mar 12 07:46:08 fedora audit: BPF prog-id=50 op=LOAD
Mar 12 07:46:08 fedora audit: BPF prog-id=0 op=UNLOAD
Mar 12 07:46:08 fedora audit: BPF prog-id=51 op=LOAD
Mar 12 07:46:08 fedora audit: BPF prog-id=0 op=UNLOAD
Mar 12 07:46:08 fedora audit: BPF prog-id=52 op=LOAD
Mar 12 07:46:08 fedora audit: BPF prog-id=0 op=UNLOAD
Mar 12 07:46:08 fedora audit: BPF prog-id=53 op=LOAD
Mar 12 07:46:08 fedora audit: BPF prog-id=0 op=UNLOAD
Mar 12 07:46:08 fedora audit: BPF prog-id=54 op=LOAD
Mar 12 07:46:08 fedora audit: BPF prog-id=55 op=LOAD
Mar 12 07:46:08 fedora audit: BPF prog-id=0 op=UNLOAD
Mar 12 07:46:08 fedora audit: BPF prog-id=0 op=UNLOAD
Mar 12 07:46:08 fedora audit: BPF prog-id=56 op=LOAD
Mar 12 07:46:08 fedora audit: BPF prog-id=0 op=UNLOAD
Mar 12 07:46:08 fedora audit: BPF prog-id=57 op=LOAD
Mar 12 07:46:08 fedora audit: BPF prog-id=0 op=UNLOAD
Mar 12 07:46:08 fedora audit: BPF prog-id=58 op=LOAD
Mar 12 07:46:08 fedora audit: BPF prog-id=0 op=UNLOAD
Mar 12 07:46:08 fedora audit: BPF prog-id=59 op=LOAD
Mar 12 07:46:08 fedora audit: BPF prog-id=60 op=LOAD
Mar 12 07:46:08 fedora audit: BPF prog-id=0 op=UNLOAD
Mar 12 07:46:08 fedora audit: BPF prog-id=61 op=LOAD
Mar 12 07:46:08 fedora audit: BPF prog-id=0 op=UNLOAD
Mar 12 07:46:08 fedora audit: BPF prog-id=0 op=UNLOAD
Mar 12 07:46:08 fedora audit: BPF prog-id=62 op=LOAD
Mar 12 07:46:08 fedora audit: BPF prog-id=0 op=UNLOAD
Mar 12 07:46:08 fedora audit: BPF prog-id=63 op=LOAD
Mar 12 07:46:08 fedora audit: BPF prog-id=0 op=UNLOAD
Mar 12 07:46:08 fedora audit: BPF prog-id=64 op=LOAD
Mar 12 07:46:08 fedora audit: BPF prog-id=0 op=UNLOAD
Mar 12 07:46:08 fedora audit: BPF prog-id=65 op=LOAD
Mar 12 07:46:08 fedora audit: BPF prog-id=0 op=UNLOAD
Mar 12 07:46:08 fedora audit: BPF prog-id=66 op=LOAD
Mar 12 07:46:09 fedora audit: BPF prog-id=67 op=LOAD
Mar 12 07:46:09 fedora audit: BPF prog-id=0 op=UNLOAD
Mar 12 07:46:09 fedora audit: BPF prog-id=68 op=LOAD
Mar 12 07:46:09 fedora audit: BPF prog-id=69 op=LOAD
Mar 12 07:46:09 fedora audit: BPF prog-id=0 op=UNLOAD
Mar 12 07:46:09 fedora audit: BPF prog-id=0 op=UNLOAD
