Feb 15 19:31:25 localhost kernel: Linux version 5.14.0-162.6.1.el9_1.x86_64 (mockbuild@dal1-prod-builder001.bld.equ.rockylinux.org) (gcc (GCC) 11.3.1 20220421 (Red Hat 11.3.1-2), GNU ld version 2.35.2-24.el9) #1 SMP PREEMPT_DYNAMIC Fri Nov 18 02:06:38 UTC 2022
Feb 15 19:31:25 localhost kernel: The list of certified hardware and cloud instances for Red Hat Enterprise Linux 9 can be viewed at the Red Hat Ecosystem Catalog, https://catalog.redhat.com.
Feb 15 19:31:25 localhost kernel: Command line: inst.repo=http://download.rockylinux.org/stg/rocky/9/BaseOS/x86_64/os/ inst.ks=file:/ks.cfg initrd=initrd
Feb 15 19:31:25 localhost kernel: x86/fpu: Supporting XSAVE feature 0x001: 'x87 floating point registers'
Feb 15 19:31:25 localhost kernel: x86/fpu: Supporting XSAVE feature 0x002: 'SSE registers'
Feb 15 19:31:25 localhost kernel: x86/fpu: Supporting XSAVE feature 0x004: 'AVX registers'
Feb 15 19:31:25 localhost kernel: x86/fpu: Supporting XSAVE feature 0x020: 'AVX-512 opmask'
Feb 15 19:31:25 localhost kernel: x86/fpu: Supporting XSAVE feature 0x040: 'AVX-512 Hi256'
Feb 15 19:31:25 localhost kernel: x86/fpu: Supporting XSAVE feature 0x080: 'AVX-512 ZMM_Hi256'
Feb 15 19:31:25 localhost kernel: x86/fpu: Supporting XSAVE feature 0x200: 'Protection Keys User registers'
Feb 15 19:31:25 localhost kernel: x86/fpu: xstate_offset[2]:  576, xstate_sizes[2]:  256
Feb 15 19:31:25 localhost kernel: x86/fpu: xstate_offset[5]:  832, xstate_sizes[5]:   64
Feb 15 19:31:25 localhost kernel: x86/fpu: xstate_offset[6]:  896, xstate_sizes[6]:  512
Feb 15 19:31:25 localhost kernel: x86/fpu: xstate_offset[7]: 1408, xstate_sizes[7]: 1024
Feb 15 19:31:25 localhost kernel: x86/fpu: xstate_offset[9]: 2432, xstate_sizes[9]:    8
Feb 15 19:31:25 localhost kernel: x86/fpu: Enabled xstate features 0x2e7, context size is 2440 bytes, using 'compacted' format.
Feb 15 19:31:25 localhost kernel: signal: max sigframe size: 3632
Feb 15 19:31:25 localhost kernel: BIOS-provided physical RAM map:
Feb 15 19:31:25 localhost kernel: BIOS-e820: [mem 0x0000000000000000-0x000000000009ffff] usable
Feb 15 19:31:25 localhost kernel: BIOS-e820: [mem 0x0000000000100000-0x00000000bed02fff] usable
Feb 15 19:31:25 localhost kernel: BIOS-e820: [mem 0x00000000bed03000-0x00000000bedc3fff] reserved
Feb 15 19:31:25 localhost kernel: BIOS-e820: [mem 0x00000000bedc4000-0x00000000bf8eefff] usable
Feb 15 19:31:25 localhost kernel: BIOS-e820: [mem 0x00000000bf8ef000-0x00000000bfaeefff] reserved
Feb 15 19:31:25 localhost kernel: BIOS-e820: [mem 0x00000000bfaef000-0x00000000bfb76fff] usable
Feb 15 19:31:25 localhost kernel: BIOS-e820: [mem 0x00000000bfb77000-0x00000000bfb7efff] ACPI data
Feb 15 19:31:25 localhost kernel: BIOS-e820: [mem 0x00000000bfb7f000-0x00000000bfbfefff] ACPI NVS
Feb 15 19:31:25 localhost kernel: BIOS-e820: [mem 0x00000000bfbff000-0x00000000bff7bfff] usable
Feb 15 19:31:25 localhost kernel: BIOS-e820: [mem 0x00000000bff7c000-0x00000000bfffffff] reserved
Feb 15 19:31:25 localhost kernel: BIOS-e820: [mem 0x00000000ffc00000-0x00000000ffffffff] reserved
Feb 15 19:31:25 localhost kernel: BIOS-e820: [mem 0x0000000100000000-0x000000023fffffff] usable
Feb 15 19:31:25 localhost kernel: NX (Execute Disable) protection: active
Feb 15 19:31:25 localhost kernel: e820: update [mem 0xbdce6018-0xbdcefa57] usable ==> usable
Feb 15 19:31:25 localhost kernel: e820: update [mem 0xbdce6018-0xbdcefa57] usable ==> usable
Feb 15 19:31:25 localhost kernel: e820: update [mem 0xbdcbb018-0xbdce5857] usable ==> usable
Feb 15 19:31:25 localhost kernel: e820: update [mem 0xbdcbb018-0xbdce5857] usable ==> usable
Feb 15 19:31:25 localhost kernel: extended physical RAM map:
Feb 15 19:31:25 localhost kernel: reserve setup_data: [mem 0x0000000000000000-0x000000000009ffff] usable
Feb 15 19:31:25 localhost kernel: reserve setup_data: [mem 0x0000000000100000-0x00000000bdcbb017] usable
Feb 15 19:31:25 localhost kernel: reserve setup_data: [mem 0x00000000bdcbb018-0x00000000bdce5857] usable
Feb 15 19:31:25 localhost kernel: reserve setup_data: [mem 0x00000000bdce5858-0x00000000bdce6017] usable
Feb 15 19:31:25 localhost kernel: reserve setup_data: [mem 0x00000000bdce6018-0x00000000bdcefa57] usable
Feb 15 19:31:25 localhost kernel: reserve setup_data: [mem 0x00000000bdcefa58-0x00000000bed02fff] usable
Feb 15 19:31:25 localhost kernel: reserve setup_data: [mem 0x00000000bed03000-0x00000000bedc3fff] reserved
Feb 15 19:31:25 localhost kernel: reserve setup_data: [mem 0x00000000bedc4000-0x00000000bf8eefff] usable
Feb 15 19:31:25 localhost kernel: reserve setup_data: [mem 0x00000000bf8ef000-0x00000000bfaeefff] reserved
Feb 15 19:31:25 localhost kernel: reserve setup_data: [mem 0x00000000bfaef000-0x00000000bfb76fff] usable
Feb 15 19:31:25 localhost kernel: reserve setup_data: [mem 0x00000000bfb77000-0x00000000bfb7efff] ACPI data
Feb 15 19:31:25 localhost kernel: reserve setup_data: [mem 0x00000000bfb7f000-0x00000000bfbfefff] ACPI NVS
Feb 15 19:31:25 localhost kernel: reserve setup_data: [mem 0x00000000bfbff000-0x00000000bff7bfff] usable
Feb 15 19:31:25 localhost kernel: reserve setup_data: [mem 0x00000000bff7c000-0x00000000bfffffff] reserved
Feb 15 19:31:25 localhost kernel: reserve setup_data: [mem 0x00000000ffc00000-0x00000000ffffffff] reserved
Feb 15 19:31:25 localhost kernel: reserve setup_data: [mem 0x0000000100000000-0x000000023fffffff] usable
Feb 15 19:31:25 localhost kernel: efi: EFI v2.70 by EDK II
Feb 15 19:31:25 localhost kernel: efi: SMBIOS=0xbf98a000 ACPI=0xbfb7e000 ACPI 2.0=0xbfb7e014 MEMATTR=0xbdda1018 RNG=0xbf98b998 
Feb 15 19:31:25 localhost kernel: efi: seeding entropy pool
Feb 15 19:31:25 localhost kernel: secureboot: Secure boot disabled
Feb 15 19:31:25 localhost kernel: SMBIOS 2.8 present.
Feb 15 19:31:25 localhost kernel: DMI: Red Hat KVM, BIOS 0.0.0 02/06/2015
Feb 15 19:31:25 localhost kernel: Hypervisor detected: KVM
Feb 15 19:31:25 localhost kernel: kvm-clock: Using msrs 4b564d01 and 4b564d00
Feb 15 19:31:25 localhost kernel: kvm-clock: using sched offset of 2856651227 cycles
Feb 15 19:31:25 localhost kernel: clocksource: kvm-clock: mask: 0xffffffffffffffff max_cycles: 0x1cd42e4dffb, max_idle_ns: 881590591483 ns
Feb 15 19:31:25 localhost kernel: tsc: Detected 2899.998 MHz processor
Feb 15 19:31:25 localhost kernel: e820: update [mem 0x00000000-0x00000fff] usable ==> reserved
Feb 15 19:31:25 localhost kernel: e820: remove [mem 0x000a0000-0x000fffff] usable
Feb 15 19:31:25 localhost kernel: last_pfn = 0x240000 max_arch_pfn = 0x10000000000
Feb 15 19:31:25 localhost kernel: x86/PAT: Configuration [0-7]: WB  WC  UC- UC  WB  WP  UC- WT  
Feb 15 19:31:25 localhost kernel: last_pfn = 0xbff7c max_arch_pfn = 0x10000000000
Feb 15 19:31:25 localhost kernel: Using GB pages for direct mapping
Feb 15 19:31:25 localhost kernel: secureboot: Secure boot disabled
Feb 15 19:31:25 localhost kernel: RAMDISK: [mem 0xad35f000-0xb2bccfff]
Feb 15 19:31:25 localhost kernel: ACPI: Early table checksum verification disabled
Feb 15 19:31:25 localhost kernel: ACPI: RSDP 0x00000000BFB7E014 000024 (v02 BOCHS )
Feb 15 19:31:25 localhost kernel: ACPI: XSDT 0x00000000BFB7D0E8 000044 (v01 BOCHS  BXPC     00000001      01000013)
Feb 15 19:31:25 localhost kernel: ACPI: FACP 0x00000000BFB7A000 000074 (v01 BOCHS  BXPC     00000001 BXPC 00000001)
Feb 15 19:31:25 localhost kernel: ACPI: DSDT 0x00000000BFB7B000 0016BB (v01 BOCHS  BXPC     00000001 BXPC 00000001)
Feb 15 19:31:25 localhost kernel: ACPI: FACS 0x00000000BFBDD000 000040
Feb 15 19:31:25 localhost kernel: ACPI: APIC 0x00000000BFB79000 000078 (v01 BOCHS  BXPC     00000001 BXPC 00000001)
Feb 15 19:31:25 localhost kernel: ACPI: WAET 0x00000000BFB78000 000028 (v01 BOCHS  BXPC     00000001 BXPC 00000001)
Feb 15 19:31:25 localhost kernel: ACPI: BGRT 0x00000000BFB77000 000038 (v01 INTEL  EDK2     00000002      01000013)
Feb 15 19:31:25 localhost kernel: ACPI: Reserving FACP table memory at [mem 0xbfb7a000-0xbfb7a073]
Feb 15 19:31:25 localhost kernel: ACPI: Reserving DSDT table memory at [mem 0xbfb7b000-0xbfb7c6ba]
Feb 15 19:31:25 localhost kernel: ACPI: Reserving FACS table memory at [mem 0xbfbdd000-0xbfbdd03f]
Feb 15 19:31:25 localhost kernel: ACPI: Reserving APIC table memory at [mem 0xbfb79000-0xbfb79077]
Feb 15 19:31:25 localhost kernel: ACPI: Reserving WAET table memory at [mem 0xbfb78000-0xbfb78027]
Feb 15 19:31:25 localhost kernel: ACPI: Reserving BGRT table memory at [mem 0xbfb77000-0xbfb77037]
Feb 15 19:31:25 localhost kernel: No NUMA configuration found
Feb 15 19:31:25 localhost kernel: Faking a node at [mem 0x0000000000000000-0x000000023fffffff]
Feb 15 19:31:25 localhost kernel: NODE_DATA(0) allocated [mem 0x23ffd5000-0x23fffffff]
Feb 15 19:31:25 localhost kernel: Zone ranges:
Feb 15 19:31:25 localhost kernel:   DMA      [mem 0x0000000000001000-0x0000000000ffffff]
Feb 15 19:31:25 localhost kernel:   DMA32    [mem 0x0000000001000000-0x00000000ffffffff]
Feb 15 19:31:25 localhost kernel:   Normal   [mem 0x0000000100000000-0x000000023fffffff]
Feb 15 19:31:25 localhost kernel:   Device   empty
Feb 15 19:31:25 localhost kernel: Movable zone start for each node
Feb 15 19:31:25 localhost kernel: Early memory node ranges
Feb 15 19:31:25 localhost kernel:   node   0: [mem 0x0000000000001000-0x000000000009ffff]
Feb 15 19:31:25 localhost kernel:   node   0: [mem 0x0000000000100000-0x00000000bed02fff]
Feb 15 19:31:25 localhost kernel:   node   0: [mem 0x00000000bedc4000-0x00000000bf8eefff]
Feb 15 19:31:25 localhost kernel:   node   0: [mem 0x00000000bfaef000-0x00000000bfb76fff]
Feb 15 19:31:25 localhost kernel:   node   0: [mem 0x00000000bfbff000-0x00000000bff7bfff]
Feb 15 19:31:25 localhost kernel:   node   0: [mem 0x0000000100000000-0x000000023fffffff]
Feb 15 19:31:25 localhost kernel: Initmem setup node 0 [mem 0x0000000000001000-0x000000023fffffff]
Feb 15 19:31:25 localhost kernel: On node 0, zone DMA: 1 pages in unavailable ranges
Feb 15 19:31:25 localhost kernel: On node 0, zone DMA: 96 pages in unavailable ranges
Feb 15 19:31:25 localhost kernel: On node 0, zone DMA32: 193 pages in unavailable ranges
Feb 15 19:31:25 localhost kernel: On node 0, zone DMA32: 512 pages in unavailable ranges
Feb 15 19:31:25 localhost kernel: On node 0, zone DMA32: 136 pages in unavailable ranges
Feb 15 19:31:25 localhost kernel: On node 0, zone Normal: 132 pages in unavailable ranges
Feb 15 19:31:25 localhost kernel: ACPI: PM-Timer IO Port: 0xb008
Feb 15 19:31:25 localhost kernel: ACPI: LAPIC_NMI (acpi_id[0xff] dfl dfl lint[0x1])
Feb 15 19:31:25 localhost kernel: IOAPIC[0]: apic_id 0, version 17, address 0xfec00000, GSI 0-23
Feb 15 19:31:25 localhost kernel: ACPI: INT_SRC_OVR (bus 0 bus_irq 0 global_irq 2 dfl dfl)
Feb 15 19:31:25 localhost kernel: ACPI: INT_SRC_OVR (bus 0 bus_irq 5 global_irq 5 high level)
Feb 15 19:31:25 localhost kernel: ACPI: INT_SRC_OVR (bus 0 bus_irq 9 global_irq 9 high level)
Feb 15 19:31:25 localhost kernel: ACPI: INT_SRC_OVR (bus 0 bus_irq 10 global_irq 10 high level)
Feb 15 19:31:25 localhost kernel: ACPI: INT_SRC_OVR (bus 0 bus_irq 11 global_irq 11 high level)
Feb 15 19:31:25 localhost kernel: ACPI: Using ACPI (MADT) for SMP configuration information
Feb 15 19:31:25 localhost kernel: e820: update [mem 0xbdda7000-0xbddaffff] usable ==> reserved
Feb 15 19:31:25 localhost kernel: TSC deadline timer available
Feb 15 19:31:25 localhost kernel: smpboot: Allowing 1 CPUs, 0 hotplug CPUs
Feb 15 19:31:25 localhost kernel: PM: hibernation: Registered nosave memory: [mem 0x00000000-0x00000fff]
Feb 15 19:31:25 localhost kernel: PM: hibernation: Registered nosave memory: [mem 0x000a0000-0x000fffff]
Feb 15 19:31:25 localhost kernel: PM: hibernation: Registered nosave memory: [mem 0xbdcbb000-0xbdcbbfff]
Feb 15 19:31:25 localhost kernel: PM: hibernation: Registered nosave memory: [mem 0xbdce5000-0xbdce5fff]
Feb 15 19:31:25 localhost kernel: PM: hibernation: Registered nosave memory: [mem 0xbdce6000-0xbdce6fff]
Feb 15 19:31:25 localhost kernel: PM: hibernation: Registered nosave memory: [mem 0xbdcef000-0xbdceffff]
Feb 15 19:31:25 localhost kernel: PM: hibernation: Registered nosave memory: [mem 0xbdda7000-0xbddaffff]
Feb 15 19:31:25 localhost kernel: PM: hibernation: Registered nosave memory: [mem 0xbed03000-0xbedc3fff]
Feb 15 19:31:25 localhost kernel: PM: hibernation: Registered nosave memory: [mem 0xbf8ef000-0xbfaeefff]
Feb 15 19:31:25 localhost kernel: PM: hibernation: Registered nosave memory: [mem 0xbfb77000-0xbfb7efff]
Feb 15 19:31:25 localhost kernel: PM: hibernation: Registered nosave memory: [mem 0xbfb7f000-0xbfbfefff]
Feb 15 19:31:25 localhost kernel: PM: hibernation: Registered nosave memory: [mem 0xbff7c000-0xbfffffff]
Feb 15 19:31:25 localhost kernel: PM: hibernation: Registered nosave memory: [mem 0xc0000000-0xffbfffff]
Feb 15 19:31:25 localhost kernel: PM: hibernation: Registered nosave memory: [mem 0xffc00000-0xffffffff]
Feb 15 19:31:25 localhost kernel: [mem 0xc0000000-0xffbfffff] available for PCI devices
Feb 15 19:31:25 localhost kernel: Booting paravirtualized kernel on KVM
Feb 15 19:31:25 localhost kernel: clocksource: refined-jiffies: mask: 0xffffffff max_cycles: 0xffffffff, max_idle_ns: 1910969940391419 ns
Feb 15 19:31:25 localhost kernel: setup_percpu: NR_CPUS:8192 nr_cpumask_bits:1 nr_cpu_ids:1 nr_node_ids:1
Feb 15 19:31:25 localhost kernel: percpu: Embedded 55 pages/cpu s188416 r8192 d28672 u2097152
Feb 15 19:31:25 localhost kernel: pcpu-alloc: s188416 r8192 d28672 u2097152 alloc=1*2097152
Feb 15 19:31:25 localhost kernel: pcpu-alloc: [0] 0 
Feb 15 19:31:25 localhost kernel: kvm-guest: PV spinlocks disabled, single CPU
Feb 15 19:31:25 localhost kernel: Built 1 zonelists, mobility grouping on.  Total pages: 2061152
Feb 15 19:31:25 localhost kernel: Policy zone: Normal
Feb 15 19:31:25 localhost kernel: Kernel command line: inst.repo=http://download.rockylinux.org/stg/rocky/9/BaseOS/x86_64/os/ inst.ks=file:/ks.cfg initrd=initrd
Feb 15 19:31:25 localhost kernel: Dentry cache hash table entries: 1048576 (order: 11, 8388608 bytes, linear)
Feb 15 19:31:25 localhost kernel: Inode-cache hash table entries: 524288 (order: 10, 4194304 bytes, linear)
Feb 15 19:31:25 localhost kernel: mem auto-init: stack:off, heap alloc:off, heap free:off
Feb 15 19:31:25 localhost kernel: Memory: 2981016K/8384328K available (14344K kernel code, 6001K rwdata, 9208K rodata, 2740K init, 7196K bss, 495328K reserved, 0K cma-reserved)
Feb 15 19:31:25 localhost kernel: random: get_random_u64 called from kmem_cache_open+0x1e/0x310 with crng_init=0
Feb 15 19:31:25 localhost kernel: SLUB: HWalign=64, Order=0-3, MinObjects=0, CPUs=1, Nodes=1
Feb 15 19:31:25 localhost kernel: ftrace: allocating 44038 entries in 173 pages
Feb 15 19:31:25 localhost kernel: ftrace: allocated 173 pages with 5 groups
Feb 15 19:31:25 localhost kernel: Dynamic Preempt: voluntary
Feb 15 19:31:25 localhost kernel: rcu: Preemptible hierarchical RCU implementation.
Feb 15 19:31:25 localhost kernel: rcu:         RCU restricting CPUs from NR_CPUS=8192 to nr_cpu_ids=1.
Feb 15 19:31:25 localhost kernel:         Trampoline variant of Tasks RCU enabled.
Feb 15 19:31:25 localhost kernel:         Rude variant of Tasks RCU enabled.
Feb 15 19:31:25 localhost kernel:         Tracing variant of Tasks RCU enabled.
Feb 15 19:31:25 localhost kernel: rcu: RCU calculated value of scheduler-enlistment delay is 100 jiffies.
Feb 15 19:31:25 localhost kernel: rcu: Adjusting geometry for rcu_fanout_leaf=16, nr_cpu_ids=1
Feb 15 19:31:25 localhost kernel: NR_IRQS: 524544, nr_irqs: 256, preallocated irqs: 16
Feb 15 19:31:25 localhost kernel: kfence: initialized - using 2097152 bytes for 255 objects at 0x(____ptrval____)-0x(____ptrval____)
Feb 15 19:31:25 localhost kernel: random: crng init done (trusting CPU's manufacturer)
Feb 15 19:31:25 localhost kernel: Console: colour dummy device 80x25
Feb 15 19:31:25 localhost kernel: printk: console [tty0] enabled
Feb 15 19:31:25 localhost kernel: ACPI: Core revision 20211217
Feb 15 19:31:25 localhost kernel: APIC: Switch to symmetric I/O mode setup
Feb 15 19:31:25 localhost kernel: x2apic enabled
Feb 15 19:31:25 localhost kernel: Switched APIC routing to physical x2apic.
Feb 15 19:31:25 localhost kernel: clocksource: tsc-early: mask: 0xffffffffffffffff max_cycles: 0x29cd4133323, max_idle_ns: 440795296220 ns
Feb 15 19:31:25 localhost kernel: Calibrating delay loop (skipped) preset value.. 5799.99 BogoMIPS (lpj=2899998)
Feb 15 19:31:25 localhost kernel: pid_max: default: 32768 minimum: 301
Feb 15 19:31:25 localhost kernel: LSM: Security Framework initializing
Feb 15 19:31:25 localhost kernel: Yama: becoming mindful.
Feb 15 19:31:25 localhost kernel: SELinux:  Initializing.
Feb 15 19:31:25 localhost kernel: LSM support for eBPF active
Feb 15 19:31:25 localhost kernel: Mount-cache hash table entries: 16384 (order: 5, 131072 bytes, linear)
Feb 15 19:31:25 localhost kernel: Mountpoint-cache hash table entries: 16384 (order: 5, 131072 bytes, linear)
Feb 15 19:31:25 localhost kernel: x86/cpu: User Mode Instruction Prevention (UMIP) activated
Feb 15 19:31:25 localhost kernel: Last level iTLB entries: 4KB 0, 2MB 0, 4MB 0
Feb 15 19:31:25 localhost kernel: Last level dTLB entries: 4KB 0, 2MB 0, 4MB 0, 1GB 0
Feb 15 19:31:25 localhost kernel: Spectre V1 : Mitigation: usercopy/swapgs barriers and __user pointer sanitization
Feb 15 19:31:25 localhost kernel: Spectre V2 : Mitigation: Enhanced IBRS
Feb 15 19:31:25 localhost kernel: Spectre V2 : Spectre v2 / SpectreRSB mitigation: Filling RSB on context switch
Feb 15 19:31:25 localhost kernel: Spectre V2 : Spectre v2 / PBRSB-eIBRS: Retire a single CALL on VMEXIT
Feb 15 19:31:25 localhost kernel: Spectre V2 : mitigation: Enabling conditional Indirect Branch Prediction Barrier
Feb 15 19:31:25 localhost kernel: Speculative Store Bypass: Mitigation: Speculative Store Bypass disabled via prctl
Feb 15 19:31:25 localhost kernel: TAA: Mitigation: TSX disabled
Feb 15 19:31:25 localhost kernel: MMIO Stale Data: Vulnerable: Clear CPU buffers attempted, no microcode
Feb 15 19:31:25 localhost kernel: Freeing SMP alternatives memory: 36K
Feb 15 19:31:25 localhost kernel: smpboot: CPU0: Intel(R) Xeon(R) Platinum 8375C CPU @ 2.90GHz (family: 0x6, model: 0x6a, stepping: 0x6)
Feb 15 19:31:25 localhost kernel: cblist_init_generic: Setting adjustable number of callback queues.
Feb 15 19:31:25 localhost kernel: cblist_init_generic: Setting shift to 0 and lim to 1.
Feb 15 19:31:25 localhost kernel: cblist_init_generic: Setting shift to 0 and lim to 1.
Feb 15 19:31:25 localhost kernel: cblist_init_generic: Setting shift to 0 and lim to 1.
Feb 15 19:31:25 localhost kernel: Performance Events: Icelake events, full-width counters, Intel PMU driver.
Feb 15 19:31:25 localhost kernel: ... version:                2
Feb 15 19:31:25 localhost kernel: ... bit width:              48
Feb 15 19:31:25 localhost kernel: ... generic registers:      8
Feb 15 19:31:25 localhost kernel: ... value mask:             0000ffffffffffff
Feb 15 19:31:25 localhost kernel: ... max period:             00007fffffffffff
Feb 15 19:31:25 localhost kernel: ... fixed-purpose events:   3
Feb 15 19:31:25 localhost kernel: ... event mask:             00000007000000ff
Feb 15 19:31:25 localhost kernel: rcu: Hierarchical SRCU implementation.
Feb 15 19:31:25 localhost kernel: smp: Bringing up secondary CPUs ...
Feb 15 19:31:25 localhost kernel: smp: Brought up 1 node, 1 CPU
Feb 15 19:31:25 localhost kernel: smpboot: Max logical packages: 1
Feb 15 19:31:25 localhost kernel: smpboot: Total of 1 processors activated (5799.99 BogoMIPS)
Feb 15 19:31:25 localhost kernel: node 0 deferred pages initialised in 19ms
Feb 15 19:31:25 localhost kernel: devtmpfs: initialized
Feb 15 19:31:25 localhost kernel: x86/mm: Memory block size: 128MB
Feb 15 19:31:25 localhost kernel: ACPI: PM: Registering ACPI NVS region [mem 0xbfb7f000-0xbfbfefff] (524288 bytes)
Feb 15 19:31:25 localhost kernel: clocksource: jiffies: mask: 0xffffffff max_cycles: 0xffffffff, max_idle_ns: 1911260446275000 ns
Feb 15 19:31:25 localhost kernel: futex hash table entries: 256 (order: 2, 16384 bytes, linear)
Feb 15 19:31:25 localhost kernel: pinctrl core: initialized pinctrl subsystem
Feb 15 19:31:25 localhost kernel: NET: Registered PF_NETLINK/PF_ROUTE protocol family
Feb 15 19:31:25 localhost kernel: DMA: preallocated 1024 KiB GFP_KERNEL pool for atomic allocations
Feb 15 19:31:25 localhost kernel: DMA: preallocated 1024 KiB GFP_KERNEL|GFP_DMA pool for atomic allocations
Feb 15 19:31:25 localhost kernel: DMA: preallocated 1024 KiB GFP_KERNEL|GFP_DMA32 pool for atomic allocations
Feb 15 19:31:25 localhost kernel: audit: initializing netlink subsys (disabled)
Feb 15 19:31:25 localhost kernel: thermal_sys: Registered thermal governor 'fair_share'
Feb 15 19:31:25 localhost kernel: thermal_sys: Registered thermal governor 'step_wise'
Feb 15 19:31:25 localhost kernel: thermal_sys: Registered thermal governor 'user_space'
Feb 15 19:31:25 localhost kernel: cpuidle: using governor menu
Feb 15 19:31:25 localhost kernel: acpiphp: ACPI Hot Plug PCI Controller Driver version: 0.5
Feb 15 19:31:25 localhost kernel: PCI: Using configuration type 1 for base access
Feb 15 19:31:25 localhost kernel: kprobes: kprobe jump-optimization is enabled. All kprobes are optimized if possible.
Feb 15 19:31:25 localhost kernel: audit: type=2000 audit(1676489482.758:1): state=initialized audit_enabled=0 res=1
Feb 15 19:31:25 localhost kernel: HugeTLB registered 1.00 GiB page size, pre-allocated 0 pages
Feb 15 19:31:25 localhost kernel: HugeTLB registered 2.00 MiB page size, pre-allocated 0 pages
Feb 15 19:31:25 localhost kernel: cryptd: max_cpu_qlen set to 1000
Feb 15 19:31:25 localhost kernel: ACPI: Added _OSI(Module Device)
Feb 15 19:31:25 localhost kernel: ACPI: Added _OSI(Processor Device)
Feb 15 19:31:25 localhost kernel: ACPI: Added _OSI(3.0 _SCP Extensions)
Feb 15 19:31:25 localhost kernel: ACPI: Added _OSI(Processor Aggregator Device)
Feb 15 19:31:25 localhost kernel: ACPI: Added _OSI(Linux-Dell-Video)
Feb 15 19:31:25 localhost kernel: ACPI: Added _OSI(Linux-Lenovo-NV-HDMI-Audio)
Feb 15 19:31:25 localhost kernel: ACPI: Added _OSI(Linux-HPI-Hybrid-Graphics)
Feb 15 19:31:25 localhost kernel: ACPI: 1 ACPI AML tables successfully acquired and loaded
Feb 15 19:31:25 localhost kernel: ACPI: Interpreter enabled
Feb 15 19:31:25 localhost kernel: ACPI: PM: (supports S0 S5)
Feb 15 19:31:25 localhost kernel: ACPI: Using IOAPIC for interrupt routing
Feb 15 19:31:25 localhost kernel: PCI: Using host bridge windows from ACPI; if necessary, use "pci=nocrs" and report a bug
Feb 15 19:31:25 localhost kernel: ACPI: Enabled 2 GPEs in block 00 to 0F
Feb 15 19:31:25 localhost kernel: ACPI: PCI Root Bridge [PCI0] (domain 0000 [bus 00-ff])
Feb 15 19:31:25 localhost kernel: acpi PNP0A03:00: _OSC: OS supports [ASPM ClockPM Segments MSI EDR HPX-Type3]
Feb 15 19:31:25 localhost kernel: acpi PNP0A03:00: _OSC: not requesting OS control; OS requires [ExtendedConfig ASPM ClockPM MSI]
Feb 15 19:31:25 localhost kernel: acpi PNP0A03:00: fail to add MMCONFIG information, can't access extended PCI configuration space under this bridge.
Feb 15 19:31:25 localhost kernel: acpiphp: Slot [3] registered
Feb 15 19:31:25 localhost kernel: acpiphp: Slot [4] registered
Feb 15 19:31:25 localhost kernel: acpiphp: Slot [5] registered
Feb 15 19:31:25 localhost kernel: acpiphp: Slot [6] registered
Feb 15 19:31:25 localhost kernel: acpiphp: Slot [7] registered
Feb 15 19:31:25 localhost kernel: acpiphp: Slot [8] registered
Feb 15 19:31:25 localhost kernel: acpiphp: Slot [9] registered
Feb 15 19:31:25 localhost kernel: acpiphp: Slot [10] registered
Feb 15 19:31:25 localhost kernel: acpiphp: Slot [11] registered
Feb 15 19:31:25 localhost kernel: acpiphp: Slot [12] registered
Feb 15 19:31:25 localhost kernel: acpiphp: Slot [13] registered
Feb 15 19:31:25 localhost kernel: acpiphp: Slot [14] registered
Feb 15 19:31:25 localhost kernel: acpiphp: Slot [15] registered
Feb 15 19:31:25 localhost kernel: acpiphp: Slot [16] registered
Feb 15 19:31:25 localhost kernel: acpiphp: Slot [17] registered
Feb 15 19:31:25 localhost kernel: acpiphp: Slot [18] registered
Feb 15 19:31:25 localhost kernel: acpiphp: Slot [19] registered
Feb 15 19:31:25 localhost kernel: acpiphp: Slot [20] registered
Feb 15 19:31:25 localhost kernel: acpiphp: Slot [21] registered
Feb 15 19:31:25 localhost kernel: acpiphp: Slot [22] registered
Feb 15 19:31:25 localhost kernel: acpiphp: Slot [23] registered
Feb 15 19:31:25 localhost kernel: acpiphp: Slot [24] registered
Feb 15 19:31:25 localhost kernel: acpiphp: Slot [25] registered
Feb 15 19:31:25 localhost kernel: acpiphp: Slot [26] registered
Feb 15 19:31:25 localhost kernel: acpiphp: Slot [27] registered
Feb 15 19:31:25 localhost kernel: acpiphp: Slot [28] registered
Feb 15 19:31:25 localhost kernel: acpiphp: Slot [29] registered
Feb 15 19:31:25 localhost kernel: acpiphp: Slot [30] registered
Feb 15 19:31:25 localhost kernel: acpiphp: Slot [31] registered
Feb 15 19:31:25 localhost kernel: PCI host bridge to bus 0000:00
Feb 15 19:31:25 localhost kernel: pci_bus 0000:00: root bus resource [io  0x0000-0x0cf7 window]
Feb 15 19:31:25 localhost kernel: pci_bus 0000:00: root bus resource [io  0x0d00-0xffff window]
Feb 15 19:31:25 localhost kernel: pci_bus 0000:00: root bus resource [mem 0x000a0000-0x000bffff window]
Feb 15 19:31:25 localhost kernel: pci_bus 0000:00: root bus resource [mem 0xc0000000-0xfebfffff window]
Feb 15 19:31:25 localhost kernel: pci_bus 0000:00: root bus resource [mem 0x800000000-0x87fffffff window]
Feb 15 19:31:25 localhost kernel: pci_bus 0000:00: root bus resource [bus 00-ff]
Feb 15 19:31:25 localhost kernel: pci 0000:00:00.0: [8086:1237] type 00 class 0x060000
Feb 15 19:31:25 localhost kernel: pci 0000:00:01.0: [8086:7000] type 00 class 0x060100
Feb 15 19:31:25 localhost kernel: pci 0000:00:01.1: [8086:7010] type 00 class 0x010180
Feb 15 19:31:25 localhost kernel: pci 0000:00:01.1: reg 0x20: [io  0xc100-0xc10f]
Feb 15 19:31:25 localhost kernel: pci 0000:00:01.1: legacy IDE quirk: reg 0x10: [io  0x01f0-0x01f7]
Feb 15 19:31:25 localhost kernel: pci 0000:00:01.1: legacy IDE quirk: reg 0x14: [io  0x03f6]
Feb 15 19:31:25 localhost kernel: pci 0000:00:01.1: legacy IDE quirk: reg 0x18: [io  0x0170-0x0177]
Feb 15 19:31:25 localhost kernel: pci 0000:00:01.1: legacy IDE quirk: reg 0x1c: [io  0x0376]
Feb 15 19:31:25 localhost kernel: pci 0000:00:01.2: [8086:7020] type 00 class 0x0c0300
Feb 15 19:31:25 localhost kernel: pci 0000:00:01.2: reg 0x20: [io  0xc0e0-0xc0ff]
Feb 15 19:31:25 localhost kernel: pci 0000:00:01.3: [8086:7113] type 00 class 0x068000
Feb 15 19:31:25 localhost kernel: pci 0000:00:01.3: quirk: [io  0xb000-0xb03f] claimed by PIIX4 ACPI
Feb 15 19:31:25 localhost kernel: pci 0000:00:01.3: quirk: [io  0xb100-0xb10f] claimed by PIIX4 SMB
Feb 15 19:31:25 localhost kernel: pci 0000:00:02.0: [1013:00b8] type 00 class 0x030000
Feb 15 19:31:25 localhost kernel: pci 0000:00:02.0: reg 0x10: [mem 0xc0000000-0xc1ffffff pref]
Feb 15 19:31:25 localhost kernel: pci 0000:00:02.0: reg 0x14: [mem 0xc2043000-0xc2043fff]
Feb 15 19:31:25 localhost kernel: pci 0000:00:02.0: reg 0x30: [mem 0xffff0000-0xffffffff pref]
Feb 15 19:31:25 localhost kernel: pci 0000:00:02.0: BAR 0: assigned to efifb
Feb 15 19:31:25 localhost kernel: pci 0000:00:02.0: Video device with shadowed ROM at [mem 0x000c0000-0x000dffff]
Feb 15 19:31:25 localhost kernel: pci 0000:00:03.0: [1af4:1000] type 00 class 0x020000
Feb 15 19:31:25 localhost kernel: pci 0000:00:03.0: reg 0x10: [io  0xc0c0-0xc0df]
Feb 15 19:31:25 localhost kernel: pci 0000:00:03.0: reg 0x14: [mem 0xc2042000-0xc2042fff]
Feb 15 19:31:25 localhost kernel: pci 0000:00:03.0: reg 0x20: [mem 0x800000000-0x800003fff 64bit pref]
Feb 15 19:31:25 localhost kernel: pci 0000:00:03.0: reg 0x30: [mem 0xfffc0000-0xffffffff pref]
Feb 15 19:31:25 localhost kernel: pci 0000:00:04.0: [1af4:1003] type 00 class 0x078000
Feb 15 19:31:25 localhost kernel: pci 0000:00:04.0: reg 0x10: [io  0xc040-0xc07f]
Feb 15 19:31:25 localhost kernel: pci 0000:00:04.0: reg 0x14: [mem 0xc2041000-0xc2041fff]
Feb 15 19:31:25 localhost kernel: pci 0000:00:04.0: reg 0x20: [mem 0x800004000-0x800007fff 64bit pref]
Feb 15 19:31:25 localhost kernel: pci 0000:00:05.0: [1af4:1001] type 00 class 0x010000
Feb 15 19:31:25 localhost kernel: pci 0000:00:05.0: reg 0x10: [io  0xc000-0xc03f]
Feb 15 19:31:25 localhost kernel: pci 0000:00:05.0: reg 0x14: [mem 0xc2040000-0xc2040fff]
Feb 15 19:31:25 localhost kernel: pci 0000:00:05.0: reg 0x20: [mem 0x800008000-0x80000bfff 64bit pref]
Feb 15 19:31:25 localhost kernel: pci 0000:00:06.0: [1af4:1002] type 00 class 0x00ff00
Feb 15 19:31:25 localhost kernel: pci 0000:00:06.0: reg 0x10: [io  0xc0a0-0xc0bf]
Feb 15 19:31:25 localhost kernel: pci 0000:00:06.0: reg 0x20: [mem 0x80000c000-0x80000ffff 64bit pref]
Feb 15 19:31:25 localhost kernel: pci 0000:00:07.0: [1af4:1005] type 00 class 0x00ff00
Feb 15 19:31:25 localhost kernel: pci 0000:00:07.0: reg 0x10: [io  0xc080-0xc09f]
Feb 15 19:31:25 localhost kernel: pci 0000:00:07.0: reg 0x20: [mem 0x800010000-0x800013fff 64bit pref]
Feb 15 19:31:25 localhost kernel: ACPI: PCI: Interrupt link LNKA configured for IRQ 10
Feb 15 19:31:25 localhost kernel: ACPI: PCI: Interrupt link LNKB configured for IRQ 10
Feb 15 19:31:25 localhost kernel: ACPI: PCI: Interrupt link LNKC configured for IRQ 11
Feb 15 19:31:25 localhost kernel: ACPI: PCI: Interrupt link LNKD configured for IRQ 11
Feb 15 19:31:25 localhost kernel: ACPI: PCI: Interrupt link LNKS configured for IRQ 9
Feb 15 19:31:25 localhost kernel: iommu: Default domain type: Translated 
Feb 15 19:31:25 localhost kernel: iommu: DMA domain TLB invalidation policy: lazy mode 
Feb 15 19:31:25 localhost kernel: SCSI subsystem initialized
Feb 15 19:31:25 localhost kernel: ACPI: bus type USB registered
Feb 15 19:31:25 localhost kernel: usbcore: registered new interface driver usbfs
Feb 15 19:31:25 localhost kernel: usbcore: registered new interface driver hub
Feb 15 19:31:25 localhost kernel: usbcore: registered new device driver usb
Feb 15 19:31:25 localhost kernel: pps_core: LinuxPPS API ver. 1 registered
Feb 15 19:31:25 localhost kernel: pps_core: Software ver. 5.3.6 - Copyright 2005-2007 Rodolfo Giometti <giometti@linux.it>
Feb 15 19:31:25 localhost kernel: PTP clock support registered
Feb 15 19:31:25 localhost kernel: EDAC MC: Ver: 3.0.0
Feb 15 19:31:25 localhost kernel: Registered efivars operations
Feb 15 19:31:25 localhost kernel: NetLabel: Initializing
Feb 15 19:31:25 localhost kernel: NetLabel:  domain hash size = 128
Feb 15 19:31:25 localhost kernel: NetLabel:  protocols = UNLABELED CIPSOv4 CALIPSO
Feb 15 19:31:25 localhost kernel: NetLabel:  unlabeled traffic allowed by default
Feb 15 19:31:25 localhost kernel: PCI: Using ACPI for IRQ routing
Feb 15 19:31:25 localhost kernel: PCI: pci_cache_line_size set to 64 bytes
Feb 15 19:31:25 localhost kernel: e820: reserve RAM buffer [mem 0xbdcbb018-0xbfffffff]
Feb 15 19:31:25 localhost kernel: e820: reserve RAM buffer [mem 0xbdce6018-0xbfffffff]
Feb 15 19:31:25 localhost kernel: e820: reserve RAM buffer [mem 0xbdda7000-0xbfffffff]
Feb 15 19:31:25 localhost kernel: e820: reserve RAM buffer [mem 0xbed03000-0xbfffffff]
Feb 15 19:31:25 localhost kernel: e820: reserve RAM buffer [mem 0xbf8ef000-0xbfffffff]
Feb 15 19:31:25 localhost kernel: e820: reserve RAM buffer [mem 0xbfb77000-0xbfffffff]
Feb 15 19:31:25 localhost kernel: e820: reserve RAM buffer [mem 0xbff7c000-0xbfffffff]
Feb 15 19:31:25 localhost kernel: pci 0000:00:02.0: vgaarb: setting as boot VGA device
Feb 15 19:31:25 localhost kernel: pci 0000:00:02.0: vgaarb: bridge control possible
Feb 15 19:31:25 localhost kernel: pci 0000:00:02.0: vgaarb: VGA device added: decodes=io+mem,owns=io+mem,locks=none
Feb 15 19:31:25 localhost kernel: vgaarb: loaded
Feb 15 19:31:25 localhost kernel: clocksource: Switched to clocksource kvm-clock
Feb 15 19:31:25 localhost kernel: VFS: Disk quotas dquot_6.6.0
Feb 15 19:31:25 localhost kernel: VFS: Dquot-cache hash table entries: 512 (order 0, 4096 bytes)
Feb 15 19:31:25 localhost kernel: pnp: PnP ACPI init
Feb 15 19:31:25 localhost kernel: pnp 00:04: [dma 2]
Feb 15 19:31:25 localhost kernel: pnp: PnP ACPI: found 6 devices
Feb 15 19:31:25 localhost kernel: clocksource: acpi_pm: mask: 0xffffff max_cycles: 0xffffff, max_idle_ns: 2085701024 ns
Feb 15 19:31:25 localhost kernel: NET: Registered PF_INET protocol family
Feb 15 19:31:25 localhost kernel: IP idents hash table entries: 131072 (order: 8, 1048576 bytes, linear)
Feb 15 19:31:25 localhost kernel: tcp_listen_portaddr_hash hash table entries: 4096 (order: 4, 65536 bytes, linear)
Feb 15 19:31:25 localhost kernel: TCP established hash table entries: 65536 (order: 7, 524288 bytes, linear)
Feb 15 19:31:25 localhost kernel: TCP bind hash table entries: 65536 (order: 8, 1048576 bytes, linear)
Feb 15 19:31:25 localhost kernel: TCP: Hash tables configured (established 65536 bind 65536)
Feb 15 19:31:25 localhost kernel: MPTCP token hash table entries: 8192 (order: 5, 196608 bytes, linear)
Feb 15 19:31:25 localhost kernel: UDP hash table entries: 4096 (order: 5, 131072 bytes, linear)
Feb 15 19:31:25 localhost kernel: UDP-Lite hash table entries: 4096 (order: 5, 131072 bytes, linear)
Feb 15 19:31:25 localhost kernel: NET: Registered PF_UNIX/PF_LOCAL protocol family
Feb 15 19:31:25 localhost kernel: NET: Registered PF_XDP protocol family
Feb 15 19:31:25 localhost kernel: pci 0000:00:03.0: can't claim BAR 6 [mem 0xfffc0000-0xffffffff pref]: no compatible bridge window
Feb 15 19:31:25 localhost kernel: pci 0000:00:03.0: BAR 6: assigned [mem 0xc2000000-0xc203ffff pref]
Feb 15 19:31:25 localhost kernel: pci_bus 0000:00: resource 4 [io  0x0000-0x0cf7 window]
Feb 15 19:31:25 localhost kernel: pci_bus 0000:00: resource 5 [io  0x0d00-0xffff window]
Feb 15 19:31:25 localhost kernel: pci_bus 0000:00: resource 6 [mem 0x000a0000-0x000bffff window]
Feb 15 19:31:25 localhost kernel: pci_bus 0000:00: resource 7 [mem 0xc0000000-0xfebfffff window]
Feb 15 19:31:25 localhost kernel: pci_bus 0000:00: resource 8 [mem 0x800000000-0x87fffffff window]
Feb 15 19:31:25 localhost kernel: pci 0000:00:01.0: PIIX3: Enabling Passive Release
Feb 15 19:31:25 localhost kernel: pci 0000:00:00.0: Limiting direct PCI/PCI transfers
Feb 15 19:31:25 localhost kernel: pci 0000:00:01.0: Activating ISA DMA hang workarounds
Feb 15 19:31:25 localhost kernel: ACPI: \_SB_.LNKD: Enabled at IRQ 11
Feb 15 19:31:25 localhost kernel: pci 0000:00:01.2: quirk_usb_early_handoff+0x0/0x140 took 20602 usecs
Feb 15 19:31:25 localhost kernel: PCI: CLS 0 bytes, default 64
Feb 15 19:31:25 localhost kernel: PCI-DMA: Using software bounce buffering for IO (SWIOTLB)
Feb 15 19:31:25 localhost kernel: software IO TLB: mapped [mem 0x00000000a935f000-0x00000000ad35f000] (64MB)
Feb 15 19:31:25 localhost kernel: Trying to unpack rootfs image as initramfs...
Feb 15 19:31:25 localhost kernel: ACPI: bus type thunderbolt registered
Feb 15 19:31:25 localhost kernel: clocksource: tsc: mask: 0xffffffffffffffff max_cycles: 0x29cd4133323, max_idle_ns: 440795296220 ns
Feb 15 19:31:25 localhost kernel: Initialise system trusted keyrings
Feb 15 19:31:25 localhost kernel: Key type blacklist registered
Feb 15 19:31:25 localhost kernel: workingset: timestamp_bits=36 max_order=21 bucket_order=0
Feb 15 19:31:25 localhost kernel: zbud: loaded
Feb 15 19:31:25 localhost kernel: integrity: Platform Keyring initialized
Feb 15 19:31:25 localhost kernel: NET: Registered PF_ALG protocol family
Feb 15 19:31:25 localhost kernel: xor: automatically using best checksumming function   avx       
Feb 15 19:31:25 localhost kernel: Key type asymmetric registered
Feb 15 19:31:25 localhost kernel: Asymmetric key parser 'x509' registered
Feb 15 19:31:25 localhost kernel: Running certificate verification selftests
Feb 15 19:31:25 localhost kernel: Loaded X.509 cert 'Certificate verification self-testing key: f58703bb33ce1b73ee02eccdee5b8817518fe3db'
Feb 15 19:31:25 localhost kernel: Block layer SCSI generic (bsg) driver version 0.4 loaded (major 246)
Feb 15 19:31:25 localhost kernel: io scheduler mq-deadline registered
Feb 15 19:31:25 localhost kernel: io scheduler kyber registered
Feb 15 19:31:25 localhost kernel: io scheduler bfq registered
Feb 15 19:31:25 localhost kernel: atomic64_test: passed for x86-64 platform with CX8 and with SSE
Feb 15 19:31:25 localhost kernel: shpchp: Standard Hot Plug PCI Controller Driver version: 0.4
Feb 15 19:31:25 localhost kernel: efifb: probing for efifb
Feb 15 19:31:25 localhost kernel: efifb: framebuffer at 0xc0000000, using 1876k, total 1875k
Feb 15 19:31:25 localhost kernel: efifb: mode is 800x600x32, linelength=3200, pages=1
Feb 15 19:31:25 localhost kernel: efifb: scrolling: redraw
Feb 15 19:31:25 localhost kernel: efifb: Truecolor: size=8:8:8:8, shift=24:16:8:0
Feb 15 19:31:25 localhost kernel: Console: switching to colour frame buffer device 100x37
Feb 15 19:31:25 localhost kernel: fb0: EFI VGA frame buffer device
Feb 15 19:31:25 localhost kernel: input: Power Button as /devices/LNXSYSTM:00/LNXPWRBN:00/input/input0
Feb 15 19:31:25 localhost kernel: ACPI: button: Power Button [PWRF]
Feb 15 19:31:25 localhost kernel: ACPI: \_SB_.LNKC: Enabled at IRQ 10
Feb 15 19:31:25 localhost kernel: ACPI: \_SB_.LNKA: Enabled at IRQ 10
Feb 15 19:31:25 localhost kernel: ACPI: \_SB_.LNKB: Enabled at IRQ 11
Feb 15 19:31:25 localhost kernel: Serial: 8250/16550 driver, 4 ports, IRQ sharing enabled
Feb 15 19:31:25 localhost kernel: 00:00: ttyS1 at I/O 0x2f8 (irq = 3, base_baud = 115200) is a 16550A
Feb 15 19:31:25 localhost kernel: 00:01: ttyS0 at I/O 0x3f8 (irq = 4, base_baud = 115200) is a 16550A
Feb 15 19:31:25 localhost kernel: Non-volatile memory driver v1.3
Feb 15 19:31:25 localhost kernel: rdac: device handler registered
Feb 15 19:31:25 localhost kernel: hp_sw: device handler registered
Feb 15 19:31:25 localhost kernel: emc: device handler registered
Feb 15 19:31:25 localhost kernel: alua: device handler registered
Feb 15 19:31:25 localhost kernel: libphy: Fixed MDIO Bus: probed
Feb 15 19:31:25 localhost kernel: ehci_hcd: USB 2.0 'Enhanced' Host Controller (EHCI) Driver
Feb 15 19:31:25 localhost kernel: ehci-pci: EHCI PCI platform driver
Feb 15 19:31:25 localhost kernel: ohci_hcd: USB 1.1 'Open' Host Controller (OHCI) Driver
Feb 15 19:31:25 localhost kernel: ohci-pci: OHCI PCI platform driver
Feb 15 19:31:25 localhost kernel: uhci_hcd: USB Universal Host Controller Interface driver
Feb 15 19:31:25 localhost kernel: uhci_hcd 0000:00:01.2: UHCI Host Controller
Feb 15 19:31:25 localhost kernel: uhci_hcd 0000:00:01.2: new USB bus registered, assigned bus number 1
Feb 15 19:31:25 localhost kernel: uhci_hcd 0000:00:01.2: detected 2 ports
Feb 15 19:31:25 localhost kernel: uhci_hcd 0000:00:01.2: irq 11, io port 0x0000c0e0
Feb 15 19:31:25 localhost kernel: usb usb1: New USB device found, idVendor=1d6b, idProduct=0001, bcdDevice= 5.14
Feb 15 19:31:25 localhost kernel: usb usb1: New USB device strings: Mfr=3, Product=2, SerialNumber=1
Feb 15 19:31:25 localhost kernel: usb usb1: Product: UHCI Host Controller
Feb 15 19:31:25 localhost kernel: usb usb1: Manufacturer: Linux 5.14.0-162.6.1.el9_1.x86_64 uhci_hcd
Feb 15 19:31:25 localhost kernel: usb usb1: SerialNumber: 0000:00:01.2
Feb 15 19:31:25 localhost kernel: hub 1-0:1.0: USB hub found
Feb 15 19:31:25 localhost kernel: hub 1-0:1.0: 2 ports detected
Feb 15 19:31:25 localhost kernel: usbcore: registered new interface driver usbserial_generic
Feb 15 19:31:25 localhost kernel: usbserial: USB Serial support registered for generic
Feb 15 19:31:25 localhost kernel: i8042: PNP: PS/2 Controller [PNP0303:KBD,PNP0f13:MOU] at 0x60,0x64 irq 1,12
Feb 15 19:31:25 localhost kernel: serio: i8042 KBD port at 0x60,0x64 irq 1
Feb 15 19:31:25 localhost kernel: serio: i8042 AUX port at 0x60,0x64 irq 12
Feb 15 19:31:25 localhost kernel: mousedev: PS/2 mouse device common for all mice
Feb 15 19:31:25 localhost kernel: input: AT Translated Set 2 keyboard as /devices/platform/i8042/serio0/input/input1
Feb 15 19:31:25 localhost kernel: input: VirtualPS/2 VMware VMMouse as /devices/platform/i8042/serio1/input/input4
Feb 15 19:31:25 localhost kernel: input: VirtualPS/2 VMware VMMouse as /devices/platform/i8042/serio1/input/input3
Feb 15 19:31:25 localhost kernel: rtc_cmos 00:05: RTC can wake from S4
Feb 15 19:31:25 localhost kernel: rtc_cmos 00:05: registered as rtc0
Feb 15 19:31:25 localhost kernel: rtc_cmos 00:05: setting system clock to 2023-02-15T19:31:22 UTC (1676489482)
Feb 15 19:31:25 localhost kernel: rtc_cmos 00:05: alarms up to one day, y3k, 242 bytes nvram
Feb 15 19:31:25 localhost kernel: intel_pstate: CPU model not supported
Feb 15 19:31:25 localhost kernel: EFI Variables Facility v0.08 2004-May-17
Feb 15 19:31:25 localhost kernel: hid: raw HID events driver (C) Jiri Kosina
Feb 15 19:31:25 localhost kernel: usbcore: registered new interface driver usbhid
Feb 15 19:31:25 localhost kernel: usbhid: USB HID core driver
Feb 15 19:31:25 localhost kernel: drop_monitor: Initializing network drop monitor service
Feb 15 19:31:25 localhost kernel: Initializing XFRM netlink socket
Feb 15 19:31:25 localhost kernel: NET: Registered PF_INET6 protocol family
Feb 15 19:31:25 localhost kernel: Segment Routing with IPv6
Feb 15 19:31:25 localhost kernel: NET: Registered PF_PACKET protocol family
Feb 15 19:31:25 localhost kernel: mpls_gso: MPLS GSO support
Feb 15 19:31:25 localhost kernel: IPI shorthand broadcast: enabled
Feb 15 19:31:25 localhost kernel: AVX2 version of gcm_enc/dec engaged.
Feb 15 19:31:25 localhost kernel: AES CTR mode by8 optimization enabled
Feb 15 19:31:25 localhost kernel: sched_clock: Marking stable (465688295, 1781065)->(492777485, -25308125)
Feb 15 19:31:25 localhost kernel: registered taskstats version 1
Feb 15 19:31:25 localhost kernel: Loading compiled-in X.509 certificates
Feb 15 19:31:25 localhost kernel: Loaded X.509 cert 'The CentOS Project: CentOS Stream kernel signing key: 2eade48140b02a7ea2efb16b2f697f40f2aa965b'
Feb 15 19:31:25 localhost kernel: Loaded X.509 cert 'Rocky Enterprise Software Foundation: Rocky Linux Driver Update Signing Cert: b3c94fccbae32745b11dcd9a9a3926acfcef2540'
Feb 15 19:31:25 localhost kernel: Loaded X.509 cert 'Rocky Enterprise Software Foundation: Rocky Linux kpatch Signing Cert: 7392f78c54ed85dfb1391b46b23a14dd29fc7514'
Feb 15 19:31:25 localhost kernel: zswap: loaded using pool lzo/zbud
Feb 15 19:31:25 localhost kernel: page_owner is disabled
Feb 15 19:31:25 localhost kernel: Key type big_key registered
Feb 15 19:31:25 localhost kernel: Freeing initrd memory: 90552K
Feb 15 19:31:25 localhost kernel: Key type encrypted registered
Feb 15 19:31:25 localhost kernel: ima: No TPM chip found, activating TPM-bypass!
Feb 15 19:31:25 localhost kernel: Loading compiled-in module X.509 certificates
Feb 15 19:31:25 localhost kernel: Loaded X.509 cert 'The CentOS Project: CentOS Stream kernel signing key: 2eade48140b02a7ea2efb16b2f697f40f2aa965b'
Feb 15 19:31:25 localhost kernel: ima: Allocated hash algorithm: sha256
Feb 15 19:31:25 localhost kernel: ima: No architecture policies found
Feb 15 19:31:25 localhost kernel: evm: Initialising EVM extended attributes:
Feb 15 19:31:25 localhost kernel: evm: security.selinux
Feb 15 19:31:25 localhost kernel: evm: security.SMACK64 (disabled)
Feb 15 19:31:25 localhost kernel: evm: security.SMACK64EXEC (disabled)
Feb 15 19:31:25 localhost kernel: evm: security.SMACK64TRANSMUTE (disabled)
Feb 15 19:31:25 localhost kernel: evm: security.SMACK64MMAP (disabled)
Feb 15 19:31:25 localhost kernel: evm: security.apparmor (disabled)
Feb 15 19:31:25 localhost kernel: evm: security.ima
Feb 15 19:31:25 localhost kernel: evm: security.capability
Feb 15 19:31:25 localhost kernel: evm: HMAC attrs: 0x1
Feb 15 19:31:25 localhost kernel: Freeing unused decrypted memory: 2036K
Feb 15 19:31:25 localhost kernel: Freeing unused kernel image (initmem) memory: 2740K
Feb 15 19:31:25 localhost kernel: Write protecting the kernel read-only data: 26624k
Feb 15 19:31:25 localhost kernel: Freeing unused kernel image (text/rodata gap) memory: 2036K
Feb 15 19:31:25 localhost kernel: Freeing unused kernel image (rodata/data gap) memory: 1032K
Feb 15 19:31:25 localhost kernel: x86/mm: Checked W+X mappings: passed, no W+X pages found.
Feb 15 19:31:25 localhost kernel: Run /init as init process
Feb 15 19:31:25 localhost kernel:   with arguments:
Feb 15 19:31:25 localhost kernel:     /init
Feb 15 19:31:25 localhost kernel:   with environment:
Feb 15 19:31:25 localhost kernel:     HOME=/
Feb 15 19:31:25 localhost kernel:     TERM=linux
Feb 15 19:31:25 localhost systemd[1]: systemd 250-12.el9_1 running in system mode (+PAM +AUDIT +SELINUX -APPARMOR +IMA +SMACK +SECCOMP +GCRYPT +GNUTLS +OPENSSL +ACL +BLKID +CURL +ELFUTILS -FIDO2 +IDN2 -IDN -IPTC +KMOD +LIBCRYPTSETUP +LIBFDISK +PCRE2 -PWQUALITY +P11KIT -QRENCODE +BZIP2 +LZ4 +XZ +ZLIB +ZSTD -BPF_FRAMEWORK +XKBCOMMON +UTMP +SYSVINIT default-hierarchy=unified)
Feb 15 19:31:25 localhost systemd[1]: Detected virtualization kvm.
Feb 15 19:31:25 localhost systemd[1]: Detected architecture x86-64.
Feb 15 19:31:25 localhost systemd[1]: Running in initial RAM disk.
Feb 15 19:31:25 localhost systemd[1]: No hostname configured, using default hostname.
Feb 15 19:31:25 localhost systemd[1]: Hostname set to <localhost>.
Feb 15 19:31:25 localhost systemd[1]: Initializing machine ID from VM UUID.
Feb 15 19:31:25 localhost systemd-gpt-auto-generator[198]: EFI loader partition unknown, exiting.
Feb 15 19:31:25 localhost systemd-gpt-auto-generator[198]: (The boot loader did not set EFI variable LoaderDevicePartUUID.)
Feb 15 19:31:25 localhost systemd[1]: Queued start job for default target Initrd Default Target.
Feb 15 19:31:25 localhost systemd[1]: Reached target Initrd Root Device.
Feb 15 19:31:25 localhost systemd[1]: Reached target Initrd /usr File System.
Feb 15 19:31:25 localhost systemd[1]: Reached target Slice Units.
Feb 15 19:31:25 localhost systemd[1]: Reached target Swaps.
Feb 15 19:31:25 localhost systemd[1]: Reached target Timer Units.
Feb 15 19:31:25 localhost systemd[1]: Listening on D-Bus System Message Bus Socket.
Feb 15 19:31:25 localhost systemd[1]: Listening on Open-iSCSI iscsid Socket.
Feb 15 19:31:25 localhost systemd[1]: Listening on Open-iSCSI iscsiuio Socket.
Feb 15 19:31:25 localhost systemd[1]: Listening on Journal Socket (/dev/log).
Feb 15 19:31:25 localhost systemd[1]: Listening on Journal Socket.
Feb 15 19:31:25 localhost systemd[1]: Listening on udev Control Socket.
Feb 15 19:31:25 localhost systemd[1]: Listening on udev Kernel Socket.
Feb 15 19:31:25 localhost systemd[1]: Reached target Socket Units.
Feb 15 19:31:25 localhost systemd[1]: Starting Create List of Static Device Nodes...
Feb 15 19:31:25 localhost systemd[1]: Starting Journal Service...
Feb 15 19:31:25 localhost systemd[1]: Starting Load Kernel Modules...
Feb 15 19:31:25 localhost systemd[1]: Starting Create System Users...
Feb 15 19:31:25 localhost systemd[1]: Starting Setup Virtual Console...
Feb 15 19:31:25 localhost systemd[1]: Finished Create List of Static Device Nodes.
Feb 15 19:31:25 localhost systemd[1]: Finished Load Kernel Modules.
Feb 15 19:31:25 localhost systemd[1]: Finished Create System Users.
Feb 15 19:31:25 localhost systemd[1]: Starting Apply Kernel Variables...
Feb 15 19:31:25 localhost systemd[1]: Starting Create Static Device Nodes in /dev...
Feb 15 19:31:25 localhost systemd[1]: Finished Apply Kernel Variables.
Feb 15 19:31:25 localhost systemd[1]: Finished Create Static Device Nodes in /dev.
Feb 15 19:31:25 localhost systemd-journald[254]: Journal started
Feb 15 19:31:25 localhost systemd-journald[254]: Runtime Journal (/run/log/journal/6bcf22a2849c4f11877199526708316b) is 8.0M, max 158.6M, 150.6M free.
Feb 15 19:31:25 localhost systemd[1]: Started Journal Service.
Feb 15 19:31:25 localhost systemd-modules-load[255]: Module 'msr' is built in
Feb 15 19:31:25 localhost systemd-sysusers[256]: Creating group 'sgx' with GID 997.
Feb 15 19:31:25 localhost systemd-sysusers[256]: Creating group 'users' with GID 100.
Feb 15 19:31:25 localhost systemd-sysusers[256]: Creating group 'dbus' with GID 81.
Feb 15 19:31:25 localhost systemd-sysusers[256]: Creating user 'dbus' (System Message Bus) with UID 81 and GID 81.
Feb 15 19:31:25 localhost systemd[1]: Starting Create Volatile Files and Directories...
Feb 15 19:31:25 localhost systemd[1]: Finished Create Volatile Files and Directories.
Feb 15 19:31:25 localhost systemd[1]: Finished Setup Virtual Console.
Feb 15 19:31:25 localhost systemd[1]: dracut ask for additional cmdline parameters was skipped because all trigger condition checks failed.
Feb 15 19:31:25 localhost systemd[1]: Starting dracut cmdline hook...
Feb 15 19:31:25 localhost dracut-cmdline[266]: dracut-9.1 (Blue Onyx) dracut-057-13.git20220816.el9
Feb 15 19:31:25 localhost dracut-cmdline[266]: Using kernel command line parameters:    inst.repo=http://download.rockylinux.org/stg/rocky/9/BaseOS/x86_64/os/ inst.ks=file:/ks.cfg initrd=initrd
Feb 15 19:31:25 localhost dracut-cmdline[266]: Loading Rocky Linux 9.1 x86_64 installer...
Feb 15 19:31:25 localhost dracut-cmdline[266]: anaconda: parsing kickstart /ks.cfg
Feb 15 19:31:26 localhost dracut-cmdline[417]: parse-kickstart WARNING: No device with link found for --device=link
Feb 15 19:31:26 localhost kernel: Loading iSCSI transport class v2.0-870.
Feb 15 19:31:26 localhost kernel: iscsi: registered transport (tcp)
Feb 15 19:31:26 localhost kernel: iscsi: registered transport (qla4xxx)
Feb 15 19:31:26 localhost kernel: QLogic iSCSI HBA Driver
Feb 15 19:31:26 localhost kernel: libcxgbi:libcxgbi_init_module: Chelsio iSCSI driver library libcxgbi v0.9.1-ko (Apr. 2015)
Feb 15 19:31:26 localhost kernel: Chelsio T4-T6 iSCSI Driver cxgb4i v0.9.5-ko (Apr. 2015)
Feb 15 19:31:26 localhost kernel: iscsi: registered transport (cxgb4i)
Feb 15 19:31:26 localhost kernel: cnic: QLogic cnicDriver v2.5.22 (July 20, 2015)
Feb 15 19:31:26 localhost kernel: QLogic NetXtreme II iSCSI Driver bnx2i v2.7.10.1 (Jul 16, 2014)
Feb 15 19:31:26 localhost kernel: iscsi: registered transport (bnx2i)
Feb 15 19:31:26 localhost kernel: iscsi: registered transport (be2iscsi)
Feb 15 19:31:26 localhost kernel: In beiscsi_module_init, tt=000000005463564f
Feb 15 19:31:26 localhost systemd[1]: Finished dracut cmdline hook.
Feb 15 19:31:26 localhost systemd[1]: Starting dracut pre-udev hook...
Feb 15 19:31:26 localhost dracut-pre-udev[569]: anaconda-modprobe: Module cramfs not found
Feb 15 19:31:26 localhost kernel: squashfs: version 4.0 (2009/01/31) Phillip Lougher
Feb 15 19:31:26 localhost dracut-pre-udev[569]: anaconda-modprobe: Module floppy not found
Feb 15 19:31:26 localhost dracut-pre-udev[617]: modprobe: ERROR: could not insert 'edd': No such device
Feb 15 19:31:26 localhost kernel: No iBFT detected.
Feb 15 19:31:26 localhost kernel: raid6: skip pq benchmark and using algorithm avx512x4
Feb 15 19:31:26 localhost kernel: raid6: using avx512x2 recovery algorithm
Feb 15 19:31:26 localhost kernel: async_tx: api initialized (async)
Feb 15 19:31:26 localhost kernel: device-mapper: core: CONFIG_IMA_DISABLE_HTABLE is disabled. Duplicate IMA measurements will not be recorded in the IMA log.
Feb 15 19:31:26 localhost kernel: device-mapper: uevent: version 1.0.3
Feb 15 19:31:26 localhost kernel: device-mapper: ioctl: 4.46.0-ioctl (2022-02-22) initialised: dm-devel@redhat.com
Feb 15 19:31:26 localhost kernel: device-mapper: multipath round-robin: version 1.2.0 loaded
Feb 15 19:31:26 localhost dracut-pre-udev[569]: anaconda-modprobe: Module sha256 not found
Feb 15 19:31:26 localhost kernel: RPC: Registered named UNIX socket transport module.
Feb 15 19:31:26 localhost kernel: RPC: Registered udp transport module.
Feb 15 19:31:26 localhost kernel: RPC: Registered tcp transport module.
Feb 15 19:31:26 localhost kernel: RPC: Registered tcp NFSv4.1 backchannel transport module.
Feb 15 19:31:27 localhost rpc.statd[847]: Version 2.5.4 starting
Feb 15 19:31:27 localhost rpc.statd[847]: Initializing NSM state
Feb 15 19:31:27 localhost rpc.idmapd[851]: Setting log level to 0
Feb 15 19:31:27 localhost systemd[1]: Finished dracut pre-udev hook.
Feb 15 19:31:27 localhost systemd[1]: Starting Rule-based Manager for Device Events and Files...
Feb 15 19:31:27 localhost systemd[1]: Started Rule-based Manager for Device Events and Files.
Feb 15 19:31:27 localhost systemd[1]: Starting dracut pre-trigger hook...
Feb 15 19:31:27 localhost lldpad[883]: config file failed to load,
Feb 15 19:31:27 localhost lldpad[883]: create a new file.
Feb 15 19:31:27 localhost lldpad[883]: bound ctrl iface to /com/intel/lldpad
Feb 15 19:31:27 localhost dracut-pre-trigger[885]: 884
Feb 15 19:31:27 localhost dracut-pre-trigger[865]: rd.md=0: removing MD RAID activation
Feb 15 19:31:27 localhost systemd[1]: Finished dracut pre-trigger hook.
Feb 15 19:31:27 localhost systemd[1]: Starting Coldplug All udev Devices...
Feb 15 19:31:27 localhost systemd[1]: Finished Coldplug All udev Devices.
Feb 15 19:31:27 localhost systemd[1]: Starting nm-initrd.service...
Feb 15 19:31:27 localhost systemd[1]: Starting Show Plymouth Boot Screen...
Feb 15 19:31:27 localhost systemd[1]: Starting Wait for udev To Complete Device Initialization...
Feb 15 19:31:27 localhost systemd[1]: Received SIGRTMIN+20 from PID 963 (plymouthd).
Feb 15 19:31:27 localhost NetworkManager[960]: <info>  [1676489487.1463] NetworkManager (version 1.40.0-1.el9) is starting... (boot:fc89c0d0-c2f9-4a1c-9d70-eb2ade3aa849)
Feb 15 19:31:27 localhost NetworkManager[960]: <info>  [1676489487.1475] Read config: /etc/NetworkManager/NetworkManager.conf (lib: initrd-no-auto-default.conf) (run: 15-carrier-timeout.conf)
Feb 15 19:31:27 localhost systemd[1]: Started Show Plymouth Boot Screen.
Feb 15 19:31:27 localhost systemd[1]: Dispatch Password Requests to Console Directory Watch was skipped because of a failed condition check (ConditionPathExists=!/run/plymouth/pid).
Feb 15 19:31:27 localhost systemd[1]: Started Forward Password Requests to Plymouth Directory Watch.
Feb 15 19:31:27 localhost systemd[1]: Reached target Local Encrypted Volumes.
Feb 15 19:31:27 localhost systemd[1]: Reached target Path Units.
Feb 15 19:31:27 localhost systemd[1]: Starting D-Bus System Message Bus...
Feb 15 19:31:27 localhost systemd[1]: Started D-Bus System Message Bus.
Feb 15 19:31:27 localhost dbus-broker-lau[966]: Ready
Feb 15 19:31:27 localhost NetworkManager[960]: <info>  [1676489487.1601] bus-manager: acquired D-Bus service "org.freedesktop.NetworkManager"
Feb 15 19:31:27 localhost NetworkManager[960]: <info>  [1676489487.1609] manager[0x55c3e8301090]: monitoring kernel firmware directory '/lib/firmware'.
Feb 15 19:31:27 localhost systemd[1]: Started nm-initrd.service.
Feb 15 19:31:27 localhost systemd[1]: Reached target Network.
Feb 15 19:31:27 localhost systemd[1]: Starting nm-wait-online-initrd.service...
Feb 15 19:31:27 localhost NetworkManager[960]: <info>  [1676489487.1658] hostname: hostname: couldn't get property from hostnamed
Feb 15 19:31:27 localhost NetworkManager[960]: <info>  [1676489487.1661] dns-mgr: init: dns=default,systemd-resolved rc-manager=symlink (auto)
Feb 15 19:31:27 localhost NetworkManager[960]: <info>  [1676489487.1662] policy: set-hostname: set hostname to 'localhost.localdomain' (no hostname found)
Feb 15 19:31:27 localhost.localdomain NetworkManager[960]: <info>  [1676489487.1742] manager[0x55c3e8301090]: rfkill: Wi-Fi hardware radio set enabled
Feb 15 19:31:27 localhost.localdomain NetworkManager[960]: <info>  [1676489487.1742] manager[0x55c3e8301090]: rfkill: WWAN hardware radio set enabled
Feb 15 19:31:27 localhost.localdomain NetworkManager[960]: <info>  [1676489487.1754] Loaded device plugin: NMTeamFactory (/usr/lib64/NetworkManager/1.40.0-1.el9/libnm-device-plugin-team.so)
Feb 15 19:31:27 localhost.localdomain NetworkManager[960]: <info>  [1676489487.1754] manager: rfkill: Wi-Fi enabled by radio killswitch; enabled by state file
Feb 15 19:31:27 localhost.localdomain NetworkManager[960]: <info>  [1676489487.1754] manager: rfkill: WWAN enabled by radio killswitch; enabled by state file
Feb 15 19:31:27 localhost.localdomain NetworkManager[960]: <info>  [1676489487.1757] manager: Networking is enabled by state file
Feb 15 19:31:27 localhost.localdomain NetworkManager[960]: <info>  [1676489487.1761] settings: Loaded settings plugin: keyfile (internal)
Feb 15 19:31:27 localhost.localdomain NetworkManager[960]: <info>  [1676489487.1766] settings: Loaded settings plugin: ifcfg-rh ("/usr/lib64/NetworkManager/1.40.0-1.el9/libnm-settings-plugin-ifcfg-rh.so")
Feb 15 19:31:27 localhost.localdomain NetworkManager[960]: <info>  [1676489487.1778] dhcp: init: Using DHCP client 'internal'
Feb 15 19:31:27 localhost.localdomain NetworkManager[960]: <info>  [1676489487.1782] device (lo): carrier: link connected
Feb 15 19:31:27 localhost.localdomain NetworkManager[960]: <info>  [1676489487.1785] manager: (lo): new Generic device (/org/freedesktop/NetworkManager/Devices/1)
Feb 15 19:31:27 localhost.localdomain NetworkManager[960]: <warn>  [1676489487.1835] ifcfg-rh: dbus: couldn't acquire D-Bus service: GDBus.Error:org.freedesktop.DBus.Error.AccessDenied: Request to own name refused by policy
Feb 15 19:31:27 localhost.localdomain kernel: virtio_blk virtio2: [vda] 20971520 512-byte logical blocks (10.7 GB/10.0 GiB)
Feb 15 19:31:27 localhost.localdomain NetworkManager[960]: <info>  [1676489487.2591] manager: (eth0): new Ethernet device (/org/freedesktop/NetworkManager/Devices/2)
Feb 15 19:31:27 localhost.localdomain kernel: 8021q: 802.1Q VLAN Support v1.8
Feb 15 19:31:27 localhost.localdomain systemd-udevd[951]: Using default interface naming scheme 'rhel-9.1'.
Feb 15 19:31:27 localhost.localdomain kernel: virtio_net virtio0 ens3: renamed from eth0
Feb 15 19:31:27 localhost.localdomain NetworkManager[960]: <info>  [1676489487.2967] device (eth0): interface index 2 renamed iface from 'eth0' to 'ens3'
Feb 15 19:31:27 localhost.localdomain udevadm[962]: systemd-udev-settle.service is deprecated. Please fix multipathd-configure.service not to pull it in.
Feb 15 19:31:27 localhost.localdomain NetworkManager[960]: <info>  [1676489487.3164] device (ens3): state change: unmanaged -> unavailable (reason 'managed', sys-iface-state: 'external')
Feb 15 19:31:27 localhost.localdomain NetworkManager[960]: <info>  [1676489487.3169] device (ens3): carrier: link connected
Feb 15 19:31:27 localhost.localdomain kernel: 8021q: adding VLAN 0 to HW filter on device ens3
Feb 15 19:31:27 localhost.localdomain NetworkManager[960]: <info>  [1676489487.3186] device (ens3): state change: unavailable -> disconnected (reason 'none', sys-iface-state: 'managed')
Feb 15 19:31:27 localhost.localdomain NetworkManager[960]: <info>  [1676489487.3191] policy: auto-activating connection 'Wired Connection' (51af8556-e411-4615-9f9a-687181dcbb4a)
Feb 15 19:31:27 localhost.localdomain NetworkManager[960]: <info>  [1676489487.3197] device (ens3): Activation: starting connection 'Wired Connection' (51af8556-e411-4615-9f9a-687181dcbb4a)
Feb 15 19:31:27 localhost.localdomain NetworkManager[960]: <info>  [1676489487.3199] device (ens3): state change: disconnected -> prepare (reason 'none', sys-iface-state: 'managed')
Feb 15 19:31:27 localhost.localdomain NetworkManager[960]: <info>  [1676489487.3205] manager: NetworkManager state is now CONNECTING
Feb 15 19:31:27 localhost.localdomain NetworkManager[960]: <info>  [1676489487.3208] device (ens3): state change: prepare -> config (reason 'none', sys-iface-state: 'managed')
Feb 15 19:31:27 localhost.localdomain NetworkManager[960]: <info>  [1676489487.3215] device (ens3): state change: config -> ip-config (reason 'none', sys-iface-state: 'managed')
Feb 15 19:31:27 localhost.localdomain NetworkManager[960]: <info>  [1676489487.3228] dhcp4 (ens3): activation: beginning transaction (timeout in 90 seconds)
Feb 15 19:31:27 localhost.localdomain systemd-udevd[946]: Using default interface naming scheme 'rhel-9.1'.
Feb 15 19:31:27 localhost.localdomain kernel: libata version 3.00 loaded.
Feb 15 19:31:27 localhost.localdomain kernel: ata_piix 0000:00:01.1: version 2.13
Feb 15 19:31:27 localhost.localdomain kernel: scsi host0: ata_piix
Feb 15 19:31:27 localhost.localdomain kernel: scsi host1: ata_piix
Feb 15 19:31:27 localhost.localdomain kernel: ata1: PATA max MWDMA2 cmd 0x1f0 ctl 0x3f6 bmdma 0xc100 irq 14
Feb 15 19:31:27 localhost.localdomain kernel: ata2: PATA max MWDMA2 cmd 0x170 ctl 0x376 bmdma 0xc108 irq 15
Feb 15 19:31:27 localhost.localdomain kernel: ACPI: bus type drm_connector registered
Feb 15 19:31:27 localhost.localdomain kernel: checking generic (c0000000 1d5000) vs hw (c0000000 2000000)
Feb 15 19:31:27 localhost.localdomain kernel: fb0: switching to cirrus from EFI VGA
Feb 15 19:31:27 localhost.localdomain kernel: Console: switching to colour dummy device 80x25
Feb 15 19:31:27 localhost.localdomain kernel: cirrus 0000:00:02.0: vgaarb: deactivate vga console
Feb 15 19:31:27 localhost.localdomain kernel: [drm] Initialized cirrus 2.0.0 2019 for 0000:00:02.0 on minor 0
Feb 15 19:31:27 localhost.localdomain kernel: fbcon: cirrusdrmfb (fb0) is primary device
Feb 15 19:31:27 localhost.localdomain kernel: cirrus 0000:00:02.0: [drm] drm_plane_enable_fb_damage_clips() not called
Feb 15 19:31:27 localhost.localdomain kernel: Console: switching to colour frame buffer device 128x48
Feb 15 19:31:27 localhost.localdomain kernel: cirrus 0000:00:02.0: [drm] fb0: cirrusdrmfb frame buffer device
Feb 15 19:31:27 localhost.localdomain systemd[1]: Finished Wait for udev To Complete Device Initialization.
Feb 15 19:31:27 localhost.localdomain systemd[1]: Device-Mapper Multipath Default Configuration was skipped because of a failed condition check (ConditionPathExists=!/etc/multipath.conf).
Feb 15 19:31:27 localhost.localdomain systemd[1]: Starting Device-Mapper Multipath Device Controller...
Feb 15 19:31:27 localhost.localdomain multipathd[1010]: --------start up--------
Feb 15 19:31:27 localhost.localdomain multipathd[1010]: read /etc/multipath.conf
Feb 15 19:31:27 localhost.localdomain multipathd[1010]: path checkers start up
Feb 15 19:31:27 localhost.localdomain systemd[1]: Started Device-Mapper Multipath Device Controller.
Feb 15 19:31:27 localhost.localdomain systemd[1]: Reached target Preparation for Local File Systems.
Feb 15 19:31:27 localhost.localdomain systemd[1]: Reached target Local File Systems.
Feb 15 19:31:27 localhost.localdomain systemd[1]: Reached target System Initialization.
Feb 15 19:31:27 localhost.localdomain systemd[1]: Reached target Basic System.
Feb 15 19:31:28 localhost.localdomain kernel: IPv6: ADDRCONF(NETDEV_CHANGE): ens3: link becomes ready
Feb 15 19:31:30 localhost.localdomain NetworkManager[960]: <info>  [1676489490.3280] dhcp4 (ens3): state changed new lease, address=192.168.122.66
Feb 15 19:31:30 localhost.localdomain NetworkManager[960]: <info>  [1676489490.3287] policy: set 'Wired Connection' (ens3) as default for IPv4 routing and DNS
Feb 15 19:31:30 localhost.localdomain NetworkManager[960]: <info>  [1676489490.3310] device (ens3): state change: ip-config -> ip-check (reason 'none', sys-iface-state: 'managed')
Feb 15 19:31:30 localhost.localdomain NetworkManager[960]: <info>  [1676489490.3321] device (ens3): state change: ip-check -> secondaries (reason 'none', sys-iface-state: 'managed')
Feb 15 19:31:30 localhost.localdomain NetworkManager[960]: <info>  [1676489490.3322] device (ens3): state change: secondaries -> activated (reason 'none', sys-iface-state: 'managed')
Feb 15 19:31:30 localhost.localdomain NetworkManager[960]: <info>  [1676489490.3326] manager: NetworkManager state is now CONNECTED_SITE
Feb 15 19:31:30 localhost.localdomain NetworkManager[960]: <info>  [1676489490.3330] device (ens3): Activation: successful, device activated.
Feb 15 19:31:30 localhost.localdomain NetworkManager[960]: <info>  [1676489490.3337] manager: NetworkManager state is now CONNECTED_GLOBAL
Feb 15 19:31:30 localhost.localdomain NetworkManager[960]: <info>  [1676489490.3342] manager: startup complete
Feb 15 19:31:30 localhost.localdomain systemd[1]: Finished nm-wait-online-initrd.service.
Feb 15 19:31:30 localhost.localdomain systemd[1]: Starting dracut initqueue hook...
Feb 15 19:31:30 localhost.localdomain systemd[1]: Reloading.
Feb 15 19:31:30 localhost.localdomain systemd-gpt-auto-generator[1041]: EFI loader partition unknown, exiting.
Feb 15 19:31:30 localhost.localdomain systemd-gpt-auto-generator[1041]: (The boot loader did not set EFI variable LoaderDevicePartUUID.)
Feb 15 19:31:30 localhost.localdomain dracut-initqueue[1019]: anaconda: stage2 locations are: http://download.rockylinux.org/stg/rocky/9/BaseOS/x86_64/os/
Feb 15 19:31:30 localhost.localdomain dracut-initqueue[1019]: anaconda: fetching stage2 from http://download.rockylinux.org/stg/rocky/9/BaseOS/x86_64/os/
Feb 15 19:31:30 localhost.localdomain dracut-initqueue[1201]:   % Total    % Received % Xferd  Average Speed   Time    Time     Time  Current
Feb 15 19:31:30 localhost.localdomain dracut-initqueue[1201]:                                  Dload  Upload   Total   Spent    Left  Speed
Feb 15 19:31:33 localhost.localdomain dracut-initqueue[1201]: [395B blob data]
Feb 15 19:31:33 localhost.localdomain dracut-initqueue[1019]: anaconda: successfully fetched stage2 from http://download.rockylinux.org/stg/rocky/9/BaseOS/x86_64/os/
Feb 15 19:31:33 localhost.localdomain kernel: loop: module loaded
Feb 15 19:31:33 localhost.localdomain kernel: loop0: detected capacity change from 0 to 1412440
Feb 15 19:31:33 localhost.localdomain kernel: loop1: detected capacity change from 0 to 6291456
Feb 15 19:31:33 localhost.localdomain kernel: loop2: detected capacity change from 0 to 67108864
Feb 15 19:31:33 localhost.localdomain systemd[1]: run-initramfs-squashfs.mount: Deactivated successfully.
Feb 15 19:31:33 localhost.localdomain systemd[1]: Finished dracut initqueue hook.
Feb 15 19:31:33 localhost.localdomain systemd[1]: Reached target Preparation for Remote File Systems.
Feb 15 19:31:33 localhost.localdomain systemd[1]: Reached target Remote Encrypted Volumes.
Feb 15 19:31:33 localhost.localdomain systemd[1]: Reached target Remote File Systems.
Feb 15 19:31:33 localhost.localdomain systemd[1]: Starting dracut pre-mount hook...
Feb 15 19:31:33 localhost.localdomain systemd[1]: Finished dracut pre-mount hook.
Feb 15 19:31:33 localhost.localdomain systemd[1]: Reached target Initrd Root File System.
Feb 15 19:31:33 localhost.localdomain systemd[1]: Starting Reload Configuration from the Real Root...
Feb 15 19:31:33 localhost.localdomain systemd[1]: Reloading.
Feb 15 19:31:33 localhost.localdomain systemd-gpt-auto-generator[1363]: EFI loader partition unknown, exiting.
Feb 15 19:31:33 localhost.localdomain systemd-gpt-auto-generator[1363]: (The boot loader did not set EFI variable LoaderDevicePartUUID.)
Feb 15 19:31:33 localhost.localdomain systemd[1]: initrd-parse-etc.service: Deactivated successfully.
Feb 15 19:31:33 localhost.localdomain systemd[1]: Finished Reload Configuration from the Real Root.
Feb 15 19:31:33 localhost.localdomain systemd[1]: Reached target Initrd File Systems.
Feb 15 19:31:33 localhost.localdomain systemd[1]: Reached target Initrd Default Target.
Feb 15 19:31:33 localhost.localdomain systemd[1]: Starting dracut mount hook...
Feb 15 19:31:33 localhost.localdomain multipathd[1010]: exit (signal)
Feb 15 19:31:33 localhost.localdomain multipathd[1010]: --------shut down-------
Feb 15 19:31:33 localhost.localdomain systemd[1]: Stopping Device-Mapper Multipath Device Controller...
Feb 15 19:31:33 localhost.localdomain systemd[1]: multipathd.service: Deactivated successfully.
Feb 15 19:31:33 localhost.localdomain systemd[1]: Stopped Device-Mapper Multipath Device Controller.
Feb 15 19:31:33 localhost.localdomain kernel: EXT4-fs (dm-0): mounted filesystem with ordered data mode. Quota mode: none.
Feb 15 19:31:33 localhost.localdomain systemd[1]: Finished dracut mount hook.
Feb 15 19:31:33 localhost.localdomain systemd[1]: Starting dracut pre-pivot and cleanup hook...
Feb 15 19:31:35 localhost.localdomain rpc.idmapd[851]: exiting on signal 15
Feb 15 19:31:35 localhost.localdomain systemd[1]: var-lib-nfs-rpc_pipefs.mount: Deactivated successfully.
Feb 15 19:31:35 localhost.localdomain systemd[1]: Finished dracut pre-pivot and cleanup hook.
Feb 15 19:31:35 localhost.localdomain systemd[1]: Starting Cleaning Up and Shutting Down Daemons...
Feb 15 19:31:35 localhost.localdomain systemd[1]: initrd-cleanup.service: Deactivated successfully.
Feb 15 19:31:35 localhost.localdomain systemd[1]: Finished Cleaning Up and Shutting Down Daemons.
Feb 15 19:31:35 localhost.localdomain systemd[1]: Stopped target Network.
Feb 15 19:31:35 localhost.localdomain systemd[1]: Stopped target Remote Encrypted Volumes.
Feb 15 19:31:35 localhost.localdomain systemd[1]: Stopped target Timer Units.
Feb 15 19:31:35 localhost.localdomain systemd[1]: dracut-pre-pivot.service: Deactivated successfully.
Feb 15 19:31:35 localhost.localdomain systemd[1]: Stopped dracut pre-pivot and cleanup hook.
Feb 15 19:31:35 localhost.localdomain systemd[1]: dracut-pre-pivot.service: Consumed 1.599s CPU time.
Feb 15 19:31:35 localhost.localdomain systemd[1]: Stopped target Initrd Default Target.
Feb 15 19:31:35 localhost.localdomain systemd[1]: Stopped target Basic System.
Feb 15 19:31:35 localhost.localdomain systemd[1]: Stopped target Initrd Root Device.
Feb 15 19:31:35 localhost.localdomain systemd[1]: Stopped target Initrd /usr File System.
Feb 15 19:31:35 localhost.localdomain systemd[1]: Stopped target Path Units.
Feb 15 19:31:35 localhost.localdomain systemd[1]: Stopped target Remote File Systems.
Feb 15 19:31:35 localhost.localdomain systemd[1]: Stopped target Preparation for Remote File Systems.
Feb 15 19:31:35 localhost.localdomain systemd[1]: Stopped target Slice Units.
Feb 15 19:31:35 localhost.localdomain systemd[1]: Stopped target Socket Units.
Feb 15 19:31:35 localhost.localdomain systemd[1]: Stopped target System Initialization.
Feb 15 19:31:35 localhost.localdomain systemd[1]: Stopped target Local File Systems.
Feb 15 19:31:35 localhost.localdomain systemd[1]: Stopped target Preparation for Local File Systems.
Feb 15 19:31:35 localhost.localdomain systemd[1]: Stopped target Swaps.
Feb 15 19:31:35 localhost.localdomain systemd[1]: iscsid.socket: Deactivated successfully.
Feb 15 19:31:35 localhost.localdomain systemd[1]: Closed Open-iSCSI iscsid Socket.
Feb 15 19:31:35 localhost.localdomain systemd[1]: iscsiuio.socket: Deactivated successfully.
Feb 15 19:31:35 localhost.localdomain systemd[1]: Closed Open-iSCSI iscsiuio Socket.
Feb 15 19:31:35 localhost.localdomain dbus-broker[967]: Dispatched 1209 messages @ 0(1)s / message.
Feb 15 19:31:35 localhost.localdomain systemd[1]: Stopping D-Bus System Message Bus...
Feb 15 19:31:35 localhost.localdomain systemd[1]: dracut-mount.service: Deactivated successfully.
Feb 15 19:31:35 localhost.localdomain systemd[1]: Stopped dracut mount hook.
Feb 15 19:31:35 localhost.localdomain systemd[1]: dracut-pre-mount.service: Deactivated successfully.
Feb 15 19:31:35 localhost.localdomain systemd[1]: Stopped dracut pre-mount hook.
Feb 15 19:31:35 localhost.localdomain systemd[1]: Stopped target Local Encrypted Volumes.
Feb 15 19:31:35 localhost.localdomain systemd[1]: dracut-initqueue.service: Deactivated successfully.
Feb 15 19:31:35 localhost.localdomain systemd[1]: Stopped dracut initqueue hook.
Feb 15 19:31:35 localhost.localdomain systemd[1]: nm-wait-online-initrd.service: Deactivated successfully.
Feb 15 19:31:35 localhost.localdomain systemd[1]: Stopped nm-wait-online-initrd.service.
Feb 15 19:31:35 localhost.localdomain NetworkManager[960]: <info>  [1676489495.5977] caught SIGTERM, shutting down normally.
Feb 15 19:31:35 localhost.localdomain systemd[1]: Stopping nm-initrd.service...
Feb 15 19:31:35 localhost.localdomain systemd[1]: Starting Plymouth switch root service...
Feb 15 19:31:35 localhost.localdomain NetworkManager[960]: <info>  [1676489495.5995] dhcp4 (ens3): canceled DHCP transaction
Feb 15 19:31:35 localhost.localdomain NetworkManager[960]: <info>  [1676489495.5996] dhcp4 (ens3): activation: beginning transaction (timeout in 90 seconds)
Feb 15 19:31:35 localhost.localdomain NetworkManager[960]: <info>  [1676489495.5996] dhcp4 (ens3): state changed no lease
Feb 15 19:31:35 localhost.localdomain NetworkManager[960]: <info>  [1676489495.5997] manager: NetworkManager state is now CONNECTED_SITE
Feb 15 19:31:35 localhost.localdomain NetworkManager[960]: <info>  [1676489495.5998] exiting (success)
Feb 15 19:31:35 localhost.localdomain systemd[1]: systemd-sysctl.service: Deactivated successfully.
Feb 15 19:31:35 localhost.localdomain systemd[1]: Stopped Apply Kernel Variables.
Feb 15 19:31:35 localhost.localdomain systemd[1]: systemd-modules-load.service: Deactivated successfully.
Feb 15 19:31:35 localhost.localdomain systemd[1]: Stopped Load Kernel Modules.
Feb 15 19:31:35 localhost.localdomain systemd[1]: systemd-udev-settle.service: Deactivated successfully.
Feb 15 19:31:35 localhost.localdomain systemd[1]: Stopped Wait for udev To Complete Device Initialization.
Feb 15 19:31:35 localhost.localdomain systemd[1]: dbus-broker.service: Deactivated successfully.
Feb 15 19:31:35 localhost.localdomain systemd[1]: Stopped D-Bus System Message Bus.
Feb 15 19:31:35 localhost.localdomain systemd[1]: systemd-tmpfiles-setup.service: Deactivated successfully.
Feb 15 19:31:35 localhost.localdomain systemd[1]: Stopped Create Volatile Files and Directories.
Feb 15 19:31:35 localhost.localdomain systemd[1]: nm-initrd.service: Deactivated successfully.
Feb 15 19:31:35 localhost.localdomain systemd[1]: Stopped nm-initrd.service.
Feb 15 19:31:35 localhost.localdomain systemd[1]: dbus.socket: Deactivated successfully.
Feb 15 19:31:35 localhost.localdomain systemd[1]: Closed D-Bus System Message Bus Socket.
Feb 15 19:31:35 localhost.localdomain systemd[1]: systemd-udev-trigger.service: Deactivated successfully.
Feb 15 19:31:35 localhost.localdomain systemd[1]: Stopped Coldplug All udev Devices.
Feb 15 19:31:35 localhost.localdomain systemd[1]: dracut-pre-trigger.service: Deactivated successfully.
Feb 15 19:31:35 localhost.localdomain systemd[1]: Stopped dracut pre-trigger hook.
Feb 15 19:31:35 localhost.localdomain systemd[1]: Stopping Rule-based Manager for Device Events and Files...
Feb 15 19:31:35 localhost.localdomain systemd[1]: systemd-udevd.service: Deactivated successfully.
Feb 15 19:31:35 localhost.localdomain systemd[1]: Stopped Rule-based Manager for Device Events and Files.
Feb 15 19:31:35 localhost.localdomain systemd[1]: systemd-udevd-control.socket: Deactivated successfully.
Feb 15 19:31:35 localhost.localdomain systemd[1]: Closed udev Control Socket.
Feb 15 19:31:35 localhost.localdomain systemd[1]: systemd-udevd-kernel.socket: Deactivated successfully.
Feb 15 19:31:35 localhost.localdomain systemd[1]: Closed udev Kernel Socket.
Feb 15 19:31:35 localhost.localdomain systemd[1]: dracut-pre-udev.service: Deactivated successfully.
Feb 15 19:31:35 localhost.localdomain systemd[1]: Stopped dracut pre-udev hook.
Feb 15 19:31:35 localhost.localdomain systemd[1]: dracut-cmdline.service: Deactivated successfully.
Feb 15 19:31:35 localhost.localdomain systemd[1]: Stopped dracut cmdline hook.
Feb 15 19:31:35 localhost.localdomain systemd[1]: Starting Cleanup udev Database...
Feb 15 19:31:35 localhost.localdomain systemd[1]: systemd-tmpfiles-setup-dev.service: Deactivated successfully.
Feb 15 19:31:35 localhost.localdomain systemd[1]: Stopped Create Static Device Nodes in /dev.
Feb 15 19:31:35 localhost.localdomain systemd[1]: kmod-static-nodes.service: Deactivated successfully.
Feb 15 19:31:35 localhost.localdomain systemd[1]: Stopped Create List of Static Device Nodes.
Feb 15 19:31:35 localhost.localdomain systemd[1]: systemd-sysusers.service: Deactivated successfully.
Feb 15 19:31:35 localhost.localdomain systemd[1]: Stopped Create System Users.
Feb 15 19:31:35 localhost.localdomain systemd[1]: run-credentials-systemd\x2dsysusers.service.mount: Deactivated successfully.
Feb 15 19:31:35 localhost.localdomain systemd[1]: initrd-udevadm-cleanup-db.service: Deactivated successfully.
Feb 15 19:31:35 localhost.localdomain systemd[1]: Finished Cleanup udev Database.
Feb 15 19:31:35 localhost.localdomain systemd[1]: Reached target Switch Root.
Feb 15 19:31:35 localhost.localdomain systemd[1]: Finished Plymouth switch root service.
Feb 15 19:31:35 localhost.localdomain systemd[1]: Starting Switch Root...
Feb 15 19:31:35 localhost.localdomain systemd[1]: Switching root.
Feb 15 19:31:35 localhost.localdomain systemd-journald[254]: Journal stopped
Feb 15 19:31:37 localhost.localdomain systemd-journald[254]: Received SIGTERM from PID 1 (systemd).
Feb 15 19:31:37 localhost.localdomain kernel: SELinux:  policy capability network_peer_controls=1
Feb 15 19:31:37 localhost.localdomain kernel: SELinux:  policy capability open_perms=1
Feb 15 19:31:37 localhost.localdomain kernel: SELinux:  policy capability extended_socket_class=1
Feb 15 19:31:37 localhost.localdomain kernel: SELinux:  policy capability always_check_network=0
Feb 15 19:31:37 localhost.localdomain kernel: SELinux:  policy capability cgroup_seclabel=1
Feb 15 19:31:37 localhost.localdomain kernel: SELinux:  policy capability nnp_nosuid_transition=1
Feb 15 19:31:37 localhost.localdomain kernel: SELinux:  policy capability genfs_seclabel_symlinks=0
Feb 15 19:31:37 localhost.localdomain kernel: audit: type=1403 audit(1676489496.202:2): auid=4294967295 ses=4294967295 lsm=selinux res=1
Feb 15 19:31:37 localhost.localdomain systemd[1]: Successfully loaded SELinux policy in 105.323ms.
Feb 15 19:31:37 localhost.localdomain systemd[1]: Relabelled /dev, /dev/shm, /run, /sys/fs/cgroup in 14.983ms.
Feb 15 19:31:37 localhost.localdomain systemd[1]: systemd 250-12.el9_1 running in system mode (+PAM +AUDIT +SELINUX -APPARMOR +IMA +SMACK +SECCOMP +GCRYPT +GNUTLS +OPENSSL +ACL +BLKID +CURL +ELFUTILS -FIDO2 +IDN2 -IDN -IPTC +KMOD +LIBCRYPTSETUP +LIBFDISK +PCRE2 -PWQUALITY +P11KIT -QRENCODE +BZIP2 +LZ4 +XZ +ZLIB +ZSTD -BPF_FRAMEWORK +XKBCOMMON +UTMP +SYSVINIT default-hierarchy=unified)
Feb 15 19:31:37 localhost.localdomain systemd[1]: Detected virtualization kvm.
Feb 15 19:31:37 localhost.localdomain systemd[1]: Detected architecture x86-64.
Feb 15 19:31:37 localhost.localdomain systemd-gpt-auto-generator[1515]: EFI loader partition unknown, exiting.
Feb 15 19:31:37 localhost.localdomain systemd-gpt-auto-generator[1515]: (The boot loader did not set EFI variable LoaderDevicePartUUID.)
Feb 15 19:31:37 localhost.localdomain systemd-rc-local-generator[1518]: /etc/rc.d/rc.local is not marked executable, skipping.
Feb 15 19:31:37 localhost.localdomain kernel: zram: Added device: zram0
Feb 15 19:31:37 localhost.localdomain systemd[1]: initrd-switch-root.service: Deactivated successfully.
Feb 15 19:31:37 localhost.localdomain systemd[1]: Stopped Switch Root.
Feb 15 19:31:37 localhost.localdomain systemd[1]: systemd-journald.service: Scheduled restart job, restart counter is at 1.
Feb 15 19:31:37 localhost.localdomain systemd[1]: Created slice Slice /system/anaconda-tmux.
Feb 15 19:31:37 localhost.localdomain systemd[1]: Created slice Slice /system/modprobe.
Feb 15 19:31:37 localhost.localdomain systemd[1]: Created slice Slice /system/sshd-keygen.
Feb 15 19:31:37 localhost.localdomain systemd[1]: Created slice Slice /system/systemd-zram-setup.
Feb 15 19:31:37 localhost.localdomain systemd[1]: Created slice User and Session Slice.
Feb 15 19:31:37 localhost.localdomain systemd[1]: Dispatch Password Requests to Console Directory Watch was skipped because of a failed condition check (ConditionPathExists=!/run/plymouth/pid).
Feb 15 19:31:37 localhost.localdomain systemd[1]: Set up automount Arbitrary Executable File Formats File System Automount Point.
Feb 15 19:31:37 localhost.localdomain systemd[1]: Reached target Local Encrypted Volumes.
Feb 15 19:31:37 localhost.localdomain systemd[1]: Stopped target Switch Root.
Feb 15 19:31:37 localhost.localdomain systemd[1]: Stopped target Initrd File Systems.
Feb 15 19:31:37 localhost.localdomain systemd[1]: Stopped target Initrd Root File System.
Feb 15 19:31:37 localhost.localdomain systemd[1]: Reached target Local Integrity Protected Volumes.
Feb 15 19:31:37 localhost.localdomain systemd[1]: Reached target Path Units.
Feb 15 19:31:37 localhost.localdomain systemd[1]: Reached target Slice Units.
Feb 15 19:31:37 localhost.localdomain systemd[1]: Reached target Local Verity Protected Volumes.
Feb 15 19:31:37 localhost.localdomain systemd[1]: Listening on LVM2 poll daemon socket.
Feb 15 19:31:37 localhost.localdomain systemd[1]: Listening on multipathd control socket.
Feb 15 19:31:37 localhost.localdomain systemd[1]: Listening on Process Core Dump Socket.
Feb 15 19:31:37 localhost.localdomain systemd[1]: Listening on initctl Compatibility Named Pipe.
Feb 15 19:31:37 localhost.localdomain systemd[1]: Listening on udev Control Socket.
Feb 15 19:31:37 localhost.localdomain systemd[1]: Listening on udev Kernel Socket.
Feb 15 19:31:37 localhost.localdomain systemd[1]: Mounting Huge Pages File System...
Feb 15 19:31:37 localhost.localdomain systemd[1]: Mounting POSIX Message Queue File System...
Feb 15 19:31:37 localhost.localdomain systemd[1]: Mounting Kernel Debug File System...
Feb 15 19:31:37 localhost.localdomain systemd[1]: Mounting Kernel Trace File System...
Feb 15 19:31:37 localhost.localdomain systemd[1]: Starting Create List of Static Device Nodes...
Feb 15 19:31:37 localhost.localdomain systemd[1]: Load legacy module configuration was skipped because all trigger condition checks failed.
Feb 15 19:31:37 localhost.localdomain systemd[1]: Starting Load Kernel Module configfs...
Feb 15 19:31:37 localhost.localdomain systemd[1]: Starting Load Kernel Module drm...
Feb 15 19:31:37 localhost.localdomain systemd[1]: Starting Load Kernel Module fuse...
Feb 15 19:31:37 localhost.localdomain systemd[1]: Read and set NIS domainname from /etc/sysconfig/network was skipped because of a failed condition check (ConditionPathExists=/etc/sysconfig/network).
Feb 15 19:31:37 localhost.localdomain systemd[1]: plymouth-switch-root.service: Deactivated successfully.
Feb 15 19:31:37 localhost.localdomain systemd[1]: Stopped Plymouth switch root service.
Feb 15 19:31:37 localhost.localdomain systemd[1]: Stopped Journal Service.
Feb 15 19:31:37 localhost.localdomain systemd[1]: Starting Journal Service...
Feb 15 19:31:37 localhost.localdomain systemd[1]: Starting Load Kernel Modules...
Feb 15 19:31:37 localhost.localdomain systemd[1]: Starting Generate network units from Kernel command line...
Feb 15 19:31:37 localhost.localdomain systemd[1]: Starting Remount Root and Kernel File Systems...
Feb 15 19:31:37 localhost.localdomain systemd[1]: Repartition Root Disk was skipped because all trigger condition checks failed.
Feb 15 19:31:37 localhost.localdomain systemd[1]: Starting Coldplug All udev Devices...
Feb 15 19:31:37 localhost.localdomain systemd[1]: Mounted Huge Pages File System.
Feb 15 19:31:37 localhost.localdomain systemd[1]: Mounted POSIX Message Queue File System.
Feb 15 19:31:37 localhost.localdomain systemd[1]: Mounted Kernel Debug File System.
Feb 15 19:31:37 localhost.localdomain systemd[1]: Mounted Kernel Trace File System.
Feb 15 19:31:37 localhost.localdomain systemd[1]: Finished Create List of Static Device Nodes.
Feb 15 19:31:37 localhost.localdomain systemd[1]: modprobe@configfs.service: Deactivated successfully.
Feb 15 19:31:37 localhost.localdomain systemd[1]: Finished Load Kernel Module configfs.
Feb 15 19:31:37 localhost.localdomain systemd[1]: modprobe@drm.service: Deactivated successfully.
Feb 15 19:31:37 localhost.localdomain systemd[1]: Finished Load Kernel Module drm.
Feb 15 19:31:37 localhost.localdomain systemd[1]: Mounting Kernel Configuration File System...
Feb 15 19:31:37 localhost.localdomain kernel: fuse: init (API version 7.36)
Feb 15 19:31:37 localhost.localdomain systemd[1]: modprobe@fuse.service: Deactivated successfully.
Feb 15 19:31:37 localhost.localdomain systemd[1]: Finished Load Kernel Module fuse.
Feb 15 19:31:37 localhost.localdomain systemd[1]: Mounted Kernel Configuration File System.
Feb 15 19:31:37 localhost.localdomain systemd[1]: Mounting FUSE Control File System...
Feb 15 19:31:37 localhost.localdomain systemd[1]: Mounted FUSE Control File System.
Feb 15 19:31:37 localhost.localdomain systemd[1]: Finished Generate network units from Kernel command line.
Feb 15 19:31:37 localhost.localdomain systemd[1]: Reached target Preparation for Network.
Feb 15 19:31:37 localhost.localdomain systemd[1]: Finished Remount Root and Kernel File Systems.
Feb 15 19:31:37 localhost.localdomain systemd[1]: Special handling of early boot iSCSI sessions was skipped because of a failed condition check (ConditionDirectoryNotEmpty=/sys/class/iscsi_session).
Feb 15 19:31:37 localhost.localdomain systemd[1]: OSTree Remount OS/ Bind Mounts was skipped because of a failed condition check (ConditionKernelCommandLine=ostree).
Feb 15 19:31:37 localhost.localdomain systemd[1]: First Boot Wizard was skipped because of a failed condition check (ConditionFirstBoot=yes).
Feb 15 19:31:37 localhost.localdomain systemd[1]: Starting Rebuild Hardware Database...
Feb 15 19:31:37 localhost.localdomain systemd[1]: Starting Load/Save Random Seed...
Feb 15 19:31:37 localhost.localdomain systemd[1]: Starting Create System Users...
Feb 15 19:31:37 localhost.localdomain systemd[1]: Finished Load Kernel Modules.
Feb 15 19:31:37 localhost.localdomain systemd-journald[1546]: Journal started
Feb 15 19:31:37 localhost.localdomain systemd-journald[1546]: Runtime Journal (/run/log/journal/882f73f4b2f541ea8df360a95a13d9bb) is 8.0M, max 158.6M, 150.6M free.
Feb 15 19:31:36 localhost.localdomain systemd[1]: Queued start job for default target Anaconda System Services.
Feb 15 19:31:36 localhost.localdomain systemd[1]: systemd-journald.service: Deactivated successfully.
Feb 15 19:31:37 localhost.localdomain systemd-modules-load[1547]: Module 'msr' is built in
Feb 15 19:31:37 localhost.localdomain systemd[1]: Starting Apply Kernel Variables...
Feb 15 19:31:37 localhost.localdomain systemd[1]: Started Journal Service.
Feb 15 19:31:37 localhost.localdomain systemd[1]: Starting Flush Journal to Persistent Storage...
Feb 15 19:31:37 localhost.localdomain systemd[1]: Finished Load/Save Random Seed.
Feb 15 19:31:37 localhost.localdomain systemd[1]: First Boot Complete was skipped because of a failed condition check (ConditionFirstBoot=yes).
Feb 15 19:31:37 localhost.localdomain systemd-journald[1546]: Runtime Journal (/run/log/journal/882f73f4b2f541ea8df360a95a13d9bb) is 8.0M, max 158.6M, 150.6M free.
Feb 15 19:31:37 localhost.localdomain systemd-journald[1546]: Received client request to flush runtime journal.
Feb 15 19:31:37 localhost.localdomain systemd[1]: Finished Flush Journal to Persistent Storage.
Feb 15 19:31:37 localhost.localdomain systemd[1]: Finished Apply Kernel Variables.
Feb 15 19:31:37 localhost.localdomain systemd[1]: Finished Coldplug All udev Devices.
Feb 15 19:31:37 localhost.localdomain systemd[1]: Starting Wait for udev To Complete Device Initialization...
Feb 15 19:31:37 localhost.localdomain systemd-sysusers[1555]: Creating group 'sgx' with GID 990.
Feb 15 19:31:37 localhost.localdomain systemd-sysusers[1555]: Creating group 'systemd-oom' with GID 989.
Feb 15 19:31:37 localhost.localdomain systemd-sysusers[1555]: Creating user 'systemd-oom' (systemd Userspace OOM Killer) with UID 989 and GID 989.
Feb 15 19:31:37 localhost.localdomain systemd[1]: Finished Create System Users.
Feb 15 19:31:37 localhost.localdomain systemd[1]: Starting Create Static Device Nodes in /dev...
Feb 15 19:31:37 localhost.localdomain systemd[1]: Finished Create Static Device Nodes in /dev.
Feb 15 19:31:37 localhost.localdomain systemd[1]: Finished Rebuild Hardware Database.
Feb 15 19:31:37 localhost.localdomain systemd[1]: Starting Rule-based Manager for Device Events and Files...
Feb 15 19:31:37 localhost.localdomain systemd[1]: Started Rule-based Manager for Device Events and Files.
Feb 15 19:31:37 localhost.localdomain systemd[1]: Starting Load Kernel Module configfs...
Feb 15 19:31:37 localhost.localdomain systemd[1]: modprobe@configfs.service: Deactivated successfully.
Feb 15 19:31:37 localhost.localdomain systemd[1]: Finished Load Kernel Module configfs.
Feb 15 19:31:37 localhost.localdomain kernel: piix4_smbus 0000:00:01.3: SMBus Host Controller at 0xb100, revision 0
Feb 15 19:31:37 localhost.localdomain kernel: input: PC Speaker as /devices/platform/pcspkr/input/input5
Feb 15 19:31:37 localhost.localdomain systemd-udevd[1576]: Using default interface naming scheme 'rhel-9.1'.
Feb 15 19:31:37 localhost.localdomain systemd[1]: Found device /dev/zram0.
Feb 15 19:31:37 localhost.localdomain systemd[1]: Starting Create swap on /dev/zram0...
Feb 15 19:31:37 localhost.localdomain kernel: zram0: detected capacity change from 0 to 16242688
Feb 15 19:31:37 localhost.localdomain zram-generator[1591]: Setting up swapspace version 1, size = 7.7 GiB (8316252160 bytes)
Feb 15 19:31:37 localhost.localdomain zram-generator[1591]: LABEL=zram0, UUID=f78714c8-60ad-4e2b-ba97-80ee65987cc3
Feb 15 19:31:37 localhost.localdomain systemd-makefs[1590]: /dev/zram0 successfully formatted as swap (label "zram0", uuid f78714c8-60ad-4e2b-ba97-80ee65987cc3)
Feb 15 19:31:37 localhost.localdomain systemd[1]: Finished Create swap on /dev/zram0.
Feb 15 19:31:37 localhost.localdomain systemd[1]: Activating swap Compressed Swap on /dev/zram0...
Feb 15 19:31:37 localhost.localdomain kernel: Adding 8121340k swap on /dev/zram0.  Priority:100 extents:1 across:8121340k SSFS
Feb 15 19:31:37 localhost.localdomain systemd[1]: Activated swap Compressed Swap on /dev/zram0.
Feb 15 19:31:37 localhost.localdomain systemd[1]: Reached target Swaps.
Feb 15 19:31:37 localhost.localdomain systemd[1]: Mounting Temporary Directory /tmp...
Feb 15 19:31:37 localhost.localdomain systemd[1]: Mounted Temporary Directory /tmp.
Feb 15 19:31:37 localhost.localdomain systemd[1]: Listening on Load/Save RF Kill Switch Status /dev/rfkill Watch.
Feb 15 19:31:37 localhost.localdomain udevadm[1560]: systemd-udev-settle.service is deprecated. Please fix anaconda.target, anaconda-pre.service, multipathd.service, anaconda-direct.service not to pull it in.
Feb 15 19:31:37 localhost.localdomain kernel: RAPL PMU: API unit is 2^-32 Joules, 0 fixed counters, 10737418240 ms ovfl timer
Feb 15 19:31:37 localhost.localdomain systemd-udevd[1574]: ctx=0x55f9bef46eb0 path=/lib/modules/5.14.0-162.6.1.el9_1.x86_64/kernel/arch/x86/kvm/kvm.ko.xz error=No such file or directory
Feb 15 19:31:38 localhost.localdomain systemd-udevd[1603]: No TPM handle discovered.
Feb 15 19:31:38 localhost.localdomain systemd-udevd[1603]: failed to open file /etc/ndctl/keys/nvdimm-master.blob: No such file or directory
Feb 15 19:31:38 localhost.localdomain systemd[1]: Finished Wait for udev To Complete Device Initialization.
Feb 15 19:31:38 localhost.localdomain systemd[1]: Starting Device-Mapper Multipath Device Controller...
Feb 15 19:31:38 localhost.localdomain multipathd[1615]: --------start up--------
Feb 15 19:31:38 localhost.localdomain multipathd[1615]: read /etc/multipath.conf
Feb 15 19:31:38 localhost.localdomain multipathd[1615]: path checkers start up
Feb 15 19:31:38 localhost.localdomain systemd[1]: Started Device-Mapper Multipath Device Controller.
Feb 15 19:31:38 localhost.localdomain systemd[1]: Reached target Preparation for Local File Systems.
Feb 15 19:31:38 localhost.localdomain systemd[1]: Reached target Local File Systems.
Feb 15 19:31:38 localhost.localdomain systemd[1]: Starting Import network configuration from initramfs...
Feb 15 19:31:38 localhost.localdomain systemd[1]: Starting Rebuild Dynamic Linker Cache...
Feb 15 19:31:38 localhost.localdomain systemd[1]: Starting Tell Plymouth To Write Out Runtime Data...
Feb 15 19:31:38 localhost.localdomain systemd[1]: Mark the need to relabel after reboot was skipped because of a failed condition check (ConditionSecurity=!selinux).
Feb 15 19:31:38 localhost.localdomain systemd[1]: Set Up Additional Binary Formats was skipped because all trigger condition checks failed.
Feb 15 19:31:38 localhost.localdomain systemd[1]: Commit a transient machine-id on disk was skipped because of a failed condition check (ConditionPathIsMountPoint=/etc/machine-id).
Feb 15 19:31:38 localhost.localdomain systemd[1]: Received SIGRTMIN+20 from PID 963 (plymouthd).
Feb 15 19:31:38 localhost.localdomain systemd[1]: Finished Tell Plymouth To Write Out Runtime Data.
Feb 15 19:31:38 localhost.localdomain systemd[1]: Finished Import network configuration from initramfs.
Feb 15 19:31:38 localhost.localdomain systemd[1]: Starting Create Volatile Files and Directories...
Feb 15 19:31:38 localhost.localdomain systemd[1]: Finished Create Volatile Files and Directories.
Feb 15 19:31:38 localhost.localdomain systemd[1]: Starting Rebuild Journal Catalog...
Feb 15 19:31:38 localhost.localdomain systemd[1]: Starting Record System Boot/Shutdown in UTMP...
Feb 15 19:31:38 localhost.localdomain systemd[1]: Finished Record System Boot/Shutdown in UTMP.
Feb 15 19:31:38 localhost.localdomain systemd[1]: Finished Rebuild Journal Catalog.
Feb 15 19:31:39 localhost.localdomain systemd[1]: Finished Rebuild Dynamic Linker Cache.
Feb 15 19:31:39 localhost.localdomain systemd[1]: Starting Update is Completed...
Feb 15 19:31:39 localhost.localdomain systemd[1]: Finished Update is Completed.
Feb 15 19:31:39 localhost.localdomain systemd[1]: Reached target System Initialization.
Feb 15 19:31:39 localhost.localdomain systemd[1]: Started Daily Cleanup of Temporary Directories.
Feb 15 19:31:39 localhost.localdomain systemd[1]: Reached target Timer Units.
Feb 15 19:31:39 localhost.localdomain systemd[1]: Listening on D-Bus System Message Bus Socket.
Feb 15 19:31:39 localhost.localdomain systemd[1]: Listening on Open-iSCSI iscsid Socket.
Feb 15 19:31:39 localhost.localdomain systemd[1]: Listening on Open-iSCSI iscsiuio Socket.
Feb 15 19:31:39 localhost.localdomain systemd[1]: Reached target Socket Units.
Feb 15 19:31:39 localhost.localdomain systemd[1]: Reached target Basic System.
Feb 15 19:31:39 localhost.localdomain systemd[1]: Anaconda FIPS service was skipped because of a failed condition check (ConditionKernelCommandLine=fips=1).
Feb 15 19:31:39 localhost.localdomain systemd[1]: Starting Anaconda NetworkManager configuration...
Feb 15 19:31:39 localhost.localdomain systemd[1]: Starting NetworkManager autoconnections configuration for Anaconda installation environment...
Feb 15 19:31:39 localhost.localdomain systemd[1]: Starting pre-anaconda logging service...
Feb 15 19:31:39 localhost.localdomain systemd[1]: Starting Restore /run/initramfs on shutdown...
Feb 15 19:31:39 localhost.localdomain systemd[1]: anaconda performance monitor was skipped because of a failed condition check (ConditionKernelCommandLine=debug).
Feb 15 19:31:39 localhost.localdomain systemd[1]: Auto-connect to subsystems on FC-NVME devices found during boot was skipped because of a failed condition check (ConditionPathExists=/sys/class/fc/fc_udev_device/nvme_discovery).
Feb 15 19:31:39 localhost.localdomain systemd[1]: Starting Hold until boot process finishes up...
Feb 15 19:31:39 localhost.localdomain systemd[1]: Starting Terminate Plymouth Boot Screen...
Feb 15 19:31:39 localhost.localdomain systemd[1]: Starting System Logging Service...
Feb 15 19:31:39 localhost.localdomain systemd[1]: Starting OpenSSH ecdsa Server Key Generation...
Feb 15 19:31:39 localhost.localdomain systemd[1]: Starting OpenSSH ed25519 Server Key Generation...
Feb 15 19:31:39 localhost.localdomain systemd[1]: Starting OpenSSH rsa Server Key Generation...
Feb 15 19:31:39 localhost.localdomain systemd[1]: Starting User Login Management...
Feb 15 19:31:39 localhost.localdomain systemd[1]: anaconda-nm-config.service: Deactivated successfully.
Feb 15 19:31:39 localhost.localdomain systemd[1]: Finished Anaconda NetworkManager configuration.
Feb 15 19:31:39 localhost.localdomain systemd[1]: anaconda-nm-disable-autocons.service: Deactivated successfully.
Feb 15 19:31:39 localhost.localdomain systemd[1]: Finished NetworkManager autoconnections configuration for Anaconda installation environment.
Feb 15 19:31:39 localhost.localdomain systemd[1]: Finished Restore /run/initramfs on shutdown.
Feb 15 19:31:39 localhost.localdomain systemd[1]: Finished Hold until boot process finishes up.
Feb 15 19:31:39 localhost.localdomain systemd[1]: Finished Terminate Plymouth Boot Screen.
Feb 15 19:31:39 localhost.localdomain systemd[1]: Received SIGRTMIN+21 from PID 963 (n/a).
Feb 15 19:31:39 localhost.localdomain systemd[1]: Received SIGRTMIN+21 from PID 963 (n/a).
Feb 15 19:31:39 localhost.localdomain systemd[1]: Starting Network Manager...
Feb 15 19:31:39 localhost.localdomain systemd[1]: anaconda-pre.service: Deactivated successfully.
Feb 15 19:31:39 localhost.localdomain systemd[1]: Finished pre-anaconda logging service.
Feb 15 19:31:40 localhost.localdomain systemd[1]: Starting D-Bus System Message Bus...
Feb 15 19:31:40 localhost.localdomain systemd-logind[1661]: New seat seat0.
Feb 15 19:31:40 localhost.localdomain systemd-logind[1661]: Watching system buttons on /dev/input/event0 (Power Button)
Feb 15 19:31:40 localhost.localdomain systemd-logind[1661]: Watching system buttons on /dev/input/event1 (AT Translated Set 2 keyboard)
Feb 15 19:31:40 localhost.localdomain rsyslogd[1653]: warning: ~ action is deprecated, consider using the 'stop' statement instead [v8.2102.0-105.el9 try https://www.rsyslog.com/e/2307 ]
Feb 15 19:31:40 localhost.localdomain systemd[1]: Started System Logging Service.
Feb 15 19:31:40 localhost.localdomain rsyslogd[1653]: imfile: no working or state file directory set, imfile will create state files in the current working directory (probably the root dir). Use global(workDirectory="/some/path") to set the working directory [v8.2102.0-105.el9 try https://www.rsyslog.com/e/2450 ]
Feb 15 19:31:40 localhost.localdomain rsyslogd[1653]: imfile: on startup file '/tmp/X.log' does not exist but is configured in static file monitor - this may indicate a misconfiguration. If the file appears at a later time, it will automatically be processed. Reason: No such file or directory [v8.2102.0-105.el9]
Feb 15 19:31:40 localhost.localdomain rsyslogd[1653]: imfile: on startup file '/tmp/anaconda-tb-all.log' does not exist but is configured in static file monitor - this may indicate a misconfiguration. If the file appears at a later time, it will automatically be processed. Reason: No such file or directory [v8.2102.0-105.el9]
Feb 15 19:31:40 localhost.localdomain rsyslogd[1653]: [origin software="rsyslogd" swVersion="8.2102.0-105.el9" x-pid="1653" x-info="https://www.rsyslog.com"] start
Feb 15 19:31:40 localhost.localdomain rsyslogd[1653]: imjournal: No statefile exists, /imjournal.state will be created (ignore if this is first run): No such file or directory [v8.2102.0-105.el9 try https://www.rsyslog.com/e/2040 ]
Feb 15 19:31:40 localhost.localdomain rsyslogd[1653]: imjournal: journal files changed, reloading...  [v8.2102.0-105.el9 try https://www.rsyslog.com/e/0 ]
Feb 15 19:31:40 localhost.localdomain systemd[1]: sshd-keygen@ed25519.service: Deactivated successfully.
Feb 15 19:31:40 localhost.localdomain systemd[1]: Finished OpenSSH ed25519 Server Key Generation.
Feb 15 19:31:40 localhost.localdomain systemd[1]: sshd-keygen@ecdsa.service: Deactivated successfully.
Feb 15 19:31:40 localhost.localdomain systemd[1]: Finished OpenSSH ecdsa Server Key Generation.
Feb 15 19:31:40 localhost.localdomain NetworkManager[1662]: <debug> [1676489500.3666] monotonic timestamp started counting 1.308892184 seconds ago with an offset of 17.0 seconds to CLOCK_BOOTTIME (local time is 2023-02-15 19:31:40)
